Component: ARM Compiler 5.06 update 4 (build 422) Tool: armlink [4d35d2]

==============================================================================

Section Cross References

    stm32f4xx_ll_usb.o(i.USB_ActivateDedicatedEndpoint) refers to stm32f4xx_ll_usb.o(.data) for .data
    stm32f4xx_ll_usb.o(i.USB_CoreInit) refers to stm32f4xx_ll_usb.o(i.USB_CoreReset) for USB_CoreReset
    stm32f4xx_ll_usb.o(i.USB_DeactivateDedicatedEndpoint) refers to stm32f4xx_ll_usb.o(i.USB_FlushTxFifo) for USB_FlushTxFifo
    stm32f4xx_ll_usb.o(i.USB_DeactivateEndpoint) refers to stm32f4xx_ll_usb.o(i.USB_FlushTxFifo) for USB_FlushTxFifo
    stm32f4xx_ll_usb.o(i.USB_DevConnect) refers to stm32f4xx_hal.o(i.HAL_Delay) for HAL_Delay
    stm32f4xx_ll_usb.o(i.USB_DevDisconnect) refers to stm32f4xx_hal.o(i.HAL_Delay) for HAL_Delay
    stm32f4xx_ll_usb.o(i.USB_DevInit) refers to stm32f4xx_ll_usb.o(i.USB_FlushTxFifo) for USB_FlushTxFifo
    stm32f4xx_ll_usb.o(i.USB_DevInit) refers to stm32f4xx_ll_usb.o(i.USB_FlushRxFifo) for USB_FlushRxFifo
    stm32f4xx_ll_usb.o(i.USB_EPStartXfer) refers to stm32f4xx_ll_usb.o(i.USB_WritePacket) for USB_WritePacket
    stm32f4xx_ll_usb.o(i.USB_HC_StartXfer) refers to stm32f4xx_ll_usb.o(i.USB_DoPing) for USB_DoPing
    stm32f4xx_ll_usb.o(i.USB_HC_StartXfer) refers to stm32f4xx_ll_usb.o(i.USB_WritePacket) for USB_WritePacket
    stm32f4xx_ll_usb.o(i.USB_HostInit) refers to stm32f4xx_ll_usb.o(i.USB_FlushTxFifo) for USB_FlushTxFifo
    stm32f4xx_ll_usb.o(i.USB_HostInit) refers to stm32f4xx_ll_usb.o(i.USB_FlushRxFifo) for USB_FlushRxFifo
    stm32f4xx_ll_usb.o(i.USB_HostInit) refers to stm32f4xx_ll_usb.o(i.USB_DriveVbus) for USB_DriveVbus
    stm32f4xx_ll_usb.o(i.USB_HostInit) refers to stm32f4xx_hal.o(i.HAL_Delay) for HAL_Delay
    stm32f4xx_ll_usb.o(i.USB_ResetPort) refers to stm32f4xx_hal.o(i.HAL_Delay) for HAL_Delay
    stm32f4xx_ll_usb.o(i.USB_SetCurrentMode) refers to stm32f4xx_hal.o(i.HAL_Delay) for HAL_Delay
    stm32f4xx_ll_usb.o(i.USB_StopDevice) refers to stm32f4xx_ll_usb.o(i.USB_FlushRxFifo) for USB_FlushRxFifo
    stm32f4xx_ll_usb.o(i.USB_StopDevice) refers to stm32f4xx_ll_usb.o(i.USB_FlushTxFifo) for USB_FlushTxFifo
    stm32f4xx_ll_usb.o(i.USB_StopHost) refers to stm32f4xx_ll_usb.o(i.USB_FlushTxFifo) for USB_FlushTxFifo
    stm32f4xx_ll_usb.o(i.USB_StopHost) refers to stm32f4xx_ll_usb.o(i.USB_FlushRxFifo) for USB_FlushRxFifo
    stm32f4xx_hal_dma.o(i.DMA_CalcBaseAndBitshift) refers to stm32f4xx_hal_dma.o(.constdata) for .constdata
    stm32f4xx_hal_dma.o(i.HAL_DMA_Abort) refers to stm32f4xx_hal.o(i.HAL_GetTick) for HAL_GetTick
    stm32f4xx_hal_dma.o(i.HAL_DMA_DeInit) refers to stm32f4xx_hal_dma.o(i.DMA_CalcBaseAndBitshift) for DMA_CalcBaseAndBitshift
    stm32f4xx_hal_dma.o(i.HAL_DMA_IRQHandler) refers to system_stm32f4xx.o(.data) for SystemCoreClock
    stm32f4xx_hal_dma.o(i.HAL_DMA_Init) refers to stm32f4xx_hal.o(i.HAL_GetTick) for HAL_GetTick
    stm32f4xx_hal_dma.o(i.HAL_DMA_Init) refers to stm32f4xx_hal_dma.o(i.DMA_CheckFifoParam) for DMA_CheckFifoParam
    stm32f4xx_hal_dma.o(i.HAL_DMA_Init) refers to stm32f4xx_hal_dma.o(i.DMA_CalcBaseAndBitshift) for DMA_CalcBaseAndBitshift
    stm32f4xx_hal_dma.o(i.HAL_DMA_PollForTransfer) refers to stm32f4xx_hal.o(i.HAL_GetTick) for HAL_GetTick
    stm32f4xx_hal_dma.o(i.HAL_DMA_PollForTransfer) refers to stm32f4xx_hal_dma.o(i.HAL_DMA_Abort) for HAL_DMA_Abort
    stm32f4xx_hal_dma.o(i.HAL_DMA_Start) refers to stm32f4xx_hal_dma.o(i.DMA_SetConfig) for DMA_SetConfig
    stm32f4xx_hal_dma.o(i.HAL_DMA_Start_IT) refers to stm32f4xx_hal_dma.o(i.DMA_SetConfig) for DMA_SetConfig
    stm32f4xx_hal_flash_ex.o(i.HAL_FLASHEx_Erase) refers to stm32f4xx_hal_flash.o(i.FLASH_WaitForLastOperation) for FLASH_WaitForLastOperation
    stm32f4xx_hal_flash_ex.o(i.HAL_FLASHEx_Erase) refers to stm32f4xx_hal_flash_ex.o(i.FLASH_MassErase) for FLASH_MassErase
    stm32f4xx_hal_flash_ex.o(i.HAL_FLASHEx_Erase) refers to stm32f4xx_hal_flash_ex.o(i.FLASH_Erase_Sector) for FLASH_Erase_Sector
    stm32f4xx_hal_flash_ex.o(i.HAL_FLASHEx_Erase) refers to stm32f4xx_hal_flash_ex.o(i.FLASH_FlushCaches) for FLASH_FlushCaches
    stm32f4xx_hal_flash_ex.o(i.HAL_FLASHEx_Erase) refers to stm32f4xx_hal_flash.o(.bss) for pFlash
    stm32f4xx_hal_flash_ex.o(i.HAL_FLASHEx_Erase_IT) refers to stm32f4xx_hal_flash_ex.o(i.FLASH_Erase_Sector) for FLASH_Erase_Sector
    stm32f4xx_hal_flash_ex.o(i.HAL_FLASHEx_Erase_IT) refers to stm32f4xx_hal_flash_ex.o(i.FLASH_MassErase) for FLASH_MassErase
    stm32f4xx_hal_flash_ex.o(i.HAL_FLASHEx_Erase_IT) refers to stm32f4xx_hal_flash.o(.bss) for pFlash
    stm32f4xx_hal_flash_ex.o(i.HAL_FLASHEx_OBProgram) refers to stm32f4xx_hal_flash.o(i.FLASH_WaitForLastOperation) for FLASH_WaitForLastOperation
    stm32f4xx_hal_flash_ex.o(i.HAL_FLASHEx_OBProgram) refers to stm32f4xx_hal_flash.o(.bss) for pFlash
    stm32f4xx_hal_pcd.o(i.HAL_PCD_DeInit) refers to stm32f4xx_hal_pcd.o(i.HAL_PCD_Stop) for HAL_PCD_Stop
[...]
    Removing stm32f4xx_hal_gpio.o(i.HAL_GPIO_LockPin), (34 bytes).
    Removing stm32f4xx_hal_gpio.o(i.HAL_GPIO_ReadPin), (10 bytes).
    Removing stm32f4xx_hal_gpio.o(i.HAL_GPIO_TogglePin), (8 bytes).
    Removing stm32f4xx_hal_gpio.o(i.HAL_GPIO_WritePin), (10 bytes).
    Removing stm32f4xx_hal_dma_ex.o(.rev16_text), (4 bytes).
    Removing stm32f4xx_hal_dma_ex.o(.revsh_text), (4 bytes).
    Removing stm32f4xx_hal_dma_ex.o(.rrx_text), (6 bytes).
    Removing stm32f4xx_hal_dma_ex.o(i.DMA_MultiBufferSetConfig), (30 bytes).
    Removing stm32f4xx_hal_dma_ex.o(i.HAL_DMAEx_ChangeMemory), (14 bytes).
    Removing stm32f4xx_hal_dma_ex.o(i.HAL_DMAEx_MultiBufferStart), (100 bytes).
    Removing stm32f4xx_hal_dma_ex.o(i.HAL_DMAEx_MultiBufferStart_IT), (2452 bytes).
    Removing stm32f4xx_hal.o(.rev16_text), (4 bytes).
    Removing stm32f4xx_hal.o(.revsh_text), (4 bytes).
    Removing stm32f4xx_hal.o(.rrx_text), (6 bytes).
    Removing stm32f4xx_hal.o(i.HAL_DBGMCU_DisableDBGSleepMode), (16 bytes).
    Removing stm32f4xx_hal.o(i.HAL_DBGMCU_DisableDBGStandbyMode), (16 bytes).
    Removing stm32f4xx_hal.o(i.HAL_DBGMCU_DisableDBGStopMode), (16 bytes).
    Removing stm32f4xx_hal.o(i.HAL_DBGMCU_EnableDBGSleepMode), (16 bytes).
    Removing stm32f4xx_hal.o(i.HAL_DBGMCU_EnableDBGStandbyMode), (16 bytes).
    Removing stm32f4xx_hal.o(i.HAL_DBGMCU_EnableDBGStopMode), (16 bytes).
    Removing stm32f4xx_hal.o(i.HAL_DeInit), (52 bytes).
    Removing stm32f4xx_hal.o(i.HAL_DisableCompensationCell), (28 bytes).
    Removing stm32f4xx_hal.o(i.HAL_EnableCompensationCell), (28 bytes).
    Removing stm32f4xx_hal.o(i.HAL_GetDEVID), (16 bytes).
    Removing stm32f4xx_hal.o(i.HAL_GetHalVersion), (8 bytes).
    Removing stm32f4xx_hal.o(i.HAL_GetREVID), (12 bytes).
    Removing stm32f4xx_hal.o(i.HAL_GetUID), (28 bytes).
    Removing stm32f4xx_hal.o(i.HAL_MspDeInit), (2 bytes).
    Removing stm32f4xx_hal.o(i.HAL_MspInit), (2 bytes).
    Removing stm32f4xx_hal.o(i.HAL_ResumeTick), (14 bytes).
    Removing stm32f4xx_hal.o(i.HAL_SuspendTick), (14 bytes).
    Removing stm32f4xx_hal_rcc.o(.rev16_text), (4 bytes).
    Removing stm32f4xx_hal_rcc.o(.revsh_text), (4 bytes).
    Removing stm32f4xx_hal_rcc.o(.rrx_text), (6 bytes).
    Removing stm32f4xx_hal_rcc.o(i.HAL_RCC_CSSCallback), (2 bytes).
    Removing stm32f4xx_hal_rcc.o(i.HAL_RCC_DeInit), (2 bytes).
    Removing stm32f4xx_hal_rcc.o(i.HAL_RCC_DisableCSS), (12 bytes).
    Removing stm32f4xx_hal_rcc.o(i.HAL_RCC_EnableCSS), (12 bytes).
    Removing stm32f4xx_hal_rcc.o(i.HAL_RCC_GetClockConfig), (64 bytes).
    Removing stm32f4xx_hal_rcc.o(i.HAL_RCC_GetOscConfig), (232 bytes).
    Removing stm32f4xx_hal_rcc.o(i.HAL_RCC_GetPCLK1Freq), (48 bytes).
    Removing stm32f4xx_hal_rcc.o(i.HAL_RCC_GetPCLK2Freq), (48 bytes).
    Removing stm32f4xx_hal_rcc.o(i.HAL_RCC_MCOConfig), (140 bytes).
    Removing stm32f4xx_hal_rcc.o(i.HAL_RCC_NMI_IRQHandler), (28 bytes).
    Removing stm32f4xx_hal_pwr_ex.o(.rev16_text), (4 bytes).
    Removing stm32f4xx_hal_pwr_ex.o(.revsh_text), (4 bytes).
    Removing stm32f4xx_hal_pwr_ex.o(.rrx_text), (6 bytes).
    Removing stm32f4xx_hal_pwr_ex.o(i.HAL_PWREx_ControlVoltageScaling), (88 bytes).
    Removing stm32f4xx_hal_pwr_ex.o(i.HAL_PWREx_DisableBkUpReg), (76 bytes).
    Removing stm32f4xx_hal_pwr_ex.o(i.HAL_PWREx_DisableFlashPowerDown), (28 bytes).
    Removing stm32f4xx_hal_pwr_ex.o(i.HAL_PWREx_EnableBkUpReg), (76 bytes).
    Removing stm32f4xx_hal_pwr_ex.o(i.HAL_PWREx_EnableFlashPowerDown), (24 bytes).
    Removing stm32f4xx_hal_pwr_ex.o(i.HAL_PWREx_GetVoltageRange), (16 bytes).
    Removing stm32f4xx_hal_tim_ex.o(.rev16_text), (4 bytes).
    Removing stm32f4xx_hal_tim_ex.o(.revsh_text), (4 bytes).
    Removing stm32f4xx_hal_tim_ex.o(.rrx_text), (6 bytes).
    Removing stm32f4xx_hal_cortex.o(.rev16_text), (4 bytes).
    Removing stm32f4xx_hal_cortex.o(.revsh_text), (4 bytes).
    Removing stm32f4xx_hal_cortex.o(.rrx_text), (6 bytes).
    Removing stm32f4xx_hal_cortex.o(i.HAL_MPU_ConfigRegion), (84 bytes).
    Removing stm32f4xx_hal_cortex.o(i.HAL_MPU_Disable), (28 bytes).
    Removing stm32f4xx_hal_cortex.o(i.HAL_MPU_Enable), (36 bytes).
    Removing stm32f4xx_hal_cortex.o(i.HAL_NVIC_ClearPendingIRQ), (22 bytes).
    Removing stm32f4xx_hal_cortex.o(i.HAL_NVIC_DisableIRQ), (22 bytes).
    Removing stm32f4xx_hal_cortex.o(i.HAL_NVIC_GetActive), (32 bytes).
    Removing stm32f4xx_hal_cortex.o(i.HAL_NVIC_GetPendingIRQ), (32 bytes).
    Removing stm32f4xx_hal_cortex.o(i.HAL_NVIC_GetPriority), (82 bytes).
    Removing stm32f4xx_hal_cortex.o(i.HAL_NVIC_GetPriorityGrouping), (16 bytes).
    Removing stm32f4xx_hal_cortex.o(i.HAL_NVIC_SetPendingIRQ), (22 bytes).
    Removing stm32f4xx_hal_cortex.o(i.HAL_NVIC_SystemReset), (36 bytes).
    Removing stm32f4xx_hal_flash_ramfunc.o(.rev16_text), (4 bytes).
    Removing stm32f4xx_hal_flash_ramfunc.o(.revsh_text), (4 bytes).
    Removing stm32f4xx_hal_flash_ramfunc.o(.rrx_text), (6 bytes).
    Removing system_stm32f4xx.o(.rev16_text), (4 bytes).
    Removing system_stm32f4xx.o(.revsh_text), (4 bytes).
    Removing system_stm32f4xx.o(.rrx_text), (6 bytes).
    Removing system_stm32f4xx.o(i.SystemCoreClockUpdate), (120 bytes).
    Removing system_stm32f4xx.o(.constdata), (8 bytes).
    Removing stm32f4xx_it.o(.rev16_text), (4 bytes).
    Removing stm32f4xx_it.o(.revsh_text), (4 bytes).
    Removing stm32f4xx_it.o(.rrx_text), (6 bytes).
    Removing usb_device.o(.rev16_text), (4 bytes).
    Removing usb_device.o(.revsh_text), (4 bytes).
    Removing usb_device.o(.rrx_text), (6 bytes).
    Removing stm32f4xx_hal_msp.o(.rev16_text), (4 bytes).
    Removing stm32f4xx_hal_msp.o(.revsh_text), (4 bytes).
    Removing stm32f4xx_hal_msp.o(.rrx_text), (6 bytes).
    Removing usbd_desc.o(.rev16_text), (4 bytes).
    Removing usbd_desc.o(.revsh_text), (4 bytes).
    Removing usbd_desc.o(.rrx_text), (6 bytes).
    Removing usbd_conf.o(.rev16_text), (4 bytes).
    Removing usbd_conf.o(.revsh_text), (4 bytes).
    Removing usbd_conf.o(.rrx_text), (6 bytes).
    Removing usbd_conf.o(i.HAL_PCD_MspDeInit), (52 bytes).
    Removing usbd_conf.o(i.USBD_LL_DeInit), (32 bytes).
    Removing usbd_conf.o(i.USBD_LL_Delay), (4 bytes).
    Removing usbd_conf.o(i.USBD_LL_FlushEP), (32 bytes).
    Removing usbd_conf.o(i.USBD_LL_Stop), (32 bytes).
    Removing usbd_cdc_if.o(.rev16_text), (4 bytes).
    Removing usbd_cdc_if.o(.revsh_text), (4 bytes).
    Removing usbd_cdc_if.o(.rrx_text), (6 bytes).
    Removing main.o(.rev16_text), (4 bytes).
    Removing main.o(.revsh_text), (4 bytes).
    Removing main.o(.rrx_text), (6 bytes).
    Removing usbd_core.o(.rev16_text), (4 bytes).
    Removing usbd_core.o(.revsh_text), (4 bytes).
    Removing usbd_core.o(.rrx_text), (6 bytes).
    Removing usbd_core.o(i.USBD_DeInit), (38 bytes).
    Removing usbd_core.o(i.USBD_RunTestMode), (4 bytes).
    Removing usbd_core.o(i.USBD_Stop), (26 bytes).
    Removing usbd_cdc.o(.rev16_text), (4 bytes).
    Removing usbd_cdc.o(.revsh_text), (4 bytes).
    Removing usbd_cdc.o(.rrx_text), (6 bytes).
    Removing usbd_ioreq.o(.rev16_text), (4 bytes).
    Removing usbd_ioreq.o(.revsh_text), (4 bytes).
    Removing usbd_ioreq.o(.rrx_text), (6 bytes).
    Removing usbd_ioreq.o(i.USBD_GetRxCount), (10 bytes).
    Removing usbd_ctlreq.o(.rev16_text), (4 bytes).
    Removing usbd_ctlreq.o(.revsh_text), (4 bytes).
    Removing usbd_ctlreq.o(.rrx_text), (6 bytes).

254 unused section(s) (total 12298 bytes) removed from the image.

==============================================================================

Image Symbol Table

    Local Symbols

    Symbol Name                              Value     Ov Type        Size  Object(Section)

    ../Drivers/STM32F4xx_HAL_Driver/Src/stm32f4xx_hal.c 0x00000000   Number         0  stm32f4xx_hal.o ABSOLUTE
    ../Drivers/STM32F4xx_HAL_Driver/Src/stm32f4xx_hal_cortex.c 0x00000000   Number         0  stm32f4xx_hal_cortex.o ABSOLUTE
    ../Drivers/STM32F4xx_HAL_Driver/Src/stm32f4xx_hal_dma.c 0x00000000   Number         0  stm32f4xx_hal_dma.o ABSOLUTE
    ../Drivers/STM32F4xx_HAL_Driver/Src/stm32f4xx_hal_dma_ex.c 0x00000000   Number         0  stm32f4xx_hal_dma_ex.o ABSOLUTE
    ../Drivers/STM32F4xx_HAL_Driver/Src/stm32f4xx_hal_flash.c 0x00000000   Number         0  stm32f4xx_hal_flash.o ABSOLUTE
    ../Drivers/STM32F4xx_HAL_Driver/Src/stm32f4xx_hal_flash_ex.c 0x00000000   Number         0  stm32f4xx_hal_flash_ex.o ABSOLUTE
    ../Drivers/STM32F4xx_HAL_Driver/Src/stm32f4xx_hal_flash_ramfunc.c 0x00000000   Number         0  stm32f4xx_hal_flash_ramfunc.o ABSOLUTE
    ../Drivers/STM32F4xx_HAL_Driver/Src/stm32f4xx_hal_gpio.c 0x00000000   Number         0  stm32f4xx_hal_gpio.o ABSOLUTE
    ../Drivers/STM32F4xx_HAL_Driver/Src/stm32f4xx_hal_pcd.c 0x00000000   Number         0  stm32f4xx_hal_pcd.o ABSOLUTE
    ../Drivers/STM32F4xx_HAL_Driver/Src/stm32f4xx_hal_pcd_ex.c 0x00000000   Number         0  stm32f4xx_hal_pcd_ex.o ABSOLUTE
    ../Drivers/STM32F4xx_HAL_Driver/Src/stm32f4xx_hal_pwr.c 0x00000000   Number         0  stm32f4xx_hal_pwr.o ABSOLUTE
    ../Drivers/STM32F4xx_HAL_Driver/Src/stm32f4xx_hal_pwr_ex.c 0x00000000   Number         0  stm32f4xx_hal_pwr_ex.o ABSOLUTE
    ../Drivers/STM32F4xx_HAL_Driver/Src/stm32f4xx_hal_rcc.c 0x00000000   Number         0  stm32f4xx_hal_rcc.o ABSOLUTE
    ../Drivers/STM32F4xx_HAL_Driver/Src/stm32f4xx_hal_rcc_ex.c 0x00000000   Number         0  stm32f4xx_hal_rcc_ex.o ABSOLUTE
    ../Drivers/STM32F4xx_HAL_Driver/Src/stm32f4xx_hal_tim.c 0x00000000   Number         0  stm32f4xx_hal_tim.o ABSOLUTE
    ../Drivers/STM32F4xx_HAL_Driver/Src/stm32f4xx_hal_tim_ex.c 0x00000000   Number         0  stm32f4xx_hal_tim_ex.o ABSOLUTE
    ../Drivers/STM32F4xx_HAL_Driver/Src/stm32f4xx_ll_usb.c 0x00000000   Number         0  stm32f4xx_ll_usb.o ABSOLUTE
    ../Middlewares/ST/STM32_USB_Device_Library/Class/CDC/Src/usbd_cdc.c 0x00000000   Number         0  usbd_cdc.o ABSOLUTE
    ../Middlewares/ST/STM32_USB_Device_Library/Core/Src/usbd_core.c 0x00000000   Number         0  usbd_core.o ABSOLUTE
    ../Middlewares/ST/STM32_USB_Device_Library/Core/Src/usbd_ctlreq.c 0x00000000   Number         0  usbd_ctlreq.o ABSOLUTE
    ../Middlewares/ST/STM32_USB_Device_Library/Core/Src/usbd_ioreq.c 0x00000000   Number         0  usbd_ioreq.o ABSOLUTE
    ../Src/main.c                            0x00000000   Number         0  main.o ABSOLUTE
    ../Src/stm32f4xx_hal_msp.c               0x00000000   Number         0  stm32f4xx_hal_msp.o ABSOLUTE
    ../Src/stm32f4xx_it.c                    0x00000000   Number         0  stm32f4xx_it.o ABSOLUTE
    ../Src/system_stm32f4xx.c                0x00000000   Number         0  system_stm32f4xx.o ABSOLUTE
    ../Src/usb_device.c                      0x00000000   Number         0  usb_device.o ABSOLUTE
    ../Src/usbd_cdc_if.c                     0x00000000   Number         0  usbd_cdc_if.o ABSOLUTE
    ../Src/usbd_conf.c                       0x00000000   Number         0  usbd_conf.o ABSOLUTE
    ../Src/usbd_desc.c                       0x00000000   Number         0  usbd_desc.o ABSOLUTE
    ../clib/../cmprslib/zerorunl2.c          0x00000000   Number         0  __dczerorl2.o ABSOLUTE
    ../clib/microlib/init/entry.s            0x00000000   Number         0  entry7a.o ABSOLUTE
    ../clib/microlib/init/entry.s            0x00000000   Number         0  entry5.o ABSOLUTE
    ../clib/microlib/init/entry.s            0x00000000   Number         0  entry8a.o ABSOLUTE
    ../clib/microlib/init/entry.s            0x00000000   Number         0  entry11b.o ABSOLUTE
    ../clib/microlib/init/entry.s            0x00000000   Number         0  entry8b.o ABSOLUTE
    ../clib/microlib/init/entry.s            0x00000000   Number         0  entry2.o ABSOLUTE
    ../clib/microlib/init/entry.s            0x00000000   Number         0  entry9a.o ABSOLUTE
    ../clib/microlib/init/entry.s            0x00000000   Number         0  entry9b.o ABSOLUTE
    ../clib/microlib/init/entry.s            0x00000000   Number         0  entry.o ABSOLUTE
    ../clib/microlib/init/entry.s            0x00000000   Number         0  entry7b.o ABSOLUTE
    ../clib/microlib/init/entry.s            0x00000000   Number         0  entry11a.o ABSOLUTE
    ../clib/microlib/init/entry.s            0x00000000   Number         0  entry10b.o ABSOLUTE
    ../clib/microlib/init/entry.s            0x00000000   Number         0  entry10a.o ABSOLUTE
    ../clib/microlib/malloc/malloc.c         0x00000000   Number         0  mallocr.o ABSOLUTE
    ../clib/microlib/malloc/malloc.c         0x00000000   Number         0  mallocra.o ABSOLUTE
    ../clib/microlib/malloc/malloc.c         0x00000000   Number         0  malloca.o ABSOLUTE
    ../clib/microlib/malloc/malloc.c         0x00000000   Number         0  malloc.o ABSOLUTE
    ../clib/microlib/malloc/mvars.c          0x00000000   Number         0  mvars.o ABSOLUTE
    ../clib/microlib/string/memcpy.c         0x00000000   Number         0  memcpya.o ABSOLUTE
    ../clib/microlib/string/memcpy.c         0x00000000   Number         0  memcpyb.o ABSOLUTE
    ../clib/microlib/string/strlen.c         0x00000000   Number         0  strlen.o ABSOLUTE
    ..\Drivers\STM32F4xx_HAL_Driver\Src\stm32f4xx_hal.c 0x00000000   Number         0  stm32f4xx_hal.o ABSOLUTE
    ..\Drivers\STM32F4xx_HAL_Driver\Src\stm32f4xx_hal_cortex.c 0x00000000   Number         0  stm32f4xx_hal_cortex.o ABSOLUTE
    ..\Drivers\STM32F4xx_HAL_Driver\Src\stm32f4xx_hal_dma.c 0x00000000   Number         0  stm32f4xx_hal_dma.o ABSOLUTE
    ..\Drivers\STM32F4xx_HAL_Driver\Src\stm32f4xx_hal_dma_ex.c 0x00000000   Number         0  stm32f4xx_hal_dma_ex.o ABSOLUTE
    ..\Drivers\STM32F4xx_HAL_Driver\Src\stm32f4xx_hal_flash.c 0x00000000   Number         0  stm32f4xx_hal_flash.o ABSOLUTE
    ..\Drivers\STM32F4xx_HAL_Driver\Src\stm32f4xx_hal_flash_ex.c 0x00000000   Number         0  stm32f4xx_hal_flash_ex.o ABSOLUTE
    ..\Drivers\STM32F4xx_HAL_Driver\Src\stm32f4xx_hal_flash_ramfunc.c 0x00000000   Number         0  stm32f4xx_hal_flash_ramfunc.o ABSOLUTE
    ..\Drivers\STM32F4xx_HAL_Driver\Src\stm32f4xx_hal_gpio.c 0x00000000   Number         0  stm32f4xx_hal_gpio.o ABSOLUTE
    ..\Drivers\STM32F4xx_HAL_Driver\Src\stm32f4xx_hal_pcd.c 0x00000000   Number         0  stm32f4xx_hal_pcd.o ABSOLUTE
    ..\Drivers\STM32F4xx_HAL_Driver\Src\stm32f4xx_hal_pcd_ex.c 0x00000000   Number         0  stm32f4xx_hal_pcd_ex.o ABSOLUTE
    ..\Drivers\STM32F4xx_HAL_Driver\Src\stm32f4xx_hal_pwr.c 0x00000000   Number         0  stm32f4xx_hal_pwr.o ABSOLUTE
    ..\Drivers\STM32F4xx_HAL_Driver\Src\stm32f4xx_hal_pwr_ex.c 0x00000000   Number         0  stm32f4xx_hal_pwr_ex.o ABSOLUTE
    ..\Drivers\STM32F4xx_HAL_Driver\Src\stm32f4xx_hal_rcc.c 0x00000000   Number         0  stm32f4xx_hal_rcc.o ABSOLUTE
    ..\Drivers\STM32F4xx_HAL_Driver\Src\stm32f4xx_hal_rcc_ex.c 0x00000000   Number         0  stm32f4xx_hal_rcc_ex.o ABSOLUTE
    ..\Drivers\STM32F4xx_HAL_Driver\Src\stm32f4xx_hal_tim.c 0x00000000   Number         0  stm32f4xx_hal_tim.o ABSOLUTE
    ..\Drivers\STM32F4xx_HAL_Driver\Src\stm32f4xx_hal_tim_ex.c 0x00000000   Number         0  stm32f4xx_hal_tim_ex.o ABSOLUTE
    ..\Drivers\STM32F4xx_HAL_Driver\Src\stm32f4xx_ll_usb.c 0x00000000   Number         0  stm32f4xx_ll_usb.o ABSOLUTE
    ..\Middlewares\ST\STM32_USB_Device_Library\Class\CDC\Src\usbd_cdc.c 0x00000000   Number         0  usbd_cdc.o ABSOLUTE
    ..\Middlewares\ST\STM32_USB_Device_Library\Core\Src\usbd_core.c 0x00000000   Number         0  usbd_core.o ABSOLUTE
    ..\Middlewares\ST\STM32_USB_Device_Library\Core\Src\usbd_ctlreq.c 0x00000000   Number         0  usbd_ctlreq.o ABSOLUTE
    ..\Middlewares\ST\STM32_USB_Device_Library\Core\Src\usbd_ioreq.c 0x00000000   Number         0  usbd_ioreq.o ABSOLUTE
    ..\Src\main.c                            0x00000000   Number         0  main.o ABSOLUTE
    ..\Src\stm32f4xx_hal_msp.c               0x00000000   Number         0  stm32f4xx_hal_msp.o ABSOLUTE
    ..\Src\stm32f4xx_it.c                    0x00000000   Number         0  stm32f4xx_it.o ABSOLUTE
    ..\Src\system_stm32f4xx.c                0x00000000   Number         0  system_stm32f4xx.o ABSOLUTE
    ..\Src\usb_device.c                      0x00000000   Number         0  usb_device.o ABSOLUTE
    ..\Src\usbd_cdc_if.c                     0x00000000   Number         0  usbd_cdc_if.o ABSOLUTE
    ..\Src\usbd_conf.c                       0x00000000   Number         0  usbd_conf.o ABSOLUTE
    ..\Src\usbd_desc.c                       0x00000000   Number         0  usbd_desc.o ABSOLUTE
    dc.s                                     0x00000000   Number         0  dc.o ABSOLUTE
    handlers.s                               0x00000000   Number         0  handlers.o ABSOLUTE
    init.s                                   0x00000000   Number         0  init.o ABSOLUTE
    startup_stm32f407xx.s                    0x00000000   Number         0  startup_stm32f407xx.o ABSOLUTE
    RESET                                    0x08000000   Section      392  startup_stm32f407xx.o(RESET)
    .ARM.Collect$$$$00000000                 0x08000188   Section        0  entry.o(.ARM.Collect$$$$00000000)
    .ARM.Collect$$$$00000001                 0x08000188   Section        4  entry2.o(.ARM.Collect$$$$00000001)
    .ARM.Collect$$$$00000004                 0x0800018c   Section        4  entry5.o(.ARM.Collect$$$$00000004)
    .ARM.Collect$$$$00000008                 0x08000190   Section        0  entry7b.o(.ARM.Collect$$$$00000008)
    .ARM.Collect$$$$0000000A                 0x08000190   Section        0  entry8b.o(.ARM.Collect$$$$0000000A)
    .ARM.Collect$$$$0000000B                 0x08000190   Section        8  entry9a.o(.ARM.Collect$$$$0000000B)
    .ARM.Collect$$$$0000000D                 0x08000198   Section        0  entry10a.o(.ARM.Collect$$$$0000000D)
    .ARM.Collect$$$$0000000F                 0x08000198   Section        0  entry11a.o(.ARM.Collect$$$$0000000F)
    .ARM.Collect$$$$00002712                 0x08000198   Section        4  entry2.o(.ARM.Collect$$$$00002712)
    __lit__00000000                          0x08000198   Data           4  entry2.o(.ARM.Collect$$$$00002712)
    .text                                    0x0800019c   Section       36  startup_stm32f407xx.o(.text)
    $v0                                      0x0800019c   Number         0  startup_stm32f407xx.o(.text)
    .text                                    0x080001c0   Section        0  memcpya.o(.text)
    .text                                    0x080001e4   Section        0  strlen.o(.text)
    .text                                    0x080001f4   Section       36  init.o(.text)
    .text                                    0x08000218   Section        0  __dczerorl2.o(.text)
    i.CDC_Control_FS                         0x0800026e   Section        0  usbd_cdc_if.o(i.CDC_Control_FS)
    CDC_Control_FS                           0x0800026f   Thumb Code     4  usbd_cdc_if.o(i.CDC_Control_FS)
    i.CDC_DeInit_FS                          0x08000272   Section        0  usbd_cdc_if.o(i.CDC_DeInit_FS)
    CDC_DeInit_FS                            0x08000273   Thumb Code     4  usbd_cdc_if.o(i.CDC_DeInit_FS)
    i.CDC_Init_FS                            0x08000278   Section        0  usbd_cdc_if.o(i.CDC_Init_FS)
    CDC_Init_FS                              0x08000279   Thumb Code    26  usbd_cdc_if.o(i.CDC_Init_FS)
    i.CDC_Receive_FS                         0x0800029c   Section        0  usbd_cdc_if.o(i.CDC_Receive_FS)
    CDC_Receive_FS                           0x0800029d   Thumb Code    44  usbd_cdc_if.o(i.CDC_Receive_FS)
    i.CDC_Transmit_FS                        0x080002d4   Section        0  usbd_cdc_if.o(i.CDC_Transmit_FS)
    i.HAL_Delay                              0x08000310   Section        0  stm32f4xx_hal.o(i.HAL_Delay)
    i.HAL_GPIO_Init                          0x0800032c   Section        0  stm32f4xx_hal_gpio.o(i.HAL_GPIO_Init)
    i.HAL_GetTick                            0x080004dc   Section        0  stm32f4xx_hal.o(i.HAL_GetTick)
    i.HAL_IncTick                            0x080004e8   Section        0  stm32f4xx_hal.o(i.HAL_IncTick)
    i.HAL_Init                               0x080004f8   Section        0  stm32f4xx_hal.o(i.HAL_Init)
    i.HAL_InitTick                           0x0800052c   Section        0  stm32f4xx_hal.o(i.HAL_InitTick)
    i.HAL_MspInit                            0x08000554   Section        0  stm32f4xx_hal_msp.o(i.HAL_MspInit)
    i.HAL_NVIC_EnableIRQ                     0x080005ac   Section        0  stm32f4xx_hal_cortex.o(i.HAL_NVIC_EnableIRQ)
    i.HAL_NVIC_SetPriority                   0x080005c4   Section        0  stm32f4xx_hal_cortex.o(i.HAL_NVIC_SetPriority)
    i.HAL_NVIC_SetPriorityGrouping           0x08000604   Section        0  stm32f4xx_hal_cortex.o(i.HAL_NVIC_SetPriorityGrouping)
    i.HAL_PCDEx_SetRxFiFo                    0x08000628   Section        0  stm32f4xx_hal_pcd_ex.o(i.HAL_PCDEx_SetRxFiFo)
    i.HAL_PCDEx_SetTxFiFo                    0x08000630   Section        0  stm32f4xx_hal_pcd_ex.o(i.HAL_PCDEx_SetTxFiFo)
    i.HAL_PCD_ConnectCallback                0x08000674   Section        0  usbd_conf.o(i.HAL_PCD_ConnectCallback)
    i.HAL_PCD_DataInStageCallback            0x0800067c   Section        0  usbd_conf.o(i.HAL_PCD_DataInStageCallback)
    i.HAL_PCD_DataOutStageCallback           0x0800068e   Section        0  usbd_conf.o(i.HAL_PCD_DataOutStageCallback)
    i.HAL_PCD_DisconnectCallback             0x080006a2   Section        0  usbd_conf.o(i.HAL_PCD_DisconnectCallback)
    i.HAL_PCD_EP_Close                       0x080006aa   Section        0  stm32f4xx_hal_pcd.o(i.HAL_PCD_EP_Close)
    i.HAL_PCD_EP_ClrStall                    0x080006ee   Section        0  stm32f4xx_hal_pcd.o(i.HAL_PCD_EP_ClrStall)
    i.HAL_PCD_EP_GetRxCount                  0x0800073e   Section        0  stm32f4xx_hal_pcd.o(i.HAL_PCD_EP_GetRxCount)
    i.HAL_PCD_EP_Open                        0x08000752   Section        0  stm32f4xx_hal_pcd.o(i.HAL_PCD_EP_Open)
    i.HAL_PCD_EP_Receive                     0x080007a6   Section        0  stm32f4xx_hal_pcd.o(i.HAL_PCD_EP_Receive)
    i.HAL_PCD_EP_SetStall                    0x080007ee   Section        0  stm32f4xx_hal_pcd.o(i.HAL_PCD_EP_SetStall)
    i.HAL_PCD_EP_Transmit                    0x0800084e   Section        0  stm32f4xx_hal_pcd.o(i.HAL_PCD_EP_Transmit)
    i.HAL_PCD_IRQHandler                     0x08000890   Section        0  stm32f4xx_hal_pcd.o(i.HAL_PCD_IRQHandler)
    i.HAL_PCD_ISOINIncompleteCallback        0x08000d84   Section        0  usbd_conf.o(i.HAL_PCD_ISOINIncompleteCallback)
    i.HAL_PCD_ISOOUTIncompleteCallback       0x08000d8c   Section        0  usbd_conf.o(i.HAL_PCD_ISOOUTIncompleteCallback)
    i.HAL_PCD_Init                           0x08000d94   Section        0  stm32f4xx_hal_pcd.o(i.HAL_PCD_Init)
    i.HAL_PCD_MspInit                        0x08000e54   Section        0  usbd_conf.o(i.HAL_PCD_MspInit)
    i.HAL_PCD_ResetCallback                  0x08000eb8   Section        0  usbd_conf.o(i.HAL_PCD_ResetCallback)
    i.HAL_PCD_ResumeCallback                 0x08000ed8   Section        0  usbd_conf.o(i.HAL_PCD_ResumeCallback)
    i.HAL_PCD_SOFCallback                    0x08000ee0   Section        0  usbd_conf.o(i.HAL_PCD_SOFCallback)
    i.HAL_PCD_SetAddress                     0x08000ee8   Section        0  stm32f4xx_hal_pcd.o(i.HAL_PCD_SetAddress)
    i.HAL_PCD_SetupStageCallback             0x08000f0c   Section        0  usbd_conf.o(i.HAL_PCD_SetupStageCallback)
    i.HAL_PCD_Start                          0x08000f1a   Section        0  stm32f4xx_hal_pcd.o(i.HAL_PCD_Start)
    i.HAL_PCD_SuspendCallback                0x08000f44   Section        0  usbd_conf.o(i.HAL_PCD_SuspendCallback)
    i.HAL_RCC_ClockConfig                    0x08000f74   Section        0  stm32f4xx_hal_rcc.o(i.HAL_RCC_ClockConfig)
    i.HAL_RCC_GetHCLKFreq                    0x080010f0   Section        0  stm32f4xx_hal_rcc.o(i.HAL_RCC_GetHCLKFreq)
    i.HAL_RCC_GetSysClockFreq                0x080010fc   Section        0  stm32f4xx_hal_rcc.o(i.HAL_RCC_GetSysClockFreq)
    i.HAL_RCC_OscConfig                      0x0800116c   Section        0  stm32f4xx_hal_rcc.o(i.HAL_RCC_OscConfig)
    i.HAL_SYSTICK_CLKSourceConfig            0x08001480   Section        0  stm32f4xx_hal_cortex.o(i.HAL_SYSTICK_CLKSourceConfig)
    i.HAL_SYSTICK_Callback                   0x08001498   Section        0  stm32f4xx_hal_cortex.o(i.HAL_SYSTICK_Callback)
    i.HAL_SYSTICK_Config                     0x0800149a   Section        0  stm32f4xx_hal_cortex.o(i.HAL_SYSTICK_Config)
    i.HAL_SYSTICK_IRQHandler                 0x080014c2   Section        0  stm32f4xx_hal_cortex.o(i.HAL_SYSTICK_IRQHandler)
    i.MX_USB_DEVICE_Init                     0x080014cc   Section        0  usb_device.o(i.MX_USB_DEVICE_Init)
    i.NVIC_SetPriority                       0x08001504   Section        0  stm32f4xx_hal_cortex.o(i.NVIC_SetPriority)
    NVIC_SetPriority                         0x08001505   Thumb Code    32  stm32f4xx_hal_cortex.o(i.NVIC_SetPriority)
    i.OTG_FS_IRQHandler                      0x08001524   Section        0  stm32f4xx_it.o(i.OTG_FS_IRQHandler)
    i.PCD_WriteEmptyTxFifo                   0x08001530   Section        0  stm32f4xx_hal_pcd.o(i.PCD_WriteEmptyTxFifo)
    PCD_WriteEmptyTxFifo                     0x08001531   Thumb Code   136  stm32f4xx_hal_pcd.o(i.PCD_WriteEmptyTxFifo)
    i.PendSV_Handler                         0x080015b8   Section        0  stm32f4xx_it.o(i.PendSV_Handler)
    i.SVC_Handler                            0x080015ba   Section        0  stm32f4xx_it.o(i.SVC_Handler)
    i.SysTick_Handler                        0x080015bc   Section        0  stm32f4xx_it.o(i.SysTick_Handler)
    i.SystemClock_Config                     0x080015cc   Section        0  main.o(i.SystemClock_Config)
    i.SystemInit                             0x0800166c   Section        0  system_stm32f4xx.o(i.SystemInit)
    i.USBD_CDC_DataIn                        0x080016c0   Section        0  usbd_cdc.o(i.USBD_CDC_DataIn)
    USBD_CDC_DataIn                          0x080016c1   Thumb Code    20  usbd_cdc.o(i.USBD_CDC_DataIn)
    i.USBD_CDC_DataOut                       0x080016d4   Section        0  usbd_cdc.o(i.USBD_CDC_DataOut)
    USBD_CDC_DataOut                         0x080016d5   Thumb Code    46  usbd_cdc.o(i.USBD_CDC_DataOut)
    i.USBD_CDC_DeInit                        0x08001702   Section        0  usbd_cdc.o(i.USBD_CDC_DeInit)
    USBD_CDC_DeInit                          0x08001703   Thumb Code    60  usbd_cdc.o(i.USBD_CDC_DeInit)
    i.USBD_CDC_EP0_RxReady                   0x0800173e   Section        0  usbd_cdc.o(i.USBD_CDC_EP0_RxReady)
    USBD_CDC_EP0_RxReady                     0x0800173f   Thumb Code    36  usbd_cdc.o(i.USBD_CDC_EP0_RxReady)
    i.USBD_CDC_GetDeviceQualifierDescriptor  0x08001764   Section        0  usbd_cdc.o(i.USBD_CDC_GetDeviceQualifierDescriptor)
    i.USBD_CDC_GetFSCfgDesc                  0x08001770   Section        0  usbd_cdc.o(i.USBD_CDC_GetFSCfgDesc)
    USBD_CDC_GetFSCfgDesc                    0x08001771   Thumb Code     8  usbd_cdc.o(i.USBD_CDC_GetFSCfgDesc)
    i.USBD_CDC_GetHSCfgDesc                  0x0800177c   Section        0  usbd_cdc.o(i.USBD_CDC_GetHSCfgDesc)
    USBD_CDC_GetHSCfgDesc                    0x0800177d   Thumb Code     8  usbd_cdc.o(i.USBD_CDC_GetHSCfgDesc)
    i.USBD_CDC_GetOtherSpeedCfgDesc          0x08001788   Section        0  usbd_cdc.o(i.USBD_CDC_GetOtherSpeedCfgDesc)
    USBD_CDC_GetOtherSpeedCfgDesc            0x08001789   Thumb Code     8  usbd_cdc.o(i.USBD_CDC_GetOtherSpeedCfgDesc)
    i.USBD_CDC_Init                          0x08001794   Section        0  usbd_cdc.o(i.USBD_CDC_Init)
    USBD_CDC_Init                            0x08001795   Thumb Code   136  usbd_cdc.o(i.USBD_CDC_Init)
    i.USBD_CDC_ReceivePacket                 0x0800181c   Section        0  usbd_cdc.o(i.USBD_CDC_ReceivePacket)
    i.USBD_CDC_RegisterInterface             0x08001844   Section        0  usbd_cdc.o(i.USBD_CDC_RegisterInterface)
    i.USBD_CDC_SetRxBuffer                   0x08001854   Section        0  usbd_cdc.o(i.USBD_CDC_SetRxBuffer)
    i.USBD_CDC_SetTxBuffer                   0x08001860   Section        0  usbd_cdc.o(i.USBD_CDC_SetTxBuffer)
    i.USBD_CDC_Setup                         0x08001870   Section        0  usbd_cdc.o(i.USBD_CDC_Setup)
    USBD_CDC_Setup                           0x08001871   Thumb Code   106  usbd_cdc.o(i.USBD_CDC_Setup)
    i.USBD_CDC_TransmitPacket                0x080018e0   Section        0  usbd_cdc.o(i.USBD_CDC_TransmitPacket)
    i.USBD_ClrClassConfig                    0x08001910   Section        0  usbd_core.o(i.USBD_ClrClassConfig)
    i.USBD_CtlContinueRx                     0x0800191e   Section        0  usbd_ioreq.o(i.USBD_CtlContinueRx)
    i.USBD_CtlContinueSendData               0x0800192e   Section        0  usbd_ioreq.o(i.USBD_CtlContinueSendData)
    i.USBD_CtlError                          0x0800193e   Section        0  usbd_ctlreq.o(i.USBD_CtlError)
    i.USBD_CtlPrepareRx                      0x08001954   Section        0  usbd_ioreq.o(i.USBD_CtlPrepareRx)
    i.USBD_CtlReceiveStatus                  0x08001972   Section        0  usbd_ioreq.o(i.USBD_CtlReceiveStatus)
    i.USBD_CtlSendData                       0x08001988   Section        0  usbd_ioreq.o(i.USBD_CtlSendData)
    i.USBD_CtlSendStatus                     0x080019a2   Section        0  usbd_ioreq.o(i.USBD_CtlSendStatus)
    i.USBD_FS_ConfigStrDescriptor            0x080019b8   Section        0  usbd_desc.o(i.USBD_FS_ConfigStrDescriptor)
    i.USBD_FS_DeviceDescriptor               0x080019d8   Section        0  usbd_desc.o(i.USBD_FS_DeviceDescriptor)
    i.USBD_FS_InterfaceStrDescriptor         0x080019e4   Section        0  usbd_desc.o(i.USBD_FS_InterfaceStrDescriptor)
    i.USBD_FS_LangIDStrDescriptor            0x08001a08   Section        0  usbd_desc.o(i.USBD_FS_LangIDStrDescriptor)
    i.USBD_FS_ManufacturerStrDescriptor      0x08001a14   Section        0  usbd_desc.o(i.USBD_FS_ManufacturerStrDescriptor)
    i.USBD_FS_ProductStrDescriptor           0x08001a3c   Section        0  usbd_desc.o(i.USBD_FS_ProductStrDescriptor)
    i.USBD_FS_SerialStrDescriptor            0x08001a68   Section        0  usbd_desc.o(i.USBD_FS_SerialStrDescriptor)
    i.USBD_GetDescriptor                     0x08001a8c   Section        0  usbd_ctlreq.o(i.USBD_GetDescriptor)
    USBD_GetDescriptor                       0x08001a8d   Thumb Code   224  usbd_ctlreq.o(i.USBD_GetDescriptor)
    i.USBD_GetString                         0x08001b6c   Section        0  usbd_ctlreq.o(i.USBD_GetString)
    i.USBD_Init                              0x08001bb2   Section        0  usbd_core.o(i.USBD_Init)
    i.USBD_LL_ClearStallEP                   0x08001bdc   Section        0  usbd_conf.o(i.USBD_LL_ClearStallEP)
    i.USBD_LL_CloseEP                        0x08001bfc   Section        0  usbd_conf.o(i.USBD_LL_CloseEP)
    i.USBD_LL_DataInStage                    0x08001c1c   Section        0  usbd_core.o(i.USBD_LL_DataInStage)
    i.USBD_LL_DataOutStage                   0x08001cc6   Section        0  usbd_core.o(i.USBD_LL_DataOutStage)
    i.USBD_LL_DevConnected                   0x08001d30   Section        0  usbd_core.o(i.USBD_LL_DevConnected)
    i.USBD_LL_DevDisconnected                0x08001d34   Section        0  usbd_core.o(i.USBD_LL_DevDisconnected)
    i.USBD_LL_GetRxDataSize                  0x08001d4a   Section        0  usbd_conf.o(i.USBD_LL_GetRxDataSize)
    i.USBD_LL_Init                           0x08001d54   Section        0  usbd_conf.o(i.USBD_LL_Init)
    i.USBD_LL_IsStallEP                      0x08001dd0   Section        0  usbd_conf.o(i.USBD_LL_IsStallEP)
    i.USBD_LL_IsoINIncomplete                0x08001df0   Section        0  usbd_core.o(i.USBD_LL_IsoINIncomplete)
    i.USBD_LL_IsoOUTIncomplete               0x08001df4   Section        0  usbd_core.o(i.USBD_LL_IsoOUTIncomplete)
    i.USBD_LL_OpenEP                         0x08001df8   Section        0  usbd_conf.o(i.USBD_LL_OpenEP)
    i.USBD_LL_PrepareReceive                 0x08001e1e   Section        0  usbd_conf.o(i.USBD_LL_PrepareReceive)
    i.USBD_LL_Reset                          0x08001e3e   Section        0  usbd_core.o(i.USBD_LL_Reset)
    i.USBD_LL_Resume                         0x08001e7c   Section        0  usbd_core.o(i.USBD_LL_Resume)
    i.USBD_LL_SOF                            0x08001e88   Section        0  usbd_core.o(i.USBD_LL_SOF)
    i.USBD_LL_SetSpeed                       0x08001ea0   Section        0  usbd_core.o(i.USBD_LL_SetSpeed)
    i.USBD_LL_SetUSBAddress                  0x08001ea6   Section        0  usbd_conf.o(i.USBD_LL_SetUSBAddress)
    i.USBD_LL_SetupStage                     0x08001ec6   Section        0  usbd_core.o(i.USBD_LL_SetupStage)
    i.USBD_LL_StallEP                        0x08001f20   Section        0  usbd_conf.o(i.USBD_LL_StallEP)
    i.USBD_LL_Start                          0x08001f40   Section        0  usbd_conf.o(i.USBD_LL_Start)
    i.USBD_LL_Suspend                        0x08001f60   Section        0  usbd_core.o(i.USBD_LL_Suspend)
    i.USBD_LL_Transmit                       0x08001f72   Section        0  usbd_conf.o(i.USBD_LL_Transmit)
    i.USBD_ParseSetupRequest                 0x08001f92   Section        0  usbd_ctlreq.o(i.USBD_ParseSetupRequest)
    i.USBD_RegisterClass                     0x08001fba   Section        0  usbd_core.o(i.USBD_RegisterClass)
    i.USBD_SetClassConfig                    0x08001fca   Section        0  usbd_core.o(i.USBD_SetClassConfig)
    i.USBD_SetConfig                         0x08001fe0   Section        0  usbd_ctlreq.o(i.USBD_SetConfig)
    USBD_SetConfig                           0x08001fe1   Thumb Code   110  usbd_ctlreq.o(i.USBD_SetConfig)
    i.USBD_Start                             0x08002054   Section        0  usbd_core.o(i.USBD_Start)
    i.USBD_StdDevReq                         0x0800205e   Section        0  usbd_ctlreq.o(i.USBD_StdDevReq)
    i.USBD_StdEPReq                          0x08002150   Section        0  usbd_ctlreq.o(i.USBD_StdEPReq)
    i.USBD_StdItfReq                         0x0800222c   Section        0  usbd_ctlreq.o(i.USBD_StdItfReq)
    i.USB_ActivateEndpoint                   0x08002260   Section        0  stm32f4xx_ll_usb.o(i.USB_ActivateEndpoint)
    i.USB_ActivateSetup                      0x080022e0   Section        0  stm32f4xx_ll_usb.o(i.USB_ActivateSetup)
    i.USB_CoreInit                           0x08002314   Section        0  stm32f4xx_ll_usb.o(i.USB_CoreInit)
    i.USB_CoreReset                          0x08002380   Section        0  stm32f4xx_ll_usb.o(i.USB_CoreReset)
    USB_CoreReset                            0x08002381   Thumb Code    50  stm32f4xx_ll_usb.o(i.USB_CoreReset)
    i.USB_DeactivateEndpoint                 0x080023b8   Section        0  stm32f4xx_ll_usb.o(i.USB_DeactivateEndpoint)
    i.USB_DevConnect                         0x08002480   Section        0  stm32f4xx_ll_usb.o(i.USB_DevConnect)
    i.USB_DevDisconnect                      0x08002498   Section        0  stm32f4xx_ll_usb.o(i.USB_DevDisconnect)
    i.USB_DevInit                            0x080024b0   Section        0  stm32f4xx_ll_usb.o(i.USB_DevInit)
    i.USB_DisableGlobalInt                   0x080025f0   Section        0  stm32f4xx_ll_usb.o(i.USB_DisableGlobalInt)
    i.USB_EP0StartXfer                       0x080025fc   Section        0  stm32f4xx_ll_usb.o(i.USB_EP0StartXfer)
    i.USB_EP0_OutStart                       0x0800273c   Section        0  stm32f4xx_ll_usb.o(i.USB_EP0_OutStart)
    i.USB_EPClearStall                       0x0800277a   Section        0  stm32f4xx_ll_usb.o(i.USB_EPClearStall)
    i.USB_EPSetStall                         0x080027de   Section        0  stm32f4xx_ll_usb.o(i.USB_EPSetStall)
    i.USB_EPStartXfer                        0x0800283c   Section        0  stm32f4xx_ll_usb.o(i.USB_EPStartXfer)
    i.USB_EnableGlobalInt                    0x08002a58   Section        0  stm32f4xx_ll_usb.o(i.USB_EnableGlobalInt)
    i.USB_FlushRxFifo                        0x08002a64   Section        0  stm32f4xx_ll_usb.o(i.USB_FlushRxFifo)
    i.USB_FlushTxFifo                        0x08002a84   Section        0  stm32f4xx_ll_usb.o(i.USB_FlushTxFifo)
    i.USB_GetDevSpeed                        0x08002aa8   Section        0  stm32f4xx_ll_usb.o(i.USB_GetDevSpeed)
    i.USB_GetMode                            0x08002ae4   Section        0  stm32f4xx_ll_usb.o(i.USB_GetMode)
    i.USB_ReadDevAllInEpInterrupt            0x08002aec   Section        0  stm32f4xx_ll_usb.o(i.USB_ReadDevAllInEpInterrupt)
    i.USB_ReadDevAllOutEpInterrupt           0x08002afa   Section        0  stm32f4xx_ll_usb.o(i.USB_ReadDevAllOutEpInterrupt)
    i.USB_ReadDevInEPInterrupt               0x08002b08   Section        0  stm32f4xx_ll_usb.o(i.USB_ReadDevInEPInterrupt)
    i.USB_ReadDevOutEPInterrupt              0x08002b26   Section        0  stm32f4xx_ll_usb.o(i.USB_ReadDevOutEPInterrupt)
    i.USB_ReadInterrupts                     0x08002b36   Section        0  stm32f4xx_ll_usb.o(i.USB_ReadInterrupts)
    i.USB_ReadPacket                         0x08002b3e   Section        0  stm32f4xx_ll_usb.o(i.USB_ReadPacket)
    i.USB_SetCurrentMode                     0x08002b5e   Section        0  stm32f4xx_ll_usb.o(i.USB_SetCurrentMode)
    i.USB_SetDevAddress                      0x08002b8a   Section        0  stm32f4xx_ll_usb.o(i.USB_SetDevAddress)
    i.USB_WritePacket                        0x08002bac   Section        0  stm32f4xx_ll_usb.o(i.USB_WritePacket)
    i._Error_Handler                         0x08002bd4   Section        0  main.o(i._Error_Handler)
    i.__scatterload_copy                     0x08002bd6   Section       14  handlers.o(i.__scatterload_copy)
    i.__scatterload_null                     0x08002be4   Section        2  handlers.o(i.__scatterload_null)
    i.__scatterload_zeroinit                 0x08002be6   Section       14  handlers.o(i.__scatterload_zeroinit)
    i.free                                   0x08002bf4   Section        0  malloc.o(i.free)
    i.main                                   0x08002c44   Section        0  main.o(i.main)
    i.malloc                                 0x08002c98   Section        0  malloc.o(i.malloc)
    .constdata                               0x08002d04   Section       16  system_stm32f4xx.o(.constdata)
    .data                                    0x20000000   Section        4  stm32f4xx_hal.o(.data)
    .data                                    0x20000004   Section        4  system_stm32f4xx.o(.data)
    .data                                    0x20000008   Section       28  usbd_desc.o(.data)
    .data                                    0x20000024   Section       22  usbd_desc.o(.data)
    .data                                    0x2000003a   Section        1  usbd_cdc_if.o(.data)
    .data                                    0x2000003c   Section       16  usbd_cdc_if.o(.data)
    .data                                    0x2000004c   Section       15  main.o(.data)
    .data                                    0x2000005c   Section      219  usbd_cdc.o(.data)
    ifalt                                    0x2000005c   Data           1  usbd_cdc.o(.data)
    USBD_CDC_DeviceQualifierDesc             0x20000060   Data          10  usbd_cdc.o(.data)
    .data                                    0x20000138   Section       56  usbd_cdc.o(.data)
    .data                                    0x20000170   Section        1  usbd_ctlreq.o(.data)
    cfgidx                                   0x20000170   Data           1  usbd_ctlreq.o(.data)
    .data                                    0x20000174   Section        4  mvars.o(.data)
    .data                                    0x20000178   Section        4  mvars.o(.data)
    .bss                                     0x2000017c   Section      548  usb_device.o(.bss)
    .bss                                     0x200003a0   Section      512  usbd_desc.o(.bss)
    .bss                                     0x200005a0   Section     1008  usbd_conf.o(.bss)
    .bss                                     0x20000990   Section      128  usbd_cdc_if.o(.bss)
    .bss                                     0x20000a10   Section       64  main.o(.bss)
    HEAP                                     0x20000a50   Section     8192  startup_stm32f407xx.o(HEAP)
    STACK                                    0x20002a50   Section    16384  startup_stm32f407xx.o(STACK)

    Global Symbols

    Symbol Name                              Value     Ov Type        Size  Object(Section)

    BuildAttributes$$THM_ISAv4$E$P$D$K$B$S$7EM$VFPi3$EXTD16$VFPS$VFMA$PE$A:L22UL41UL21$X:L11$S22US41US21$IEEE1$IW$USESV6$~STKCKD$USESV7$~SHL$OSPACE$EBA8$MICROLIB$REQ8$PRES8$EABIv2 0x00000000   Number         0  anon$$obj.o ABSOLUTE
    __ARM_use_no_argv                        0x00000000   Number         0  main.o ABSOLUTE
    __cpp_initialize__aeabi_                  - Undefined Weak Reference
    __cxa_finalize                            - Undefined Weak Reference
    _clock_init                               - Undefined Weak Reference
    _microlib_exit                            - Undefined Weak Reference
    __Vectors_Size                           0x00000188   Number         0  startup_stm32f407xx.o ABSOLUTE
    __Vectors                                0x08000000   Data           4  startup_stm32f407xx.o(RESET)
    __Vectors_End                            0x08000188   Data           0  startup_stm32f407xx.o(RESET)
    __main                                   0x08000189   Thumb Code     0  entry.o(.ARM.Collect$$$$00000000)
    _main_stk                                0x08000189   Thumb Code     0  entry2.o(.ARM.Collect$$$$00000001)
    _main_scatterload                        0x0800018d   Thumb Code     0  entry5.o(.ARM.Collect$$$$00000004)
    __main_after_scatterload                 0x08000191   Thumb Code     0  entry5.o(.ARM.Collect$$$$00000004)
    _main_clock                              0x08000191   Thumb Code     0  entry7b.o(.ARM.Collect$$$$00000008)
    _main_cpp_init                           0x08000191   Thumb Code     0  entry8b.o(.ARM.Collect$$$$0000000A)
    _main_init                               0x08000191   Thumb Code     0  entry9a.o(.ARM.Collect$$$$0000000B)
    __rt_final_cpp                           0x08000199   Thumb Code     0  entry10a.o(.ARM.Collect$$$$0000000D)
    __rt_final_exit                          0x08000199   Thumb Code     0  entry11a.o(.ARM.Collect$$$$0000000F)
    Reset_Handler                            0x0800019d   Thumb Code     8  startup_stm32f407xx.o(.text)
    NMI_Handler                              0x080001a5   Thumb Code     2  startup_stm32f407xx.o(.text)
    HardFault_Handler                        0x080001a7   Thumb Code     2  startup_stm32f407xx.o(.text)
    MemManage_Handler                        0x080001a9   Thumb Code     2  startup_stm32f407xx.o(.text)
    BusFault_Handler                         0x080001ab   Thumb Code     2  startup_stm32f407xx.o(.text)
    UsageFault_Handler                       0x080001ad   Thumb Code     2  startup_stm32f407xx.o(.text)
    DebugMon_Handler                         0x080001b1   Thumb Code     2  startup_stm32f407xx.o(.text)
    ADC_IRQHandler                           0x080001b7   Thumb Code     0  startup_stm32f407xx.o(.text)
    CAN1_RX0_IRQHandler                      0x080001b7   Thumb Code     0  startup_stm32f407xx.o(.text)
    CAN1_RX1_IRQHandler                      0x080001b7   Thumb Code     0  startup_stm32f407xx.o(.text)
    CAN1_SCE_IRQHandler                      0x080001b7   Thumb Code     0  startup_stm32f407xx.o(.text)
    CAN1_TX_IRQHandler                       0x080001b7   Thumb Code     0  startup_stm32f407xx.o(.text)
    CAN2_RX0_IRQHandler                      0x080001b7   Thumb Code     0  startup_stm32f407xx.o(.text)
    CAN2_RX1_IRQHandler                      0x080001b7   Thumb Code     0  startup_stm32f407xx.o(.text)
    CAN2_SCE_IRQHandler                      0x080001b7   Thumb Code     0  startup_stm32f407xx.o(.text)
    CAN2_TX_IRQHandler                       0x080001b7   Thumb Code     0  startup_stm32f407xx.o(.text)
    DCMI_IRQHandler                          0x080001b7   Thumb Code     0  startup_stm32f407xx.o(.text)
    DMA1_Stream0_IRQHandler                  0x080001b7   Thumb Code     0  startup_stm32f407xx.o(.text)
    DMA1_Stream1_IRQHandler                  0x080001b7   Thumb Code     0  startup_stm32f407xx.o(.text)
    DMA1_Stream2_IRQHandler                  0x080001b7   Thumb Code     0  startup_stm32f407xx.o(.text)
    DMA1_Stream3_IRQHandler                  0x080001b7   Thumb Code     0  startup_stm32f407xx.o(.text)
    DMA1_Stream4_IRQHandler                  0x080001b7   Thumb Code     0  startup_stm32f407xx.o(.text)
    DMA1_Stream5_IRQHandler                  0x080001b7   Thumb Code     0  startup_stm32f407xx.o(.text)
    DMA1_Stream6_IRQHandler                  0x080001b7   Thumb Code     0  startup_stm32f407xx.o(.text)
    DMA1_Stream7_IRQHandler                  0x080001b7   Thumb Code     0  startup_stm32f407xx.o(.text)
    DMA2_Stream0_IRQHandler                  0x080001b7   Thumb Code     0  startup_stm32f407xx.o(.text)
    DMA2_Stream1_IRQHandler                  0x080001b7   Thumb Code     0  startup_stm32f407xx.o(.text)
    DMA2_Stream2_IRQHandler                  0x080001b7   Thumb Code     0  startup_stm32f407xx.o(.text)
    DMA2_Stream3_IRQHandler                  0x080001b7   Thumb Code     0  startup_stm32f407xx.o(.text)
    DMA2_Stream4_IRQHandler                  0x080001b7   Thumb Code     0  startup_stm32f407xx.o(.text)
    DMA2_Stream5_IRQHandler                  0x080001b7   Thumb Code     0  startup_stm32f407xx.o(.text)
    DMA2_Stream6_IRQHandler                  0x080001b7   Thumb Code     0  startup_stm32f407xx.o(.text)
    DMA2_Stream7_IRQHandler                  0x080001b7   Thumb Code     0  startup_stm32f407xx.o(.text)
    ETH_IRQHandler                           0x080001b7   Thumb Code     0  startup_stm32f407xx.o(.text)
    ETH_WKUP_IRQHandler                      0x080001b7   Thumb Code     0  startup_stm32f407xx.o(.text)
    EXTI0_IRQHandler                         0x080001b7   Thumb Code     0  startup_stm32f407xx.o(.text)
    EXTI15_10_IRQHandler                     0x080001b7   Thumb Code     0  startup_stm32f407xx.o(.text)
    EXTI1_IRQHandler                         0x080001b7   Thumb Code     0  startup_stm32f407xx.o(.text)
    EXTI2_IRQHandler                         0x080001b7   Thumb Code     0  startup_stm32f407xx.o(.text)
    EXTI3_IRQHandler                         0x080001b7   Thumb Code     0  startup_stm32f407xx.o(.text)
    EXTI4_IRQHandler                         0x080001b7   Thumb Code     0  startup_stm32f407xx.o(.text)
    EXTI9_5_IRQHandler                       0x080001b7   Thumb Code     0  startup_stm32f407xx.o(.text)
    FLASH_IRQHandler                         0x080001b7   Thumb Code     0  startup_stm32f407xx.o(.text)
    FMC_IRQHandler                           0x080001b7   Thumb Code     0  startup_stm32f407xx.o(.text)
    FPU_IRQHandler                           0x080001b7   Thumb Code     0  startup_stm32f407xx.o(.text)
    HASH_RNG_IRQHandler                      0x080001b7   Thumb Code     0  startup_stm32f407xx.o(.text)
    I2C1_ER_IRQHandler                       0x080001b7   Thumb Code     0  startup_stm32f407xx.o(.text)
    I2C1_EV_IRQHandler                       0x080001b7   Thumb Code     0  startup_stm32f407xx.o(.text)
    I2C2_ER_IRQHandler                       0x080001b7   Thumb Code     0  startup_stm32f407xx.o(.text)
    I2C2_EV_IRQHandler                       0x080001b7   Thumb Code     0  startup_stm32f407xx.o(.text)
    I2C3_ER_IRQHandler                       0x080001b7   Thumb Code     0  startup_stm32f407xx.o(.text)
    I2C3_EV_IRQHandler                       0x080001b7   Thumb Code     0  startup_stm32f407xx.o(.text)
    OTG_FS_WKUP_IRQHandler                   0x080001b7   Thumb Code     0  startup_stm32f407xx.o(.text)
    OTG_HS_EP1_IN_IRQHandler                 0x080001b7   Thumb Code     0  startup_stm32f407xx.o(.text)
    OTG_HS_EP1_OUT_IRQHandler                0x080001b7   Thumb Code     0  startup_stm32f407xx.o(.text)
    OTG_HS_IRQHandler                        0x080001b7   Thumb Code     0  startup_stm32f407xx.o(.text)
    OTG_HS_WKUP_IRQHandler                   0x080001b7   Thumb Code     0  startup_stm32f407xx.o(.text)
    PVD_IRQHandler                           0x080001b7   Thumb Code     0  startup_stm32f407xx.o(.text)
    RCC_IRQHandler                           0x080001b7   Thumb Code     0  startup_stm32f407xx.o(.text)
    RTC_Alarm_IRQHandler                     0x080001b7   Thumb Code     0  startup_stm32f407xx.o(.text)
    RTC_WKUP_IRQHandler                      0x080001b7   Thumb Code     0  startup_stm32f407xx.o(.text)
    SDIO_IRQHandler                          0x080001b7   Thumb Code     0  startup_stm32f407xx.o(.text)
    SPI1_IRQHandler                          0x080001b7   Thumb Code     0  startup_stm32f407xx.o(.text)
    SPI2_IRQHandler                          0x080001b7   Thumb Code     0  startup_stm32f407xx.o(.text)
    SPI3_IRQHandler                          0x080001b7   Thumb Code     0  startup_stm32f407xx.o(.text)
    TAMP_STAMP_IRQHandler                    0x080001b7   Thumb Code     0  startup_stm32f407xx.o(.text)
    TIM1_BRK_TIM9_IRQHandler                 0x080001b7   Thumb Code     0  startup_stm32f407xx.o(.text)
    TIM1_CC_IRQHandler                       0x080001b7   Thumb Code     0  startup_stm32f407xx.o(.text)
    TIM1_TRG_COM_TIM11_IRQHandler            0x080001b7   Thumb Code     0  startup_stm32f407xx.o(.text)
    TIM1_UP_TIM10_IRQHandler                 0x080001b7   Thumb Code     0  startup_stm32f407xx.o(.text)
    TIM2_IRQHandler                          0x080001b7   Thumb Code     0  startup_stm32f407xx.o(.text)
    TIM3_IRQHandler                          0x080001b7   Thumb Code     0  startup_stm32f407xx.o(.text)
    TIM4_IRQHandler                          0x080001b7   Thumb Code     0  startup_stm32f407xx.o(.text)
    TIM5_IRQHandler                          0x080001b7   Thumb Code     0  startup_stm32f407xx.o(.text)
    TIM6_DAC_IRQHandler                      0x080001b7   Thumb Code     0  startup_stm32f407xx.o(.text)
    TIM7_IRQHandler                          0x080001b7   Thumb Code     0  startup_stm32f407xx.o(.text)
    TIM8_BRK_TIM12_IRQHandler                0x080001b7   Thumb Code     0  startup_stm32f407xx.o(.text)
    TIM8_CC_IRQHandler                       0x080001b7   Thumb Code     0  startup_stm32f407xx.o(.text)
    TIM8_TRG_COM_TIM14_IRQHandler            0x080001b7   Thumb Code     0  startup_stm32f407xx.o(.text)
    TIM8_UP_TIM13_IRQHandler                 0x080001b7   Thumb Code     0  startup_stm32f407xx.o(.text)
    UART4_IRQHandler                         0x080001b7   Thumb Code     0  startup_stm32f407xx.o(.text)
    UART5_IRQHandler                         0x080001b7   Thumb Code     0  startup_stm32f407xx.o(.text)
    USART1_IRQHandler                        0x080001b7   Thumb Code     0  startup_stm32f407xx.o(.text)
    USART2_IRQHandler                        0x080001b7   Thumb Code     0  startup_stm32f407xx.o(.text)
    USART3_IRQHandler                        0x080001b7   Thumb Code     0  startup_stm32f407xx.o(.text)
    USART6_IRQHandler                        0x080001b7   Thumb Code     0  startup_stm32f407xx.o(.text)
    WWDG_IRQHandler                          0x080001b7   Thumb Code     0  startup_stm32f407xx.o(.text)
    __aeabi_memcpy                           0x080001c1   Thumb Code    36  memcpya.o(.text)
    __aeabi_memcpy4                          0x080001c1   Thumb Code     0  memcpya.o(.text)
    __aeabi_memcpy8                          0x080001c1   Thumb Code     0  memcpya.o(.text)
    strlen                                   0x080001e5   Thumb Code    14  strlen.o(.text)
    __scatterload                            0x080001f5   Thumb Code    28  init.o(.text)
    __scatterload_rt2                        0x080001f5   Thumb Code     0  init.o(.text)
    __decompress                             0x08000219   Thumb Code     0  __dczerorl2.o(.text)
    __decompress1                            0x08000219   Thumb Code    86  __dczerorl2.o(.text)
    CDC_Transmit_FS                          0x080002d5   Thumb Code    52  usbd_cdc_if.o(i.CDC_Transmit_FS)
    HAL_Delay                                0x08000311   Thumb Code    28  stm32f4xx_hal.o(i.HAL_Delay)
    HAL_GPIO_Init                            0x0800032d   Thumb Code   388  stm32f4xx_hal_gpio.o(i.HAL_GPIO_Init)
    HAL_GetTick                              0x080004dd   Thumb Code     6  stm32f4xx_hal.o(i.HAL_GetTick)
    HAL_IncTick                              0x080004e9   Thumb Code    10  stm32f4xx_hal.o(i.HAL_IncTick)
    HAL_Init                                 0x080004f9   Thumb Code    48  stm32f4xx_hal.o(i.HAL_Init)
    HAL_InitTick                             0x0800052d   Thumb Code    34  stm32f4xx_hal.o(i.HAL_InitTick)
    HAL_MspInit                              0x08000555   Thumb Code    88  stm32f4xx_hal_msp.o(i.HAL_MspInit)
    HAL_NVIC_EnableIRQ                       0x080005ad   Thumb Code    22  stm32f4xx_hal_cortex.o(i.HAL_NVIC_EnableIRQ)
    HAL_NVIC_SetPriority                     0x080005c5   Thumb Code    60  stm32f4xx_hal_cortex.o(i.HAL_NVIC_SetPriority)
    HAL_NVIC_SetPriorityGrouping             0x08000605   Thumb Code    26  stm32f4xx_hal_cortex.o(i.HAL_NVIC_SetPriorityGrouping)
    HAL_PCDEx_SetRxFiFo                      0x08000629   Thumb Code     8  stm32f4xx_hal_pcd_ex.o(i.HAL_PCDEx_SetRxFiFo)
    HAL_PCDEx_SetTxFiFo                      0x08000631   Thumb Code    68  stm32f4xx_hal_pcd_ex.o(i.HAL_PCDEx_SetTxFiFo)
    HAL_PCD_ConnectCallback                  0x08000675   Thumb Code     8  usbd_conf.o(i.HAL_PCD_ConnectCallback)
    HAL_PCD_DataInStageCallback              0x0800067d   Thumb Code    18  usbd_conf.o(i.HAL_PCD_DataInStageCallback)
    HAL_PCD_DataOutStageCallback             0x0800068f   Thumb Code    20  usbd_conf.o(i.HAL_PCD_DataOutStageCallback)
    HAL_PCD_DisconnectCallback               0x080006a3   Thumb Code     8  usbd_conf.o(i.HAL_PCD_DisconnectCallback)
    HAL_PCD_EP_Close                         0x080006ab   Thumb Code    68  stm32f4xx_hal_pcd.o(i.HAL_PCD_EP_Close)
    HAL_PCD_EP_ClrStall                      0x080006ef   Thumb Code    80  stm32f4xx_hal_pcd.o(i.HAL_PCD_EP_ClrStall)
    HAL_PCD_EP_GetRxCount                    0x0800073f   Thumb Code    20  stm32f4xx_hal_pcd.o(i.HAL_PCD_EP_GetRxCount)
    HAL_PCD_EP_Open                          0x08000753   Thumb Code    84  stm32f4xx_hal_pcd.o(i.HAL_PCD_EP_Open)
    HAL_PCD_EP_Receive                       0x080007a7   Thumb Code    72  stm32f4xx_hal_pcd.o(i.HAL_PCD_EP_Receive)
    HAL_PCD_EP_SetStall                      0x080007ef   Thumb Code    96  stm32f4xx_hal_pcd.o(i.HAL_PCD_EP_SetStall)
    HAL_PCD_EP_Transmit                      0x0800084f   Thumb Code    64  stm32f4xx_hal_pcd.o(i.HAL_PCD_EP_Transmit)
    HAL_PCD_IRQHandler                       0x08000891   Thumb Code  1196  stm32f4xx_hal_pcd.o(i.HAL_PCD_IRQHandler)
    HAL_PCD_ISOINIncompleteCallback          0x08000d85   Thumb Code     8  usbd_conf.o(i.HAL_PCD_ISOINIncompleteCallback)
    HAL_PCD_ISOOUTIncompleteCallback         0x08000d8d   Thumb Code     8  usbd_conf.o(i.HAL_PCD_ISOOUTIncompleteCallback)
    HAL_PCD_Init                             0x08000d95   Thumb Code   190  stm32f4xx_hal_pcd.o(i.HAL_PCD_Init)
    HAL_PCD_MspInit                          0x08000e55   Thumb Code    92  usbd_conf.o(i.HAL_PCD_MspInit)
    HAL_PCD_ResetCallback                    0x08000eb9   Thumb Code    32  usbd_conf.o(i.HAL_PCD_ResetCallback)
    HAL_PCD_ResumeCallback                   0x08000ed9   Thumb Code     8  usbd_conf.o(i.HAL_PCD_ResumeCallback)
    HAL_PCD_SOFCallback                      0x08000ee1   Thumb Code     8  usbd_conf.o(i.HAL_PCD_SOFCallback)
    HAL_PCD_SetAddress                       0x08000ee9   Thumb Code    36  stm32f4xx_hal_pcd.o(i.HAL_PCD_SetAddress)
    HAL_PCD_SetupStageCallback               0x08000f0d   Thumb Code    14  usbd_conf.o(i.HAL_PCD_SetupStageCallback)
    HAL_PCD_Start                            0x08000f1b   Thumb Code    42  stm32f4xx_hal_pcd.o(i.HAL_PCD_Start)
    HAL_PCD_SuspendCallback                  0x08000f45   Thumb Code    44  usbd_conf.o(i.HAL_PCD_SuspendCallback)
    HAL_RCC_ClockConfig                      0x08000f75   Thumb Code   364  stm32f4xx_hal_rcc.o(i.HAL_RCC_ClockConfig)
    HAL_RCC_GetHCLKFreq                      0x080010f1   Thumb Code     6  stm32f4xx_hal_rcc.o(i.HAL_RCC_GetHCLKFreq)
    HAL_RCC_GetSysClockFreq                  0x080010fd   Thumb Code   104  stm32f4xx_hal_rcc.o(i.HAL_RCC_GetSysClockFreq)
    HAL_RCC_OscConfig                        0x0800116d   Thumb Code   770  stm32f4xx_hal_rcc.o(i.HAL_RCC_OscConfig)
    HAL_SYSTICK_CLKSourceConfig              0x08001481   Thumb Code    24  stm32f4xx_hal_cortex.o(i.HAL_SYSTICK_CLKSourceConfig)
    HAL_SYSTICK_Callback                     0x08001499   Thumb Code     2  stm32f4xx_hal_cortex.o(i.HAL_SYSTICK_Callback)
    HAL_SYSTICK_Config                       0x0800149b   Thumb Code    40  stm32f4xx_hal_cortex.o(i.HAL_SYSTICK_Config)
    HAL_SYSTICK_IRQHandler                   0x080014c3   Thumb Code     8  stm32f4xx_hal_cortex.o(i.HAL_SYSTICK_IRQHandler)
    MX_USB_DEVICE_Init                       0x080014cd   Thumb Code    38  usb_device.o(i.MX_USB_DEVICE_Init)
    OTG_FS_IRQHandler                        0x08001525   Thumb Code     6  stm32f4xx_it.o(i.OTG_FS_IRQHandler)
    PendSV_Handler                           0x080015b9   Thumb Code     2  stm32f4xx_it.o(i.PendSV_Handler)
    SVC_Handler                              0x080015bb   Thumb Code     2  stm32f4xx_it.o(i.SVC_Handler)
    SysTick_Handler                          0x080015bd   Thumb Code    14  stm32f4xx_it.o(i.SysTick_Handler)
    SystemClock_Config                       0x080015cd   Thumb Code   150  main.o(i.SystemClock_Config)
    SystemInit                               0x0800166d   Thumb Code    66  system_stm32f4xx.o(i.SystemInit)
    USBD_CDC_GetDeviceQualifierDescriptor    0x08001765   Thumb Code     8  usbd_cdc.o(i.USBD_CDC_GetDeviceQualifierDescriptor)
    USBD_CDC_ReceivePacket                   0x0800181d   Thumb Code    40  usbd_cdc.o(i.USBD_CDC_ReceivePacket)
    USBD_CDC_RegisterInterface               0x08001845   Thumb Code    16  usbd_cdc.o(i.USBD_CDC_RegisterInterface)
    USBD_CDC_SetRxBuffer                     0x08001855   Thumb Code    12  usbd_cdc.o(i.USBD_CDC_SetRxBuffer)
    USBD_CDC_SetTxBuffer                     0x08001861   Thumb Code    16  usbd_cdc.o(i.USBD_CDC_SetTxBuffer)
    USBD_CDC_TransmitPacket                  0x080018e1   Thumb Code    48  usbd_cdc.o(i.USBD_CDC_TransmitPacket)
    USBD_ClrClassConfig                      0x08001911   Thumb Code    14  usbd_core.o(i.USBD_ClrClassConfig)
    USBD_CtlContinueRx                       0x0800191f   Thumb Code    16  usbd_ioreq.o(i.USBD_CtlContinueRx)
    USBD_CtlContinueSendData                 0x0800192f   Thumb Code    16  usbd_ioreq.o(i.USBD_CtlContinueSendData)
    USBD_CtlError                            0x0800193f   Thumb Code    22  usbd_ctlreq.o(i.USBD_CtlError)
    USBD_CtlPrepareRx                        0x08001955   Thumb Code    30  usbd_ioreq.o(i.USBD_CtlPrepareRx)
    USBD_CtlReceiveStatus                    0x08001973   Thumb Code    22  usbd_ioreq.o(i.USBD_CtlReceiveStatus)
    USBD_CtlSendData                         0x08001989   Thumb Code    26  usbd_ioreq.o(i.USBD_CtlSendData)
    USBD_CtlSendStatus                       0x080019a3   Thumb Code    22  usbd_ioreq.o(i.USBD_CtlSendStatus)
    USBD_FS_ConfigStrDescriptor              0x080019b9   Thumb Code    16  usbd_desc.o(i.USBD_FS_ConfigStrDescriptor)
    USBD_FS_DeviceDescriptor                 0x080019d9   Thumb Code     8  usbd_desc.o(i.USBD_FS_DeviceDescriptor)
    USBD_FS_InterfaceStrDescriptor           0x080019e5   Thumb Code    16  usbd_desc.o(i.USBD_FS_InterfaceStrDescriptor)
    USBD_FS_LangIDStrDescriptor              0x08001a09   Thumb Code     8  usbd_desc.o(i.USBD_FS_LangIDStrDescriptor)
    USBD_FS_ManufacturerStrDescriptor        0x08001a15   Thumb Code    16  usbd_desc.o(i.USBD_FS_ManufacturerStrDescriptor)
    USBD_FS_ProductStrDescriptor             0x08001a3d   Thumb Code    16  usbd_desc.o(i.USBD_FS_ProductStrDescriptor)
    USBD_FS_SerialStrDescriptor              0x08001a69   Thumb Code    16  usbd_desc.o(i.USBD_FS_SerialStrDescriptor)
    USBD_GetString                           0x08001b6d   Thumb Code    70  usbd_ctlreq.o(i.USBD_GetString)
    USBD_Init                                0x08001bb3   Thumb Code    42  usbd_core.o(i.USBD_Init)
    USBD_LL_ClearStallEP                     0x08001bdd   Thumb Code    32  usbd_conf.o(i.USBD_LL_ClearStallEP)
    USBD_LL_CloseEP                          0x08001bfd   Thumb Code    32  usbd_conf.o(i.USBD_LL_CloseEP)
    USBD_LL_DataInStage                      0x08001c1d   Thumb Code   170  usbd_core.o(i.USBD_LL_DataInStage)
    USBD_LL_DataOutStage                     0x08001cc7   Thumb Code   106  usbd_core.o(i.USBD_LL_DataOutStage)
    USBD_LL_DevConnected                     0x08001d31   Thumb Code     4  usbd_core.o(i.USBD_LL_DevConnected)
    USBD_LL_DevDisconnected                  0x08001d35   Thumb Code    22  usbd_core.o(i.USBD_LL_DevDisconnected)
    USBD_LL_GetRxDataSize                    0x08001d4b   Thumb Code     8  usbd_conf.o(i.USBD_LL_GetRxDataSize)
    USBD_LL_Init                             0x08001d55   Thumb Code   100  usbd_conf.o(i.USBD_LL_Init)
    USBD_LL_IsStallEP                        0x08001dd1   Thumb Code    32  usbd_conf.o(i.USBD_LL_IsStallEP)
    USBD_LL_IsoINIncomplete                  0x08001df1   Thumb Code     4  usbd_core.o(i.USBD_LL_IsoINIncomplete)
    USBD_LL_IsoOUTIncomplete                 0x08001df5   Thumb Code     4  usbd_core.o(i.USBD_LL_IsoOUTIncomplete)
    USBD_LL_OpenEP                           0x08001df9   Thumb Code    38  usbd_conf.o(i.USBD_LL_OpenEP)
    USBD_LL_PrepareReceive                   0x08001e1f   Thumb Code    32  usbd_conf.o(i.USBD_LL_PrepareReceive)
    USBD_LL_Reset                            0x08001e3f   Thumb Code    62  usbd_core.o(i.USBD_LL_Reset)
    USBD_LL_Resume                           0x08001e7d   Thumb Code    12  usbd_core.o(i.USBD_LL_Resume)
    USBD_LL_SOF                              0x08001e89   Thumb Code    24  usbd_core.o(i.USBD_LL_SOF)
    USBD_LL_SetSpeed                         0x08001ea1   Thumb Code     6  usbd_core.o(i.USBD_LL_SetSpeed)
    USBD_LL_SetUSBAddress                    0x08001ea7   Thumb Code    32  usbd_conf.o(i.USBD_LL_SetUSBAddress)
    USBD_LL_SetupStage                       0x08001ec7   Thumb Code    90  usbd_core.o(i.USBD_LL_SetupStage)
    USBD_LL_StallEP                          0x08001f21   Thumb Code    32  usbd_conf.o(i.USBD_LL_StallEP)
    USBD_LL_Start                            0x08001f41   Thumb Code    32  usbd_conf.o(i.USBD_LL_Start)
    USBD_LL_Suspend                          0x08001f61   Thumb Code    18  usbd_core.o(i.USBD_LL_Suspend)
    USBD_LL_Transmit                         0x08001f73   Thumb Code    32  usbd_conf.o(i.USBD_LL_Transmit)
    USBD_ParseSetupRequest                   0x08001f93   Thumb Code    40  usbd_ctlreq.o(i.USBD_ParseSetupRequest)
    USBD_RegisterClass                       0x08001fbb   Thumb Code    16  usbd_core.o(i.USBD_RegisterClass)
    USBD_SetClassConfig                      0x08001fcb   Thumb Code    22  usbd_core.o(i.USBD_SetClassConfig)
    USBD_Start                               0x08002055   Thumb Code    10  usbd_core.o(i.USBD_Start)
    USBD_StdDevReq                           0x0800205f   Thumb Code   242  usbd_ctlreq.o(i.USBD_StdDevReq)
    USBD_StdEPReq                            0x08002151   Thumb Code   220  usbd_ctlreq.o(i.USBD_StdEPReq)
    USBD_StdItfReq                           0x0800222d   Thumb Code    52  usbd_ctlreq.o(i.USBD_StdItfReq)
    USB_ActivateEndpoint                     0x08002261   Thumb Code   122  stm32f4xx_ll_usb.o(i.USB_ActivateEndpoint)
    USB_ActivateSetup                        0x080022e1   Thumb Code    52  stm32f4xx_ll_usb.o(i.USB_ActivateSetup)
    USB_CoreInit                             0x08002315   Thumb Code   104  stm32f4xx_ll_usb.o(i.USB_CoreInit)
    USB_DeactivateEndpoint                   0x080023b9   Thumb Code   196  stm32f4xx_ll_usb.o(i.USB_DeactivateEndpoint)
    USB_DevConnect                           0x08002481   Thumb Code    24  stm32f4xx_ll_usb.o(i.USB_DevConnect)
    USB_DevDisconnect                        0x08002499   Thumb Code    24  stm32f4xx_ll_usb.o(i.USB_DevDisconnect)
    USB_DevInit                              0x080024b1   Thumb Code   302  stm32f4xx_ll_usb.o(i.USB_DevInit)
    USB_DisableGlobalInt                     0x080025f1   Thumb Code    12  stm32f4xx_ll_usb.o(i.USB_DisableGlobalInt)
    USB_EP0StartXfer                         0x080025fd   Thumb Code   316  stm32f4xx_ll_usb.o(i.USB_EP0StartXfer)
    USB_EP0_OutStart                         0x0800273d   Thumb Code    62  stm32f4xx_ll_usb.o(i.USB_EP0_OutStart)
    USB_EPClearStall                         0x0800277b   Thumb Code   100  stm32f4xx_ll_usb.o(i.USB_EPClearStall)
    USB_EPSetStall                           0x080027df   Thumb Code    94  stm32f4xx_ll_usb.o(i.USB_EPSetStall)
    USB_EPStartXfer                          0x0800283d   Thumb Code   534  stm32f4xx_ll_usb.o(i.USB_EPStartXfer)
    USB_EnableGlobalInt                      0x08002a59   Thumb Code    12  stm32f4xx_ll_usb.o(i.USB_EnableGlobalInt)
    USB_FlushRxFifo                          0x08002a65   Thumb Code    28  stm32f4xx_ll_usb.o(i.USB_FlushRxFifo)
    USB_FlushTxFifo                          0x08002a85   Thumb Code    32  stm32f4xx_ll_usb.o(i.USB_FlushTxFifo)
    USB_GetDevSpeed                          0x08002aa9   Thumb Code    60  stm32f4xx_ll_usb.o(i.USB_GetDevSpeed)
    USB_GetMode                              0x08002ae5   Thumb Code     8  stm32f4xx_ll_usb.o(i.USB_GetMode)
    USB_ReadDevAllInEpInterrupt              0x08002aed   Thumb Code    14  stm32f4xx_ll_usb.o(i.USB_ReadDevAllInEpInterrupt)
    USB_ReadDevAllOutEpInterrupt             0x08002afb   Thumb Code    14  stm32f4xx_ll_usb.o(i.USB_ReadDevAllOutEpInterrupt)
    USB_ReadDevInEPInterrupt                 0x08002b09   Thumb Code    30  stm32f4xx_ll_usb.o(i.USB_ReadDevInEPInterrupt)
    USB_ReadDevOutEPInterrupt                0x08002b27   Thumb Code    16  stm32f4xx_ll_usb.o(i.USB_ReadDevOutEPInterrupt)
    USB_ReadInterrupts                       0x08002b37   Thumb Code     8  stm32f4xx_ll_usb.o(i.USB_ReadInterrupts)
    USB_ReadPacket                           0x08002b3f   Thumb Code    32  stm32f4xx_ll_usb.o(i.USB_ReadPacket)
    USB_SetCurrentMode                       0x08002b5f   Thumb Code    44  stm32f4xx_ll_usb.o(i.USB_SetCurrentMode)
    USB_SetDevAddress                        0x08002b8b   Thumb Code    34  stm32f4xx_ll_usb.o(i.USB_SetDevAddress)
    USB_WritePacket                          0x08002bad   Thumb Code    40  stm32f4xx_ll_usb.o(i.USB_WritePacket)
    _Error_Handler                           0x08002bd5   Thumb Code     2  main.o(i._Error_Handler)
    __scatterload_copy                       0x08002bd7   Thumb Code    14  handlers.o(i.__scatterload_copy)
    __scatterload_null                       0x08002be5   Thumb Code     2  handlers.o(i.__scatterload_null)
    __scatterload_zeroinit                   0x08002be7   Thumb Code    14  handlers.o(i.__scatterload_zeroinit)
    free                                     0x08002bf5   Thumb Code    76  malloc.o(i.free)
    main                                     0x08002c45   Thumb Code    74  main.o(i.main)
    malloc                                   0x08002c99   Thumb Code    92  malloc.o(i.malloc)
    AHBPrescTable                            0x08002d04   Data          16  system_stm32f4xx.o(.constdata)
    Region$$Table$$Base                      0x08002d14   Number         0  anon$$obj.o(Region$$Table)
    Region$$Table$$Limit                     0x08002d34   Number         0  anon$$obj.o(Region$$Table)
    uwTick                                   0x20000000   Data           4  stm32f4xx_hal.o(.data)
    SystemCoreClock                          0x20000004   Data           4  system_stm32f4xx.o(.data)
    FS_Desc                                  0x20000008   Data          28  usbd_desc.o(.data)
    USBD_LangIDDesc                          0x20000024   Data           4  usbd_desc.o(.data)
    USBD_FS_DeviceDesc                       0x20000028   Data          18  usbd_desc.o(.data)
    _index                                   0x2000003a   Data           1  usbd_cdc_if.o(.data)
    USBD_Interface_fops_FS                   0x2000003c   Data          16  usbd_cdc_if.o(.data)
    mystring                                 0x2000004c   Data          15  main.o(.data)
    USBD_CDC_CfgHSDesc                       0x2000006c   Data          67  usbd_cdc.o(.data)
    USBD_CDC_CfgFSDesc                       0x200000b0   Data          67  usbd_cdc.o(.data)
    USBD_CDC_OtherSpeedCfgDesc               0x200000f4   Data          67  usbd_cdc.o(.data)
    USBD_CDC                                 0x20000138   Data          56  usbd_cdc.o(.data)
    __microlib_freelist                      0x20000174   Data           4  mvars.o(.data)
    __microlib_freelist_initialised          0x20000178   Data           4  mvars.o(.data)
    hUsbDeviceFS                             0x2000017c   Data         548  usb_device.o(.bss)
    USBD_StrDesc                             0x200003a0   Data         512  usbd_desc.o(.bss)
    hpcd_USB_OTG_FS                          0x200005a0   Data        1008  usbd_conf.o(.bss)
    UserRxBufferFS                           0x20000990   Data          64  usbd_cdc_if.o(.bss)
    UserTxBufferFS                           0x200009d0   Data          64  usbd_cdc_if.o(.bss)
    receive_data                             0x20000a10   Data          64  main.o(.bss)
    __heap_base                              0x20000a50   Data           0  startup_stm32f407xx.o(HEAP)
    __heap_limit                             0x20002a50   Data           0  startup_stm32f407xx.o(HEAP)
    __initial_sp                             0x20006a50   Data           0  startup_stm32f407xx.o(STACK)



==============================================================================

Memory Map of the image

  Image Entry point : 0x08000189

  Load Region LR_IROM1 (Base: 0x08000000, Size: 0x00002eb0, Max: 0x00100000, ABSOLUTE, COMPRESSED[0x00002e00])

    Execution Region ER_IROM1 (Base: 0x08000000, Size: 0x00002d34, Max: 0x00100000, ABSOLUTE)

    Base Addr    Size         Type   Attr      Idx    E Section Name        Object

    0x08000000   0x00000188   Data   RO         2203    RESET               startup_stm32f407xx.o
    0x08000188   0x00000000   Code   RO         2577  * .ARM.Collect$$$$00000000  mc_w.l(entry.o)
    0x08000188   0x00000004   Code   RO         2614    .ARM.Collect$$$$00000001  mc_w.l(entry2.o)
    0x0800018c   0x00000004   Code   RO         2617    .ARM.Collect$$$$00000004  mc_w.l(entry5.o)
    0x08000190   0x00000000   Code   RO         2619    .ARM.Collect$$$$00000008  mc_w.l(entry7b.o)
    0x08000190   0x00000000   Code   RO         2621    .ARM.Collect$$$$0000000A  mc_w.l(entry8b.o)
    0x08000190   0x00000008   Code   RO         2622    .ARM.Collect$$$$0000000B  mc_w.l(entry9a.o)
    0x08000198   0x00000000   Code   RO         2624    .ARM.Collect$$$$0000000D  mc_w.l(entry10a.o)
    0x08000198   0x00000000   Code   RO         2626    .ARM.Collect$$$$0000000F  mc_w.l(entry11a.o)
    0x08000198   0x00000004   Code   RO         2615    .ARM.Collect$$$$00002712  mc_w.l(entry2.o)
    0x0800019c   0x00000024   Code   RO         2204    .text               startup_stm32f407xx.o
    0x080001c0   0x00000024   Code   RO         2580    .text               mc_w.l(memcpya.o)
    0x080001e4   0x0000000e   Code   RO         2582    .text               mc_w.l(strlen.o)
    0x080001f2   0x00000002   PAD
    0x080001f4   0x00000024   Code   RO         2630    .text               mc_w.l(init.o)
    0x08000218   0x00000056   Code   RO         2640    .text               mc_w.l(__dczerorl2.o)
    0x0800026e   0x00000004   Code   RO         2107    i.CDC_Control_FS    usbd_cdc_if.o
    0x08000272   0x00000004   Code   RO         2108    i.CDC_DeInit_FS     usbd_cdc_if.o
    0x08000276   0x00000002   PAD
    0x08000278   0x00000024   Code   RO         2109    i.CDC_Init_FS       usbd_cdc_if.o
    0x0800029c   0x00000038   Code   RO         2110    i.CDC_Receive_FS    usbd_cdc_if.o
    0x080002d4   0x0000003c   Code   RO         2111    i.CDC_Transmit_FS   usbd_cdc_if.o
    0x08000310   0x0000001c   Code   RO         1206    i.HAL_Delay         stm32f4xx_hal.o
    0x0800032c   0x000001b0   Code   RO         1095    i.HAL_GPIO_Init     stm32f4xx_hal_gpio.o
    0x080004dc   0x0000000c   Code   RO         1212    i.HAL_GetTick       stm32f4xx_hal.o
    0x080004e8   0x00000010   Code   RO         1214    i.HAL_IncTick       stm32f4xx_hal.o
    0x080004f8   0x00000034   Code   RO         1215    i.HAL_Init          stm32f4xx_hal.o
    0x0800052c   0x00000028   Code   RO         1216    i.HAL_InitTick      stm32f4xx_hal.o
    0x08000554   0x00000058   Code   RO         1826    i.HAL_MspInit       stm32f4xx_hal_msp.o
    0x080005ac   0x00000016   Code   RO         1531    i.HAL_NVIC_EnableIRQ  stm32f4xx_hal_cortex.o
    0x080005c2   0x00000002   PAD
    0x080005c4   0x00000040   Code   RO         1537    i.HAL_NVIC_SetPriority  stm32f4xx_hal_cortex.o
    0x08000604   0x00000024   Code   RO         1538    i.HAL_NVIC_SetPriorityGrouping  stm32f4xx_hal_cortex.o
    0x08000628   0x00000008   Code   RO          926    i.HAL_PCDEx_SetRxFiFo  stm32f4xx_hal_pcd_ex.o
    0x08000630   0x00000044   Code   RO          927    i.HAL_PCDEx_SetTxFiFo  stm32f4xx_hal_pcd_ex.o
    0x08000674   0x00000008   Code   RO         1918    i.HAL_PCD_ConnectCallback  usbd_conf.o
    0x0800067c   0x00000012   Code   RO         1919    i.HAL_PCD_DataInStageCallback  usbd_conf.o
    0x0800068e   0x00000014   Code   RO         1920    i.HAL_PCD_DataOutStageCallback  usbd_conf.o
    0x080006a2   0x00000008   Code   RO         1921    i.HAL_PCD_DisconnectCallback  usbd_conf.o
    0x080006aa   0x00000044   Code   RO          558    i.HAL_PCD_EP_Close  stm32f4xx_hal_pcd.o
    0x080006ee   0x00000050   Code   RO          559    i.HAL_PCD_EP_ClrStall  stm32f4xx_hal_pcd.o
    0x0800073e   0x00000014   Code   RO          561    i.HAL_PCD_EP_GetRxCount  stm32f4xx_hal_pcd.o
    0x08000752   0x00000054   Code   RO          562    i.HAL_PCD_EP_Open   stm32f4xx_hal_pcd.o
    0x080007a6   0x00000048   Code   RO          563    i.HAL_PCD_EP_Receive  stm32f4xx_hal_pcd.o
    0x080007ee   0x00000060   Code   RO          564    i.HAL_PCD_EP_SetStall  stm32f4xx_hal_pcd.o
    0x0800084e   0x00000040   Code   RO          565    i.HAL_PCD_EP_Transmit  stm32f4xx_hal_pcd.o
    0x0800088e   0x00000002   PAD
    0x08000890   0x000004f4   Code   RO          567    i.HAL_PCD_IRQHandler  stm32f4xx_hal_pcd.o
    0x08000d84   0x00000008   Code   RO         1922    i.HAL_PCD_ISOINIncompleteCallback  usbd_conf.o
    0x08000d8c   0x00000008   Code   RO         1923    i.HAL_PCD_ISOOUTIncompleteCallback  usbd_conf.o
    0x08000d94   0x000000be   Code   RO          570    i.HAL_PCD_Init      stm32f4xx_hal_pcd.o
    0x08000e52   0x00000002   PAD
    0x08000e54   0x00000064   Code   RO         1925    i.HAL_PCD_MspInit   usbd_conf.o
    0x08000eb8   0x00000020   Code   RO         1926    i.HAL_PCD_ResetCallback  usbd_conf.o
    0x08000ed8   0x00000008   Code   RO         1927    i.HAL_PCD_ResumeCallback  usbd_conf.o
    0x08000ee0   0x00000008   Code   RO         1928    i.HAL_PCD_SOFCallback  usbd_conf.o
    0x08000ee8   0x00000024   Code   RO          576    i.HAL_PCD_SetAddress  stm32f4xx_hal_pcd.o
    0x08000f0c   0x0000000e   Code   RO         1929    i.HAL_PCD_SetupStageCallback  usbd_conf.o
    0x08000f1a   0x0000002a   Code   RO          578    i.HAL_PCD_Start     stm32f4xx_hal_pcd.o
    0x08000f44   0x00000030   Code   RO         1930    i.HAL_PCD_SuspendCallback  usbd_conf.o
    0x08000f74   0x0000017c   Code   RO         1353    i.HAL_RCC_ClockConfig  stm32f4xx_hal_rcc.o
    0x080010f0   0x0000000c   Code   RO         1358    i.HAL_RCC_GetHCLKFreq  stm32f4xx_hal_rcc.o
    0x080010fc   0x00000070   Code   RO         1362    i.HAL_RCC_GetSysClockFreq  stm32f4xx_hal_rcc.o
    0x0800116c   0x00000314   Code   RO         1365    i.HAL_RCC_OscConfig  stm32f4xx_hal_rcc.o
    0x08001480   0x00000018   Code   RO         1540    i.HAL_SYSTICK_CLKSourceConfig  stm32f4xx_hal_cortex.o
    0x08001498   0x00000002   Code   RO         1541    i.HAL_SYSTICK_Callback  stm32f4xx_hal_cortex.o
    0x0800149a   0x00000028   Code   RO         1542    i.HAL_SYSTICK_Config  stm32f4xx_hal_cortex.o
    0x080014c2   0x00000008   Code   RO         1543    i.HAL_SYSTICK_IRQHandler  stm32f4xx_hal_cortex.o
    0x080014ca   0x00000002   PAD
    0x080014cc   0x00000038   Code   RO         1763    i.MX_USB_DEVICE_Init  usb_device.o
    0x08001504   0x00000020   Code   RO         1544    i.NVIC_SetPriority  stm32f4xx_hal_cortex.o
    0x08001524   0x0000000c   Code   RO         1717    i.OTG_FS_IRQHandler  stm32f4xx_it.o
    0x08001530   0x00000088   Code   RO          581    i.PCD_WriteEmptyTxFifo  stm32f4xx_hal_pcd.o
    0x080015b8   0x00000002   Code   RO         1718    i.PendSV_Handler    stm32f4xx_it.o
    0x080015ba   0x00000002   Code   RO         1719    i.SVC_Handler       stm32f4xx_it.o
    0x080015bc   0x0000000e   Code   RO         1720    i.SysTick_Handler   stm32f4xx_it.o
    0x080015ca   0x00000002   PAD
    0x080015cc   0x000000a0   Code   RO         2160    i.SystemClock_Config  main.o
    0x0800166c   0x00000054   Code   RO         1680    i.SystemInit        system_stm32f4xx.o
    0x080016c0   0x00000014   Code   RO         2349    i.USBD_CDC_DataIn   usbd_cdc.o
    0x080016d4   0x0000002e   Code   RO         2350    i.USBD_CDC_DataOut  usbd_cdc.o
    0x08001702   0x0000003c   Code   RO         2351    i.USBD_CDC_DeInit   usbd_cdc.o
    0x0800173e   0x00000024   Code   RO         2352    i.USBD_CDC_EP0_RxReady  usbd_cdc.o
    0x08001762   0x00000002   PAD
    0x08001764   0x0000000c   Code   RO         2353    i.USBD_CDC_GetDeviceQualifierDescriptor  usbd_cdc.o
    0x08001770   0x0000000c   Code   RO         2354    i.USBD_CDC_GetFSCfgDesc  usbd_cdc.o
    0x0800177c   0x0000000c   Code   RO         2355    i.USBD_CDC_GetHSCfgDesc  usbd_cdc.o
    0x08001788   0x0000000c   Code   RO         2356    i.USBD_CDC_GetOtherSpeedCfgDesc  usbd_cdc.o
    0x08001794   0x00000088   Code   RO         2357    i.USBD_CDC_Init     usbd_cdc.o
    0x0800181c   0x00000028   Code   RO         2358    i.USBD_CDC_ReceivePacket  usbd_cdc.o
    0x08001844   0x00000010   Code   RO         2359    i.USBD_CDC_RegisterInterface  usbd_cdc.o
    0x08001854   0x0000000c   Code   RO         2360    i.USBD_CDC_SetRxBuffer  usbd_cdc.o
    0x08001860   0x00000010   Code   RO         2361    i.USBD_CDC_SetTxBuffer  usbd_cdc.o
    0x08001870   0x00000070   Code   RO         2362    i.USBD_CDC_Setup    usbd_cdc.o
    0x080018e0   0x00000030   Code   RO         2363    i.USBD_CDC_TransmitPacket  usbd_cdc.o
    0x08001910   0x0000000e   Code   RO         2211    i.USBD_ClrClassConfig  usbd_core.o
    0x0800191e   0x00000010   Code   RO         2455    i.USBD_CtlContinueRx  usbd_ioreq.o
    0x0800192e   0x00000010   Code   RO         2456    i.USBD_CtlContinueSendData  usbd_ioreq.o
    0x0800193e   0x00000016   Code   RO         2515    i.USBD_CtlError     usbd_ctlreq.o
    0x08001954   0x0000001e   Code   RO         2457    i.USBD_CtlPrepareRx  usbd_ioreq.o
    0x08001972   0x00000016   Code   RO         2458    i.USBD_CtlReceiveStatus  usbd_ioreq.o
    0x08001988   0x0000001a   Code   RO         2459    i.USBD_CtlSendData  usbd_ioreq.o
    0x080019a2   0x00000016   Code   RO         2460    i.USBD_CtlSendStatus  usbd_ioreq.o
    0x080019b8   0x00000020   Code   RO         1850    i.USBD_FS_ConfigStrDescriptor  usbd_desc.o
    0x080019d8   0x0000000c   Code   RO         1851    i.USBD_FS_DeviceDescriptor  usbd_desc.o
    0x080019e4   0x00000024   Code   RO         1852    i.USBD_FS_InterfaceStrDescriptor  usbd_desc.o
    0x08001a08   0x0000000c   Code   RO         1853    i.USBD_FS_LangIDStrDescriptor  usbd_desc.o
    0x08001a14   0x00000028   Code   RO         1854    i.USBD_FS_ManufacturerStrDescriptor  usbd_desc.o
    0x08001a3c   0x0000002c   Code   RO         1855    i.USBD_FS_ProductStrDescriptor  usbd_desc.o
    0x08001a68   0x00000024   Code   RO         1856    i.USBD_FS_SerialStrDescriptor  usbd_desc.o
    0x08001a8c   0x000000e0   Code   RO         2516    i.USBD_GetDescriptor  usbd_ctlreq.o
    0x08001b6c   0x00000046   Code   RO         2517    i.USBD_GetString    usbd_ctlreq.o
    0x08001bb2   0x0000002a   Code   RO         2213    i.USBD_Init         usbd_core.o
    0x08001bdc   0x00000020   Code   RO         1931    i.USBD_LL_ClearStallEP  usbd_conf.o
    0x08001bfc   0x00000020   Code   RO         1932    i.USBD_LL_CloseEP   usbd_conf.o
    0x08001c1c   0x000000aa   Code   RO         2214    i.USBD_LL_DataInStage  usbd_core.o
    0x08001cc6   0x0000006a   Code   RO         2215    i.USBD_LL_DataOutStage  usbd_core.o
    0x08001d30   0x00000004   Code   RO         2216    i.USBD_LL_DevConnected  usbd_core.o
    0x08001d34   0x00000016   Code   RO         2217    i.USBD_LL_DevDisconnected  usbd_core.o
    0x08001d4a   0x00000008   Code   RO         1936    i.USBD_LL_GetRxDataSize  usbd_conf.o
    0x08001d52   0x00000002   PAD
    0x08001d54   0x0000007c   Code   RO         1937    i.USBD_LL_Init      usbd_conf.o
    0x08001dd0   0x00000020   Code   RO         1938    i.USBD_LL_IsStallEP  usbd_conf.o
    0x08001df0   0x00000004   Code   RO         2218    i.USBD_LL_IsoINIncomplete  usbd_core.o
    0x08001df4   0x00000004   Code   RO         2219    i.USBD_LL_IsoOUTIncomplete  usbd_core.o
    0x08001df8   0x00000026   Code   RO         1939    i.USBD_LL_OpenEP    usbd_conf.o
    0x08001e1e   0x00000020   Code   RO         1940    i.USBD_LL_PrepareReceive  usbd_conf.o
    0x08001e3e   0x0000003e   Code   RO         2220    i.USBD_LL_Reset     usbd_core.o
    0x08001e7c   0x0000000c   Code   RO         2221    i.USBD_LL_Resume    usbd_core.o
    0x08001e88   0x00000018   Code   RO         2222    i.USBD_LL_SOF       usbd_core.o
    0x08001ea0   0x00000006   Code   RO         2223    i.USBD_LL_SetSpeed  usbd_core.o
    0x08001ea6   0x00000020   Code   RO         1941    i.USBD_LL_SetUSBAddress  usbd_conf.o
    0x08001ec6   0x0000005a   Code   RO         2224    i.USBD_LL_SetupStage  usbd_core.o
    0x08001f20   0x00000020   Code   RO         1942    i.USBD_LL_StallEP   usbd_conf.o
    0x08001f40   0x00000020   Code   RO         1943    i.USBD_LL_Start     usbd_conf.o
    0x08001f60   0x00000012   Code   RO         2225    i.USBD_LL_Suspend   usbd_core.o
    0x08001f72   0x00000020   Code   RO         1945    i.USBD_LL_Transmit  usbd_conf.o
    0x08001f92   0x00000028   Code   RO         2518    i.USBD_ParseSetupRequest  usbd_ctlreq.o
    0x08001fba   0x00000010   Code   RO         2226    i.USBD_RegisterClass  usbd_core.o
    0x08001fca   0x00000016   Code   RO         2228    i.USBD_SetClassConfig  usbd_core.o
    0x08001fe0   0x00000074   Code   RO         2519    i.USBD_SetConfig    usbd_ctlreq.o
    0x08002054   0x0000000a   Code   RO         2229    i.USBD_Start        usbd_core.o
    0x0800205e   0x000000f2   Code   RO         2520    i.USBD_StdDevReq    usbd_ctlreq.o
    0x08002150   0x000000dc   Code   RO         2521    i.USBD_StdEPReq     usbd_ctlreq.o
    0x0800222c   0x00000034   Code   RO         2522    i.USBD_StdItfReq    usbd_ctlreq.o
    0x08002260   0x00000080   Code   RO            5    i.USB_ActivateEndpoint  stm32f4xx_ll_usb.o
    0x080022e0   0x00000034   Code   RO            6    i.USB_ActivateSetup  stm32f4xx_ll_usb.o
    0x08002314   0x0000006c   Code   RO            8    i.USB_CoreInit      stm32f4xx_ll_usb.o
    0x08002380   0x00000038   Code   RO            9    i.USB_CoreReset     stm32f4xx_ll_usb.o
    0x080023b8   0x000000c8   Code   RO           11    i.USB_DeactivateEndpoint  stm32f4xx_ll_usb.o
    0x08002480   0x00000018   Code   RO           12    i.USB_DevConnect    stm32f4xx_ll_usb.o
    0x08002498   0x00000018   Code   RO           13    i.USB_DevDisconnect  stm32f4xx_ll_usb.o
    0x080024b0   0x00000140   Code   RO           14    i.USB_DevInit       stm32f4xx_ll_usb.o
    0x080025f0   0x0000000c   Code   RO           15    i.USB_DisableGlobalInt  stm32f4xx_ll_usb.o
    0x080025fc   0x00000140   Code   RO           18    i.USB_EP0StartXfer  stm32f4xx_ll_usb.o
    0x0800273c   0x0000003e   Code   RO           19    i.USB_EP0_OutStart  stm32f4xx_ll_usb.o
    0x0800277a   0x00000064   Code   RO           20    i.USB_EPClearStall  stm32f4xx_ll_usb.o
    0x080027de   0x0000005e   Code   RO           21    i.USB_EPSetStall    stm32f4xx_ll_usb.o
    0x0800283c   0x0000021c   Code   RO           22    i.USB_EPStartXfer   stm32f4xx_ll_usb.o
    0x08002a58   0x0000000c   Code   RO           23    i.USB_EnableGlobalInt  stm32f4xx_ll_usb.o
    0x08002a64   0x00000020   Code   RO           24    i.USB_FlushRxFifo   stm32f4xx_ll_usb.o
    0x08002a84   0x00000024   Code   RO           25    i.USB_FlushTxFifo   stm32f4xx_ll_usb.o
    0x08002aa8   0x0000003c   Code   RO           27    i.USB_GetDevSpeed   stm32f4xx_ll_usb.o
    0x08002ae4   0x00000008   Code   RO           29    i.USB_GetMode       stm32f4xx_ll_usb.o
    0x08002aec   0x0000000e   Code   RO           36    i.USB_ReadDevAllInEpInterrupt  stm32f4xx_ll_usb.o
    0x08002afa   0x0000000e   Code   RO           37    i.USB_ReadDevAllOutEpInterrupt  stm32f4xx_ll_usb.o
    0x08002b08   0x0000001e   Code   RO           38    i.USB_ReadDevInEPInterrupt  stm32f4xx_ll_usb.o
    0x08002b26   0x00000010   Code   RO           39    i.USB_ReadDevOutEPInterrupt  stm32f4xx_ll_usb.o
    0x08002b36   0x00000008   Code   RO           40    i.USB_ReadInterrupts  stm32f4xx_ll_usb.o
    0x08002b3e   0x00000020   Code   RO           41    i.USB_ReadPacket    stm32f4xx_ll_usb.o
    0x08002b5e   0x0000002c   Code   RO           43    i.USB_SetCurrentMode  stm32f4xx_ll_usb.o
    0x08002b8a   0x00000022   Code   RO           44    i.USB_SetDevAddress  stm32f4xx_ll_usb.o
    0x08002bac   0x00000028   Code   RO           48    i.USB_WritePacket   stm32f4xx_ll_usb.o
    0x08002bd4   0x00000002   Code   RO         2161    i._Error_Handler    main.o
    0x08002bd6   0x0000000e   Code   RO         2634    i.__scatterload_copy  mc_w.l(handlers.o)
    0x08002be4   0x00000002   Code   RO         2635    i.__scatterload_null  mc_w.l(handlers.o)
    0x08002be6   0x0000000e   Code   RO         2636    i.__scatterload_zeroinit  mc_w.l(handlers.o)
    0x08002bf4   0x00000050   Code   RO         2586    i.free              mc_w.l(malloc.o)
    0x08002c44   0x00000054   Code   RO         2162    i.main              main.o
    0x08002c98   0x0000006c   Code   RO         2587    i.malloc            mc_w.l(malloc.o)
    0x08002d04   0x00000010   Data   RO         1681    .constdata          system_stm32f4xx.o
    0x08002d14   0x00000020   Data   RO         2632    Region$$Table       anon$$obj.o


    Execution Region RW_IRAM1 (Base: 0x20000000, Size: 0x00006a50, Max: 0x00020000, ABSOLUTE, COMPRESSED[0x000000cc])

    Base Addr    Size         Type   Attr      Idx    E Section Name        Object

    0x20000000   0x00000004   Data   RW         1221    .data               stm32f4xx_hal.o
    0x20000004   0x00000004   Data   RW         1683    .data               system_stm32f4xx.o
    0x20000008   0x0000001c   Data   RW         1858    .data               usbd_desc.o
    0x20000024   0x00000016   Data   RW         1859    .data               usbd_desc.o
    0x2000003a   0x00000001   Data   RW         2113    .data               usbd_cdc_if.o
    0x2000003b   0x00000001   PAD
    0x2000003c   0x00000010   Data   RW         2114    .data               usbd_cdc_if.o
    0x2000004c   0x0000000f   Data   RW         2164    .data               main.o
    0x2000005b   0x00000001   PAD
    0x2000005c   0x000000db   Data   RW         2364    .data               usbd_cdc.o
    0x20000137   0x00000001   PAD
    0x20000138   0x00000038   Data   RW         2365    .data               usbd_cdc.o
    0x20000170   0x00000001   Data   RW         2523    .data               usbd_ctlreq.o
    0x20000171   0x00000003   PAD
    0x20000174   0x00000004   Data   RW         2628    .data               mc_w.l(mvars.o)
    0x20000178   0x00000004   Data   RW         2629    .data               mc_w.l(mvars.o)
    0x2000017c   0x00000224   Zero   RW         1764    .bss                usb_device.o
    0x200003a0   0x00000200   Zero   RW         1857    .bss                usbd_desc.o
    0x200005a0   0x000003f0   Zero   RW         1946    .bss                usbd_conf.o
    0x20000990   0x00000080   Zero   RW         2112    .bss                usbd_cdc_if.o
    0x20000a10   0x00000040   Zero   RW         2163    .bss                main.o
    0x20000a50   0x00002000   Zero   RW         2202    HEAP                startup_stm32f407xx.o
    0x20002a50   0x00004000   Zero   RW         2201    STACK               startup_stm32f407xx.o


==============================================================================

Image component sizes


      Code (inc. data)   RO Data    RW Data    ZI Data      Debug   Object Name

       246         20          0         15         64       2493   main.o
        36          8        392          0      24576        796   startup_stm32f407xx.o
       148         22          0          4          0       4367   stm32f4xx_hal.o
       228         14          0          0          0      32073   stm32f4xx_hal_cortex.o
       432         44          0          0          0       1748   stm32f4xx_hal_gpio.o
        88          0          0          0          0        514   stm32f4xx_hal_msp.o
      2156         72          0          0          0      11233   stm32f4xx_hal_pcd.o
        76          0          0          0          0       1824   stm32f4xx_hal_pcd_ex.o
      1292         48          0          0          0       4426   stm32f4xx_hal_rcc.o
        30          6          0          0          0       1817   stm32f4xx_it.o
      2420         56          0          0          0     653364   stm32f4xx_ll_usb.o
        84         18         16          4          0       1135   system_stm32f4xx.o
        56         18          0          0        548       6723   usb_device.o
       590         22          0        275          0      12958   usbd_cdc.o
       160         30          0         17        128       3364   usbd_cdc_if.o
       706         36          0          0       1008      14266   usbd_conf.o
       626          0          0          0          0      11866   usbd_core.o
       986         30          0          1          0       7916   usbd_ctlreq.o
       212        116          0         50        512       5075   usbd_desc.o
       132          0          0          0          0       4452   usbd_ioreq.o

    ----------------------------------------------------------------------
     10720        560        440        372      26836     782410   Object Totals
         0          0         32          0          0          0   (incl. Generated)
        16          0          0          6          0          0   (incl. Padding)

    ----------------------------------------------------------------------

      Code (inc. data)   RO Data    RW Data    ZI Data      Debug   Library Member Name

        86          0          0          0          0          0   __dczerorl2.o
         0          0          0          0          0          0   entry.o
         0          0          0          0          0          0   entry10a.o
         0          0          0          0          0          0   entry11a.o
         8          4          0          0          0          0   entry2.o
         4          0          0          0          0          0   entry5.o
         0          0          0          0          0          0   entry7b.o
         0          0          0          0          0          0   entry8b.o
         8          4          0          0          0          0   entry9a.o
        30          0          0          0          0          0   handlers.o
        36          8          0          0          0         68   init.o
       188         20          0          0          0        160   malloc.o
        36          0          0          0          0         68   memcpya.o
         0          0          0          8          0          0   mvars.o
        14          0          0          0          0         68   strlen.o

    ----------------------------------------------------------------------
       412         36          0          8          0        364   Library Totals
         2          0          0          0          0          0   (incl. Padding)

    ----------------------------------------------------------------------

      Code (inc. data)   RO Data    RW Data    ZI Data      Debug   Library Name

       410         36          0          8          0        364   mc_w.l

    ----------------------------------------------------------------------
       412         36          0          8          0        364   Library Totals

    ----------------------------------------------------------------------

==============================================================================


      Code (inc. data)   RO Data    RW Data    ZI Data      Debug   

     11132        596        440        380      26836     768554   Grand Totals
     11132        596        440        204      26836     768554   ELF Image Totals (compressed)
     11132        596        440        204          0          0   ROM Totals

==============================================================================

    Total RO  Size (Code + RO Data)                11572 (  11.30kB)
    Total RW  Size (RW Data + ZI Data)             27216 (  26.58kB)
    Total ROM Size (Code + RO Data + RW Data)      11776 (  11.50kB)

==============================================================================

