Component: ARM Compiler 5.06 update 4 (build 422) Tool: armlink [4d35d2]

==============================================================================

Section Cross References

    stm32f4xx_hal_pwr.o(i.HAL_PWR_PVD_IRQHandler) refers to stm32f4xx_hal_pwr.o(i.HAL_PWR_PVDCallback) for HAL_PWR_PVDCallback
    stm32f4xx_hal_rcc_ex.o(i.HAL_RCCEx_PeriphCLKConfig) refers to stm32f4xx_hal.o(i.HAL_GetTick) for HAL_GetTick
    stm32f4xx_hal_rcc_ex.o(i.HAL_RCC_DeInit) refers to system_stm32f4xx.o(.data) for SystemCoreClock
    stm32f4xx_hal_pwr_ex.o(i.HAL_PWREx_ControlVoltageScaling) refers to stm32f4xx_hal.o(i.HAL_GetTick) for HAL_GetTick
    stm32f4xx_hal_pwr_ex.o(i.HAL_PWREx_DisableBkUpReg) refers to stm32f4xx_hal.o(i.HAL_GetTick) for HAL_GetTick
    stm32f4xx_hal_pwr_ex.o(i.HAL_PWREx_EnableBkUpReg) refers to stm32f4xx_hal.o(i.HAL_GetTick) for HAL_GetTick
    stm32f4xx_hal_flash.o(i.FLASH_SetErrorCode) refers to stm32f4xx_hal_flash.o(.bss) for .bss
    stm32f4xx_hal_flash.o(i.FLASH_WaitForLastOperation) refers to stm32f4xx_hal.o(i.HAL_GetTick) for HAL_GetTick
    stm32f4xx_hal_flash.o(i.FLASH_WaitForLastOperation) refers to stm32f4xx_hal_flash.o(i.FLASH_SetErrorCode) for FLASH_SetErrorCode
    stm32f4xx_hal_flash.o(i.FLASH_WaitForLastOperation) refers to stm32f4xx_hal_flash.o(.bss) for .bss
    stm32f4xx_hal_flash.o(i.HAL_FLASH_GetError) refers to stm32f4xx_hal_flash.o(.bss) for .bss
    stm32f4xx_hal_flash.o(i.HAL_FLASH_IRQHandler) refers to stm32f4xx_hal_flash.o(i.FLASH_SetErrorCode) for FLASH_SetErrorCode
    stm32f4xx_hal_flash.o(i.HAL_FLASH_IRQHandler) refers to stm32f4xx_hal_flash.o(i.HAL_FLASH_OperationErrorCallback) for HAL_FLASH_OperationErrorCallback
    stm32f4xx_hal_flash.o(i.HAL_FLASH_IRQHandler) refers to stm32f4xx_hal_flash.o(i.HAL_FLASH_EndOfOperationCallback) for HAL_FLASH_EndOfOperationCallback
    stm32f4xx_hal_flash.o(i.HAL_FLASH_IRQHandler) refers to stm32f4xx_hal_flash_ex.o(i.FLASH_Erase_Sector) for FLASH_Erase_Sector
    stm32f4xx_hal_flash.o(i.HAL_FLASH_IRQHandler) refers to stm32f4xx_hal_flash_ex.o(i.FLASH_FlushCaches) for FLASH_FlushCaches
    stm32f4xx_hal_flash.o(i.HAL_FLASH_IRQHandler) refers to stm32f4xx_hal_flash.o(.bss) for .bss
    stm32f4xx_hal_flash.o(i.HAL_FLASH_OB_Launch) refers to stm32f4xx_hal_flash.o(i.FLASH_WaitForLastOperation) for FLASH_WaitForLastOperation
    stm32f4xx_hal_flash.o(i.HAL_FLASH_Program) refers to stm32f4xx_hal_flash.o(i.FLASH_WaitForLastOperation) for FLASH_WaitForLastOperation
    stm32f4xx_hal_flash.o(i.HAL_FLASH_Program) refers to stm32f4xx_hal_flash.o(i.FLASH_Program_DoubleWord) for FLASH_Program_DoubleWord
    stm32f4xx_hal_flash.o(i.HAL_FLASH_Program) refers to stm32f4xx_hal_flash.o(i.FLASH_Program_Byte) for FLASH_Program_Byte
    stm32f4xx_hal_flash.o(i.HAL_FLASH_Program) refers to stm32f4xx_hal_flash.o(i.FLASH_Program_HalfWord) for FLASH_Program_HalfWord
    stm32f4xx_hal_flash.o(i.HAL_FLASH_Program) refers to stm32f4xx_hal_flash.o(i.FLASH_Program_Word) for FLASH_Program_Word
    stm32f4xx_hal_flash.o(i.HAL_FLASH_Program) refers to stm32f4xx_hal_flash.o(.bss) for .bss
    stm32f4xx_hal_flash.o(i.HAL_FLASH_Program_IT) refers to stm32f4xx_hal_flash.o(i.FLASH_Program_DoubleWord) for FLASH_Program_DoubleWord
    stm32f4xx_hal_flash.o(i.HAL_FLASH_Program_IT) refers to stm32f4xx_hal_flash.o(i.FLASH_Program_Byte) for FLASH_Program_Byte
    stm32f4xx_hal_flash.o(i.HAL_FLASH_Program_IT) refers to stm32f4xx_hal_flash.o(i.FLASH_Program_HalfWord) for FLASH_Program_HalfWord
    stm32f4xx_hal_flash.o(i.HAL_FLASH_Program_IT) refers to stm32f4xx_hal_flash.o(i.FLASH_Program_Word) for FLASH_Program_Word
    stm32f4xx_hal_flash.o(i.HAL_FLASH_Program_IT) refers to stm32f4xx_hal_flash.o(.bss) for .bss
    stm32f4xx_hal_cortex.o(i.HAL_NVIC_SetPriority) refers to stm32f4xx_hal_cortex.o(i.NVIC_SetPriority) for NVIC_SetPriority
    stm32f4xx_hal_cortex.o(i.HAL_SYSTICK_Config) refers to stm32f4xx_hal_cortex.o(i.NVIC_SetPriority) for NVIC_SetPriority
    stm32f4xx_hal_cortex.o(i.HAL_SYSTICK_IRQHandler) refers to stm32f4xx_hal_cortex.o(i.HAL_SYSTICK_Callback) for HAL_SYSTICK_Callback
    stm32f4xx_hal_gpio.o(i.HAL_GPIO_EXTI_IRQHandler) refers to stm32f4xx_hal_gpio.o(i.HAL_GPIO_EXTI_Callback) for HAL_GPIO_EXTI_Callback
    stm32f4xx_hal_dma_ex.o(i.HAL_DMAEx_MultiBufferStart) refers to stm32f4xx_hal_dma_ex.o(i.DMA_MultiBufferSetConfig) for DMA_MultiBufferSetConfig
    stm32f4xx_hal_dma_ex.o(i.HAL_DMAEx_MultiBufferStart_IT) refers to stm32f4xx_hal_dma_ex.o(i.DMA_MultiBufferSetConfig) for DMA_MultiBufferSetConfig
    stm32f4xx_hal.o(i.HAL_DeInit) refers to stm32f4xx_hal.o(i.HAL_MspDeInit) for HAL_MspDeInit
    stm32f4xx_hal.o(i.HAL_Delay) refers to stm32f4xx_hal.o(i.HAL_GetTick) for HAL_GetTick
    stm32f4xx_hal.o(i.HAL_GetTick) refers to stm32f4xx_hal.o(.data) for .data
    stm32f4xx_hal.o(i.HAL_IncTick) refers to stm32f4xx_hal.o(.data) for .data
    stm32f4xx_hal.o(i.HAL_Init) refers to stm32f4xx_hal_cortex.o(i.HAL_NVIC_SetPriorityGrouping) for HAL_NVIC_SetPriorityGrouping
[...]
    ..\Drivers\STM32F4xx_HAL_Driver\Src\stm32f4xx_hal_pwr_ex.c 0x00000000   Number         0  stm32f4xx_hal_pwr_ex.o ABSOLUTE
    ..\Drivers\STM32F4xx_HAL_Driver\Src\stm32f4xx_hal_rcc.c 0x00000000   Number         0  stm32f4xx_hal_rcc.o ABSOLUTE
    ..\Drivers\STM32F4xx_HAL_Driver\Src\stm32f4xx_hal_rcc_ex.c 0x00000000   Number         0  stm32f4xx_hal_rcc_ex.o ABSOLUTE
    ..\Drivers\STM32F4xx_HAL_Driver\Src\stm32f4xx_hal_tim.c 0x00000000   Number         0  stm32f4xx_hal_tim.o ABSOLUTE
    ..\Drivers\STM32F4xx_HAL_Driver\Src\stm32f4xx_hal_tim_ex.c 0x00000000   Number         0  stm32f4xx_hal_tim_ex.o ABSOLUTE
    ..\Drivers\STM32F4xx_HAL_Driver\Src\stm32f4xx_ll_usb.c 0x00000000   Number         0  stm32f4xx_ll_usb.o ABSOLUTE
    ..\Middlewares\ST\STM32_USB_Device_Library\Class\CDC\Src\usbd_cdc.c 0x00000000   Number         0  usbd_cdc.o ABSOLUTE
    ..\Middlewares\ST\STM32_USB_Device_Library\Core\Src\usbd_core.c 0x00000000   Number         0  usbd_core.o ABSOLUTE
    ..\Middlewares\ST\STM32_USB_Device_Library\Core\Src\usbd_ctlreq.c 0x00000000   Number         0  usbd_ctlreq.o ABSOLUTE
    ..\Middlewares\ST\STM32_USB_Device_Library\Core\Src\usbd_ioreq.c 0x00000000   Number         0  usbd_ioreq.o ABSOLUTE
    ..\Src\main.c                            0x00000000   Number         0  main.o ABSOLUTE
    ..\Src\stm32f4xx_hal_msp.c               0x00000000   Number         0  stm32f4xx_hal_msp.o ABSOLUTE
    ..\Src\stm32f4xx_it.c                    0x00000000   Number         0  stm32f4xx_it.o ABSOLUTE
    ..\Src\system_stm32f4xx.c                0x00000000   Number         0  system_stm32f4xx.o ABSOLUTE
    ..\Src\usb_device.c                      0x00000000   Number         0  usb_device.o ABSOLUTE
    ..\Src\usbd_cdc_if.c                     0x00000000   Number         0  usbd_cdc_if.o ABSOLUTE
    ..\Src\usbd_conf.c                       0x00000000   Number         0  usbd_conf.o ABSOLUTE
    ..\Src\usbd_desc.c                       0x00000000   Number         0  usbd_desc.o ABSOLUTE
    cdrcmple.s                               0x00000000   Number         0  cdrcmple.o ABSOLUTE
    dc.s                                     0x00000000   Number         0  dc.o ABSOLUTE
    handlers.s                               0x00000000   Number         0  handlers.o ABSOLUTE
    init.s                                   0x00000000   Number         0  init.o ABSOLUTE
    startup_stm32f407xx.s                    0x00000000   Number         0  startup_stm32f407xx.o ABSOLUTE
    RESET                                    0x08000000   Section      392  startup_stm32f407xx.o(RESET)
    .ARM.Collect$$$$00000000                 0x08000188   Section        0  entry.o(.ARM.Collect$$$$00000000)
    .ARM.Collect$$$$00000001                 0x08000188   Section        4  entry2.o(.ARM.Collect$$$$00000001)
    .ARM.Collect$$$$00000004                 0x0800018c   Section        4  entry5.o(.ARM.Collect$$$$00000004)
    .ARM.Collect$$$$00000008                 0x08000190   Section        0  entry7b.o(.ARM.Collect$$$$00000008)
    .ARM.Collect$$$$0000000A                 0x08000190   Section        0  entry8b.o(.ARM.Collect$$$$0000000A)
    .ARM.Collect$$$$0000000B                 0x08000190   Section        8  entry9a.o(.ARM.Collect$$$$0000000B)
    .ARM.Collect$$$$0000000D                 0x08000198   Section        0  entry10a.o(.ARM.Collect$$$$0000000D)
    .ARM.Collect$$$$0000000F                 0x08000198   Section        0  entry11a.o(.ARM.Collect$$$$0000000F)
    .ARM.Collect$$$$00002712                 0x08000198   Section        4  entry2.o(.ARM.Collect$$$$00002712)
    __lit__00000000                          0x08000198   Data           4  entry2.o(.ARM.Collect$$$$00002712)
    .text                                    0x0800019c   Section       36  startup_stm32f407xx.o(.text)
    $v0                                      0x0800019c   Number         0  startup_stm32f407xx.o(.text)
    .text                                    0x080001c0   Section        0  memcpya.o(.text)
    .text                                    0x080001e4   Section        0  memseta.o(.text)
    .text                                    0x08000208   Section        0  strlen.o(.text)
    .text                                    0x08000216   Section        0  f2d.o(.text)
    .text                                    0x0800023c   Section        0  uidiv.o(.text)
    .text                                    0x08000268   Section        0  uldiv.o(.text)
    .text                                    0x080002ca   Section        0  dadd.o(.text)
    .text                                    0x080002ca   Section        0  iusefp.o(.text)
    .text                                    0x08000418   Section        0  dmul.o(.text)
    .text                                    0x080004fc   Section        0  ddiv.o(.text)
    .text                                    0x080005da   Section        0  dfixul.o(.text)
    .text                                    0x0800060c   Section       48  cdrcmple.o(.text)
    .text                                    0x0800063c   Section       36  init.o(.text)
    .text                                    0x08000660   Section        0  llshl.o(.text)
    .text                                    0x0800067e   Section        0  llushr.o(.text)
    .text                                    0x0800069e   Section        0  llsshr.o(.text)
    .text                                    0x080006c2   Section        0  depilogue.o(.text)
    .text                                    0x0800077c   Section        0  __dczerorl2.o(.text)
    i.CDC_Control_FS                         0x080007d2   Section        0  usbd_cdc_if.o(i.CDC_Control_FS)
    CDC_Control_FS                           0x080007d3   Thumb Code     4  usbd_cdc_if.o(i.CDC_Control_FS)
    i.CDC_DeInit_FS                          0x080007d6   Section        0  usbd_cdc_if.o(i.CDC_DeInit_FS)
    CDC_DeInit_FS                            0x080007d7   Thumb Code     4  usbd_cdc_if.o(i.CDC_DeInit_FS)
    i.CDC_Init_FS                            0x080007dc   Section        0  usbd_cdc_if.o(i.CDC_Init_FS)
    CDC_Init_FS                              0x080007dd   Thumb Code    26  usbd_cdc_if.o(i.CDC_Init_FS)
    i.CDC_Receive_FS                         0x08000800   Section        0  usbd_cdc_if.o(i.CDC_Receive_FS)
    CDC_Receive_FS                           0x08000801   Thumb Code    44  usbd_cdc_if.o(i.CDC_Receive_FS)
    i.CDC_Transmit_FS                        0x08000838   Section        0  usbd_cdc_if.o(i.CDC_Transmit_FS)
    i.HAL_Delay                              0x08000874   Section        0  stm32f4xx_hal.o(i.HAL_Delay)
    i.HAL_GPIO_Init                          0x08000890   Section        0  stm32f4xx_hal_gpio.o(i.HAL_GPIO_Init)
    i.HAL_GPIO_ReadPin                       0x08000a40   Section        0  stm32f4xx_hal_gpio.o(i.HAL_GPIO_ReadPin)
    i.HAL_GPIO_WritePin                      0x08000a4a   Section        0  stm32f4xx_hal_gpio.o(i.HAL_GPIO_WritePin)
    i.HAL_GetTick                            0x08000a54   Section        0  stm32f4xx_hal.o(i.HAL_GetTick)
    i.HAL_IncTick                            0x08000a60   Section        0  stm32f4xx_hal.o(i.HAL_IncTick)
    i.HAL_Init                               0x08000a70   Section        0  stm32f4xx_hal.o(i.HAL_Init)
    i.HAL_InitTick                           0x08000aa4   Section        0  stm32f4xx_hal.o(i.HAL_InitTick)
    i.HAL_MspInit                            0x08000acc   Section        0  stm32f4xx_hal_msp.o(i.HAL_MspInit)
    i.HAL_NVIC_EnableIRQ                     0x08000b24   Section        0  stm32f4xx_hal_cortex.o(i.HAL_NVIC_EnableIRQ)
    i.HAL_NVIC_SetPriority                   0x08000b3c   Section        0  stm32f4xx_hal_cortex.o(i.HAL_NVIC_SetPriority)
    i.HAL_NVIC_SetPriorityGrouping           0x08000b7c   Section        0  stm32f4xx_hal_cortex.o(i.HAL_NVIC_SetPriorityGrouping)
    i.HAL_PCDEx_SetRxFiFo                    0x08000ba0   Section        0  stm32f4xx_hal_pcd_ex.o(i.HAL_PCDEx_SetRxFiFo)
    i.HAL_PCDEx_SetTxFiFo                    0x08000ba8   Section        0  stm32f4xx_hal_pcd_ex.o(i.HAL_PCDEx_SetTxFiFo)
    i.HAL_PCD_ConnectCallback                0x08000bec   Section        0  usbd_conf.o(i.HAL_PCD_ConnectCallback)
    i.HAL_PCD_DataInStageCallback            0x08000bf4   Section        0  usbd_conf.o(i.HAL_PCD_DataInStageCallback)
    i.HAL_PCD_DataOutStageCallback           0x08000c06   Section        0  usbd_conf.o(i.HAL_PCD_DataOutStageCallback)
    i.HAL_PCD_DisconnectCallback             0x08000c1a   Section        0  usbd_conf.o(i.HAL_PCD_DisconnectCallback)
    i.HAL_PCD_EP_Close                       0x08000c22   Section        0  stm32f4xx_hal_pcd.o(i.HAL_PCD_EP_Close)
    i.HAL_PCD_EP_ClrStall                    0x08000c66   Section        0  stm32f4xx_hal_pcd.o(i.HAL_PCD_EP_ClrStall)
    i.HAL_PCD_EP_GetRxCount                  0x08000cb6   Section        0  stm32f4xx_hal_pcd.o(i.HAL_PCD_EP_GetRxCount)
    i.HAL_PCD_EP_Open                        0x08000cca   Section        0  stm32f4xx_hal_pcd.o(i.HAL_PCD_EP_Open)
    i.HAL_PCD_EP_Receive                     0x08000d1e   Section        0  stm32f4xx_hal_pcd.o(i.HAL_PCD_EP_Receive)
    i.HAL_PCD_EP_SetStall                    0x08000d66   Section        0  stm32f4xx_hal_pcd.o(i.HAL_PCD_EP_SetStall)
    i.HAL_PCD_EP_Transmit                    0x08000dc6   Section        0  stm32f4xx_hal_pcd.o(i.HAL_PCD_EP_Transmit)
    i.HAL_PCD_IRQHandler                     0x08000e08   Section        0  stm32f4xx_hal_pcd.o(i.HAL_PCD_IRQHandler)
    i.HAL_PCD_ISOINIncompleteCallback        0x080012fc   Section        0  usbd_conf.o(i.HAL_PCD_ISOINIncompleteCallback)
    i.HAL_PCD_ISOOUTIncompleteCallback       0x08001304   Section        0  usbd_conf.o(i.HAL_PCD_ISOOUTIncompleteCallback)
    i.HAL_PCD_Init                           0x0800130c   Section        0  stm32f4xx_hal_pcd.o(i.HAL_PCD_Init)
    i.HAL_PCD_MspInit                        0x080013cc   Section        0  usbd_conf.o(i.HAL_PCD_MspInit)
    i.HAL_PCD_ResetCallback                  0x08001430   Section        0  usbd_conf.o(i.HAL_PCD_ResetCallback)
    i.HAL_PCD_ResumeCallback                 0x08001450   Section        0  usbd_conf.o(i.HAL_PCD_ResumeCallback)
    i.HAL_PCD_SOFCallback                    0x08001458   Section        0  usbd_conf.o(i.HAL_PCD_SOFCallback)
    i.HAL_PCD_SetAddress                     0x08001460   Section        0  stm32f4xx_hal_pcd.o(i.HAL_PCD_SetAddress)
    i.HAL_PCD_SetupStageCallback             0x08001484   Section        0  usbd_conf.o(i.HAL_PCD_SetupStageCallback)
    i.HAL_PCD_Start                          0x08001492   Section        0  stm32f4xx_hal_pcd.o(i.HAL_PCD_Start)
    i.HAL_PCD_SuspendCallback                0x080014bc   Section        0  usbd_conf.o(i.HAL_PCD_SuspendCallback)
    i.HAL_RCC_ClockConfig                    0x080014ec   Section        0  stm32f4xx_hal_rcc.o(i.HAL_RCC_ClockConfig)
    i.HAL_RCC_GetHCLKFreq                    0x08001668   Section        0  stm32f4xx_hal_rcc.o(i.HAL_RCC_GetHCLKFreq)
    i.HAL_RCC_GetSysClockFreq                0x08001674   Section        0  stm32f4xx_hal_rcc.o(i.HAL_RCC_GetSysClockFreq)
    i.HAL_RCC_OscConfig                      0x080016e4   Section        0  stm32f4xx_hal_rcc.o(i.HAL_RCC_OscConfig)
    i.HAL_SYSTICK_CLKSourceConfig            0x080019f8   Section        0  stm32f4xx_hal_cortex.o(i.HAL_SYSTICK_CLKSourceConfig)
    i.HAL_SYSTICK_Callback                   0x08001a10   Section        0  stm32f4xx_hal_cortex.o(i.HAL_SYSTICK_Callback)
    i.HAL_SYSTICK_Config                     0x08001a12   Section        0  stm32f4xx_hal_cortex.o(i.HAL_SYSTICK_Config)
    i.HAL_SYSTICK_IRQHandler                 0x08001a3a   Section        0  stm32f4xx_hal_cortex.o(i.HAL_SYSTICK_IRQHandler)
    i.MX_GPIO_Init                           0x08001a44   Section        0  main.o(i.MX_GPIO_Init)
    MX_GPIO_Init                             0x08001a45   Thumb Code   164  main.o(i.MX_GPIO_Init)
    i.MX_USB_DEVICE_Init                     0x08001af8   Section        0  usb_device.o(i.MX_USB_DEVICE_Init)
    i.NVIC_SetPriority                       0x08001b30   Section        0  stm32f4xx_hal_cortex.o(i.NVIC_SetPriority)
    NVIC_SetPriority                         0x08001b31   Thumb Code    32  stm32f4xx_hal_cortex.o(i.NVIC_SetPriority)
    i.OTG_FS_IRQHandler                      0x08001b50   Section        0  stm32f4xx_it.o(i.OTG_FS_IRQHandler)
    i.PCD_WriteEmptyTxFifo                   0x08001b5c   Section        0  stm32f4xx_hal_pcd.o(i.PCD_WriteEmptyTxFifo)
    PCD_WriteEmptyTxFifo                     0x08001b5d   Thumb Code   136  stm32f4xx_hal_pcd.o(i.PCD_WriteEmptyTxFifo)
    i.PendSV_Handler                         0x08001be4   Section        0  stm32f4xx_it.o(i.PendSV_Handler)
    i.SVC_Handler                            0x08001be6   Section        0  stm32f4xx_it.o(i.SVC_Handler)
    i.SysTick_Handler                        0x08001be8   Section        0  stm32f4xx_it.o(i.SysTick_Handler)
    i.SystemClock_Config                     0x08001bf8   Section        0  main.o(i.SystemClock_Config)
    i.SystemInit                             0x08001c98   Section        0  system_stm32f4xx.o(i.SystemInit)
    i.USBD_CDC_DataIn                        0x08001cec   Section        0  usbd_cdc.o(i.USBD_CDC_DataIn)
    USBD_CDC_DataIn                          0x08001ced   Thumb Code    20  usbd_cdc.o(i.USBD_CDC_DataIn)
    i.USBD_CDC_DataOut                       0x08001d00   Section        0  usbd_cdc.o(i.USBD_CDC_DataOut)
    USBD_CDC_DataOut                         0x08001d01   Thumb Code    46  usbd_cdc.o(i.USBD_CDC_DataOut)
    i.USBD_CDC_DeInit                        0x08001d2e   Section        0  usbd_cdc.o(i.USBD_CDC_DeInit)
    USBD_CDC_DeInit                          0x08001d2f   Thumb Code    60  usbd_cdc.o(i.USBD_CDC_DeInit)
    i.USBD_CDC_EP0_RxReady                   0x08001d6a   Section        0  usbd_cdc.o(i.USBD_CDC_EP0_RxReady)
    USBD_CDC_EP0_RxReady                     0x08001d6b   Thumb Code    36  usbd_cdc.o(i.USBD_CDC_EP0_RxReady)
    i.USBD_CDC_GetDeviceQualifierDescriptor  0x08001d90   Section        0  usbd_cdc.o(i.USBD_CDC_GetDeviceQualifierDescriptor)
    i.USBD_CDC_GetFSCfgDesc                  0x08001d9c   Section        0  usbd_cdc.o(i.USBD_CDC_GetFSCfgDesc)
    USBD_CDC_GetFSCfgDesc                    0x08001d9d   Thumb Code     8  usbd_cdc.o(i.USBD_CDC_GetFSCfgDesc)
    i.USBD_CDC_GetHSCfgDesc                  0x08001da8   Section        0  usbd_cdc.o(i.USBD_CDC_GetHSCfgDesc)
    USBD_CDC_GetHSCfgDesc                    0x08001da9   Thumb Code     8  usbd_cdc.o(i.USBD_CDC_GetHSCfgDesc)
    i.USBD_CDC_GetOtherSpeedCfgDesc          0x08001db4   Section        0  usbd_cdc.o(i.USBD_CDC_GetOtherSpeedCfgDesc)
    USBD_CDC_GetOtherSpeedCfgDesc            0x08001db5   Thumb Code     8  usbd_cdc.o(i.USBD_CDC_GetOtherSpeedCfgDesc)
    i.USBD_CDC_Init                          0x08001dc0   Section        0  usbd_cdc.o(i.USBD_CDC_Init)
    USBD_CDC_Init                            0x08001dc1   Thumb Code   136  usbd_cdc.o(i.USBD_CDC_Init)
    i.USBD_CDC_ReceivePacket                 0x08001e48   Section        0  usbd_cdc.o(i.USBD_CDC_ReceivePacket)
    i.USBD_CDC_RegisterInterface             0x08001e70   Section        0  usbd_cdc.o(i.USBD_CDC_RegisterInterface)
    i.USBD_CDC_SetRxBuffer                   0x08001e80   Section        0  usbd_cdc.o(i.USBD_CDC_SetRxBuffer)
    i.USBD_CDC_SetTxBuffer                   0x08001e8c   Section        0  usbd_cdc.o(i.USBD_CDC_SetTxBuffer)
    i.USBD_CDC_Setup                         0x08001e9c   Section        0  usbd_cdc.o(i.USBD_CDC_Setup)
    USBD_CDC_Setup                           0x08001e9d   Thumb Code   106  usbd_cdc.o(i.USBD_CDC_Setup)
    i.USBD_CDC_TransmitPacket                0x08001f0c   Section        0  usbd_cdc.o(i.USBD_CDC_TransmitPacket)
    i.USBD_ClrClassConfig                    0x08001f3c   Section        0  usbd_core.o(i.USBD_ClrClassConfig)
    i.USBD_CtlContinueRx                     0x08001f4a   Section        0  usbd_ioreq.o(i.USBD_CtlContinueRx)
    i.USBD_CtlContinueSendData               0x08001f5a   Section        0  usbd_ioreq.o(i.USBD_CtlContinueSendData)
    i.USBD_CtlError                          0x08001f6a   Section        0  usbd_ctlreq.o(i.USBD_CtlError)
    i.USBD_CtlPrepareRx                      0x08001f80   Section        0  usbd_ioreq.o(i.USBD_CtlPrepareRx)
    i.USBD_CtlReceiveStatus                  0x08001f9e   Section        0  usbd_ioreq.o(i.USBD_CtlReceiveStatus)
    i.USBD_CtlSendData                       0x08001fb4   Section        0  usbd_ioreq.o(i.USBD_CtlSendData)
    i.USBD_CtlSendStatus                     0x08001fce   Section        0  usbd_ioreq.o(i.USBD_CtlSendStatus)
    i.USBD_FS_ConfigStrDescriptor            0x08001fe4   Section        0  usbd_desc.o(i.USBD_FS_ConfigStrDescriptor)
    i.USBD_FS_DeviceDescriptor               0x08002004   Section        0  usbd_desc.o(i.USBD_FS_DeviceDescriptor)
    i.USBD_FS_InterfaceStrDescriptor         0x08002010   Section        0  usbd_desc.o(i.USBD_FS_InterfaceStrDescriptor)
    i.USBD_FS_LangIDStrDescriptor            0x08002034   Section        0  usbd_desc.o(i.USBD_FS_LangIDStrDescriptor)
    i.USBD_FS_ManufacturerStrDescriptor      0x08002040   Section        0  usbd_desc.o(i.USBD_FS_ManufacturerStrDescriptor)
    i.USBD_FS_ProductStrDescriptor           0x08002068   Section        0  usbd_desc.o(i.USBD_FS_ProductStrDescriptor)
    i.USBD_FS_SerialStrDescriptor            0x08002094   Section        0  usbd_desc.o(i.USBD_FS_SerialStrDescriptor)
    i.USBD_GetDescriptor                     0x080020b8   Section        0  usbd_ctlreq.o(i.USBD_GetDescriptor)
    USBD_GetDescriptor                       0x080020b9   Thumb Code   224  usbd_ctlreq.o(i.USBD_GetDescriptor)
    i.USBD_GetString                         0x08002198   Section        0  usbd_ctlreq.o(i.USBD_GetString)
    i.USBD_Init                              0x080021de   Section        0  usbd_core.o(i.USBD_Init)
    i.USBD_LL_ClearStallEP                   0x08002208   Section        0  usbd_conf.o(i.USBD_LL_ClearStallEP)
    i.USBD_LL_CloseEP                        0x08002228   Section        0  usbd_conf.o(i.USBD_LL_CloseEP)
    i.USBD_LL_DataInStage                    0x08002248   Section        0  usbd_core.o(i.USBD_LL_DataInStage)
    i.USBD_LL_DataOutStage                   0x080022f2   Section        0  usbd_core.o(i.USBD_LL_DataOutStage)
    i.USBD_LL_DevConnected                   0x0800235c   Section        0  usbd_core.o(i.USBD_LL_DevConnected)
    i.USBD_LL_DevDisconnected                0x08002360   Section        0  usbd_core.o(i.USBD_LL_DevDisconnected)
    i.USBD_LL_GetRxDataSize                  0x08002376   Section        0  usbd_conf.o(i.USBD_LL_GetRxDataSize)
    i.USBD_LL_Init                           0x08002380   Section        0  usbd_conf.o(i.USBD_LL_Init)
    i.USBD_LL_IsStallEP                      0x080023fc   Section        0  usbd_conf.o(i.USBD_LL_IsStallEP)
    i.USBD_LL_IsoINIncomplete                0x0800241c   Section        0  usbd_core.o(i.USBD_LL_IsoINIncomplete)
    i.USBD_LL_IsoOUTIncomplete               0x08002420   Section        0  usbd_core.o(i.USBD_LL_IsoOUTIncomplete)
    i.USBD_LL_OpenEP                         0x08002424   Section        0  usbd_conf.o(i.USBD_LL_OpenEP)
    i.USBD_LL_PrepareReceive                 0x0800244a   Section        0  usbd_conf.o(i.USBD_LL_PrepareReceive)
    i.USBD_LL_Reset                          0x0800246a   Section        0  usbd_core.o(i.USBD_LL_Reset)
    i.USBD_LL_Resume                         0x080024a8   Section        0  usbd_core.o(i.USBD_LL_Resume)
    i.USBD_LL_SOF                            0x080024b4   Section        0  usbd_core.o(i.USBD_LL_SOF)
    i.USBD_LL_SetSpeed                       0x080024cc   Section        0  usbd_core.o(i.USBD_LL_SetSpeed)
    i.USBD_LL_SetUSBAddress                  0x080024d2   Section        0  usbd_conf.o(i.USBD_LL_SetUSBAddress)
    i.USBD_LL_SetupStage                     0x080024f2   Section        0  usbd_core.o(i.USBD_LL_SetupStage)
    i.USBD_LL_StallEP                        0x0800254c   Section        0  usbd_conf.o(i.USBD_LL_StallEP)
    i.USBD_LL_Start                          0x0800256c   Section        0  usbd_conf.o(i.USBD_LL_Start)
    i.USBD_LL_Suspend                        0x0800258c   Section        0  usbd_core.o(i.USBD_LL_Suspend)
    i.USBD_LL_Transmit                       0x0800259e   Section        0  usbd_conf.o(i.USBD_LL_Transmit)
    i.USBD_ParseSetupRequest                 0x080025be   Section        0  usbd_ctlreq.o(i.USBD_ParseSetupRequest)
    i.USBD_RegisterClass                     0x080025e6   Section        0  usbd_core.o(i.USBD_RegisterClass)
    i.USBD_SetClassConfig                    0x080025f6   Section        0  usbd_core.o(i.USBD_SetClassConfig)
    i.USBD_SetConfig                         0x0800260c   Section        0  usbd_ctlreq.o(i.USBD_SetConfig)
    USBD_SetConfig                           0x0800260d   Thumb Code   110  usbd_ctlreq.o(i.USBD_SetConfig)
    i.USBD_Start                             0x08002680   Section        0  usbd_core.o(i.USBD_Start)
    i.USBD_StdDevReq                         0x0800268a   Section        0  usbd_ctlreq.o(i.USBD_StdDevReq)
    i.USBD_StdEPReq                          0x0800277c   Section        0  usbd_ctlreq.o(i.USBD_StdEPReq)
    i.USBD_StdItfReq                         0x08002858   Section        0  usbd_ctlreq.o(i.USBD_StdItfReq)
    i.USB_ActivateEndpoint                   0x0800288c   Section        0  stm32f4xx_ll_usb.o(i.USB_ActivateEndpoint)
    i.USB_ActivateSetup                      0x0800290c   Section        0  stm32f4xx_ll_usb.o(i.USB_ActivateSetup)
    i.USB_CoreInit                           0x08002940   Section        0  stm32f4xx_ll_usb.o(i.USB_CoreInit)
    i.USB_CoreReset                          0x080029ac   Section        0  stm32f4xx_ll_usb.o(i.USB_CoreReset)
    USB_CoreReset                            0x080029ad   Thumb Code    50  stm32f4xx_ll_usb.o(i.USB_CoreReset)
    i.USB_DeactivateEndpoint                 0x080029e4   Section        0  stm32f4xx_ll_usb.o(i.USB_DeactivateEndpoint)
    i.USB_DevConnect                         0x08002aac   Section        0  stm32f4xx_ll_usb.o(i.USB_DevConnect)
    i.USB_DevDisconnect                      0x08002ac4   Section        0  stm32f4xx_ll_usb.o(i.USB_DevDisconnect)
    i.USB_DevInit                            0x08002adc   Section        0  stm32f4xx_ll_usb.o(i.USB_DevInit)
    i.USB_DisableGlobalInt                   0x08002c1c   Section        0  stm32f4xx_ll_usb.o(i.USB_DisableGlobalInt)
    i.USB_EP0StartXfer                       0x08002c28   Section        0  stm32f4xx_ll_usb.o(i.USB_EP0StartXfer)
    i.USB_EP0_OutStart                       0x08002d68   Section        0  stm32f4xx_ll_usb.o(i.USB_EP0_OutStart)
    i.USB_EPClearStall                       0x08002da6   Section        0  stm32f4xx_ll_usb.o(i.USB_EPClearStall)
    i.USB_EPSetStall                         0x08002e0a   Section        0  stm32f4xx_ll_usb.o(i.USB_EPSetStall)
    i.USB_EPStartXfer                        0x08002e68   Section        0  stm32f4xx_ll_usb.o(i.USB_EPStartXfer)
    i.USB_EnableGlobalInt                    0x08003084   Section        0  stm32f4xx_ll_usb.o(i.USB_EnableGlobalInt)
    i.USB_FlushRxFifo                        0x08003090   Section        0  stm32f4xx_ll_usb.o(i.USB_FlushRxFifo)
    i.USB_FlushTxFifo                        0x080030b0   Section        0  stm32f4xx_ll_usb.o(i.USB_FlushTxFifo)
    i.USB_GetDevSpeed                        0x080030d4   Section        0  stm32f4xx_ll_usb.o(i.USB_GetDevSpeed)
    i.USB_GetMode                            0x08003110   Section        0  stm32f4xx_ll_usb.o(i.USB_GetMode)
    i.USB_ReadDevAllInEpInterrupt            0x08003118   Section        0  stm32f4xx_ll_usb.o(i.USB_ReadDevAllInEpInterrupt)
    i.USB_ReadDevAllOutEpInterrupt           0x08003126   Section        0  stm32f4xx_ll_usb.o(i.USB_ReadDevAllOutEpInterrupt)
    i.USB_ReadDevInEPInterrupt               0x08003134   Section        0  stm32f4xx_ll_usb.o(i.USB_ReadDevInEPInterrupt)
    i.USB_ReadDevOutEPInterrupt              0x08003152   Section        0  stm32f4xx_ll_usb.o(i.USB_ReadDevOutEPInterrupt)
    i.USB_ReadInterrupts                     0x08003162   Section        0  stm32f4xx_ll_usb.o(i.USB_ReadInterrupts)
    i.USB_ReadPacket                         0x0800316a   Section        0  stm32f4xx_ll_usb.o(i.USB_ReadPacket)
    i.USB_SetCurrentMode                     0x0800318a   Section        0  stm32f4xx_ll_usb.o(i.USB_SetCurrentMode)
    i.USB_SetDevAddress                      0x080031b6   Section        0  stm32f4xx_ll_usb.o(i.USB_SetDevAddress)
    i.USB_WritePacket                        0x080031d8   Section        0  stm32f4xx_ll_usb.o(i.USB_WritePacket)
    i._Error_Handler                         0x08003200   Section        0  main.o(i._Error_Handler)
    i.__0sprintf                             0x08003204   Section        0  printfa.o(i.__0sprintf)
    i.__scatterload_copy                     0x0800322c   Section       14  handlers.o(i.__scatterload_copy)
    i.__scatterload_null                     0x0800323a   Section        2  handlers.o(i.__scatterload_null)
    i.__scatterload_zeroinit                 0x0800323c   Section       14  handlers.o(i.__scatterload_zeroinit)
    i._fp_digits                             0x0800324c   Section        0  printfa.o(i._fp_digits)
    _fp_digits                               0x0800324d   Thumb Code   366  printfa.o(i._fp_digits)
    i._printf_core                           0x080033d0   Section        0  printfa.o(i._printf_core)
    _printf_core                             0x080033d1   Thumb Code  1744  printfa.o(i._printf_core)
    i._printf_post_padding                   0x08003aac   Section        0  printfa.o(i._printf_post_padding)
    _printf_post_padding                     0x08003aad   Thumb Code    36  printfa.o(i._printf_post_padding)
    i._printf_pre_padding                    0x08003ad0   Section        0  printfa.o(i._printf_pre_padding)
    _printf_pre_padding                      0x08003ad1   Thumb Code    46  printfa.o(i._printf_pre_padding)
    i._sputc                                 0x08003afe   Section        0  printfa.o(i._sputc)
    _sputc                                   0x08003aff   Thumb Code    10  printfa.o(i._sputc)
    i.free                                   0x08003b08   Section        0  malloc.o(i.free)
    i.main                                   0x08003b58   Section        0  main.o(i.main)
    i.malloc                                 0x08003c2c   Section        0  malloc.o(i.malloc)
    i.tobinstr                               0x08003c98   Section        0  main.o(i.tobinstr)
    i.writetoawg                             0x08003cb8   Section        0  main.o(i.writetoawg)
    .constdata                               0x08003e44   Section       16  system_stm32f4xx.o(.constdata)
    .data                                    0x20000000   Section        4  stm32f4xx_hal.o(.data)
    .data                                    0x20000004   Section        4  system_stm32f4xx.o(.data)
    .data                                    0x20000008   Section       19  main.o(.data)
    .data                                    0x2000001c   Section       28  usbd_desc.o(.data)
    .data                                    0x20000038   Section       22  usbd_desc.o(.data)
    .data                                    0x2000004e   Section        1  usbd_cdc_if.o(.data)
    .data                                    0x20000050   Section       16  usbd_cdc_if.o(.data)
    .data                                    0x20000060   Section        1  usbd_ctlreq.o(.data)
    cfgidx                                   0x20000060   Data           1  usbd_ctlreq.o(.data)
    .data                                    0x20000064   Section      219  usbd_cdc.o(.data)
    ifalt                                    0x20000064   Data           1  usbd_cdc.o(.data)
    USBD_CDC_DeviceQualifierDesc             0x20000068   Data          10  usbd_cdc.o(.data)
    .data                                    0x20000140   Section       56  usbd_cdc.o(.data)
    .data                                    0x20000178   Section        4  mvars.o(.data)
    .data                                    0x2000017c   Section        4  mvars.o(.data)
    .bss                                     0x20000180   Section       64  main.o(.bss)
    .bss                                     0x200001c0   Section       64  main.o(.bss)
    .bss                                     0x20000200   Section      512  usbd_desc.o(.bss)
    .bss                                     0x20000400   Section      128  usbd_cdc_if.o(.bss)
    .bss                                     0x20000480   Section      548  usb_device.o(.bss)
    .bss                                     0x200006a4   Section     1008  usbd_conf.o(.bss)
    HEAP                                     0x20000a98   Section     8192  startup_stm32f407xx.o(HEAP)
    STACK                                    0x20002a98   Section    16384  startup_stm32f407xx.o(STACK)

    Global Symbols

    Symbol Name                              Value     Ov Type        Size  Object(Section)

    BuildAttributes$$THM_ISAv4$E$P$D$K$B$S$7EM$VFPi3$EXTD16$VFPS$VFMA$PE$A:L22UL41UL21$X:L11$S22US41US21$IEEE1$IW$USESV6$~STKCKD$USESV7$~SHL$OSPACE$ROPI$EBA8$MICROLIB$REQ8$PRES8$EABIv2 0x00000000   Number         0  anon$$obj.o ABSOLUTE
    __ARM_use_no_argv                        0x00000000   Number         0  main.o ABSOLUTE
    _printf_a                                0x00000000   Number         0  stubs.o ABSOLUTE
    _printf_c                                0x00000000   Number         0  stubs.o ABSOLUTE
    _printf_charcount                        0x00000000   Number         0  stubs.o ABSOLUTE
    _printf_d                                0x00000000   Number         0  stubs.o ABSOLUTE
    _printf_e                                0x00000000   Number         0  stubs.o ABSOLUTE
    _printf_f                                0x00000000   Number         0  stubs.o ABSOLUTE
    _printf_flags                            0x00000000   Number         0  stubs.o ABSOLUTE
    _printf_fp_dec                           0x00000000   Number         0  stubs.o ABSOLUTE
    _printf_fp_hex                           0x00000000   Number         0  stubs.o ABSOLUTE
    _printf_g                                0x00000000   Number         0  stubs.o ABSOLUTE
    _printf_i                                0x00000000   Number         0  stubs.o ABSOLUTE
    _printf_int_dec                          0x00000000   Number         0  stubs.o ABSOLUTE
    _printf_l                                0x00000000   Number         0  stubs.o ABSOLUTE
    _printf_lc                               0x00000000   Number         0  stubs.o ABSOLUTE
    _printf_ll                               0x00000000   Number         0  stubs.o ABSOLUTE
    _printf_lld                              0x00000000   Number         0  stubs.o ABSOLUTE
    _printf_lli                              0x00000000   Number         0  stubs.o ABSOLUTE
    _printf_llo                              0x00000000   Number         0  stubs.o ABSOLUTE
    _printf_llu                              0x00000000   Number         0  stubs.o ABSOLUTE
    _printf_llx                              0x00000000   Number         0  stubs.o ABSOLUTE
    _printf_longlong_dec                     0x00000000   Number         0  stubs.o ABSOLUTE
    _printf_longlong_hex                     0x00000000   Number         0  stubs.o ABSOLUTE
    _printf_longlong_oct                     0x00000000   Number         0  stubs.o ABSOLUTE
    _printf_ls                               0x00000000   Number         0  stubs.o ABSOLUTE
    _printf_mbtowc                           0x00000000   Number         0  stubs.o ABSOLUTE
    _printf_n                                0x00000000   Number         0  stubs.o ABSOLUTE
    _printf_o                                0x00000000   Number         0  stubs.o ABSOLUTE
    _printf_p                                0x00000000   Number         0  stubs.o ABSOLUTE
    _printf_percent                          0x00000000   Number         0  stubs.o ABSOLUTE
    _printf_pre_padding                      0x00000000   Number         0  stubs.o ABSOLUTE
    _printf_return_value                     0x00000000   Number         0  stubs.o ABSOLUTE
    _printf_s                                0x00000000   Number         0  stubs.o ABSOLUTE
    _printf_sizespec                         0x00000000   Number         0  stubs.o ABSOLUTE
    _printf_str                              0x00000000   Number         0  stubs.o ABSOLUTE
    _printf_truncate_signed                  0x00000000   Number         0  stubs.o ABSOLUTE
    _printf_truncate_unsigned                0x00000000   Number         0  stubs.o ABSOLUTE
    _printf_u                                0x00000000   Number         0  stubs.o ABSOLUTE
    _printf_wc                               0x00000000   Number         0  stubs.o ABSOLUTE
    _printf_wctomb                           0x00000000   Number         0  stubs.o ABSOLUTE
    _printf_widthprec                        0x00000000   Number         0  stubs.o ABSOLUTE
    _printf_x                                0x00000000   Number         0  stubs.o ABSOLUTE
    __cpp_initialize__aeabi_                  - Undefined Weak Reference
    __cxa_finalize                            - Undefined Weak Reference
    _clock_init                               - Undefined Weak Reference
    _microlib_exit                            - Undefined Weak Reference
    __Vectors_Size                           0x00000188   Number         0  startup_stm32f407xx.o ABSOLUTE
    __Vectors                                0x08000000   Data           4  startup_stm32f407xx.o(RESET)
    __Vectors_End                            0x08000188   Data           0  startup_stm32f407xx.o(RESET)
    __main                                   0x08000189   Thumb Code     0  entry.o(.ARM.Collect$$$$00000000)
    _main_stk                                0x08000189   Thumb Code     0  entry2.o(.ARM.Collect$$$$00000001)
    _main_scatterload                        0x0800018d   Thumb Code     0  entry5.o(.ARM.Collect$$$$00000004)
    __main_after_scatterload                 0x08000191   Thumb Code     0  entry5.o(.ARM.Collect$$$$00000004)
    _main_clock                              0x08000191   Thumb Code     0  entry7b.o(.ARM.Collect$$$$00000008)
    _main_cpp_init                           0x08000191   Thumb Code     0  entry8b.o(.ARM.Collect$$$$0000000A)
    _main_init                               0x08000191   Thumb Code     0  entry9a.o(.ARM.Collect$$$$0000000B)
    __rt_final_cpp                           0x08000199   Thumb Code     0  entry10a.o(.ARM.Collect$$$$0000000D)
    __rt_final_exit                          0x08000199   Thumb Code     0  entry11a.o(.ARM.Collect$$$$0000000F)
    Reset_Handler                            0x0800019d   Thumb Code     8  startup_stm32f407xx.o(.text)
    NMI_Handler                              0x080001a5   Thumb Code     2  startup_stm32f407xx.o(.text)
    HardFault_Handler                        0x080001a7   Thumb Code     2  startup_stm32f407xx.o(.text)
    MemManage_Handler                        0x080001a9   Thumb Code     2  startup_stm32f407xx.o(.text)
    BusFault_Handler                         0x080001ab   Thumb Code     2  startup_stm32f407xx.o(.text)
    UsageFault_Handler                       0x080001ad   Thumb Code     2  startup_stm32f407xx.o(.text)
    DebugMon_Handler                         0x080001b1   Thumb Code     2  startup_stm32f407xx.o(.text)
    ADC_IRQHandler                           0x080001b7   Thumb Code     0  startup_stm32f407xx.o(.text)
    CAN1_RX0_IRQHandler                      0x080001b7   Thumb Code     0  startup_stm32f407xx.o(.text)
    CAN1_RX1_IRQHandler                      0x080001b7   Thumb Code     0  startup_stm32f407xx.o(.text)
    CAN1_SCE_IRQHandler                      0x080001b7   Thumb Code     0  startup_stm32f407xx.o(.text)
    CAN1_TX_IRQHandler                       0x080001b7   Thumb Code     0  startup_stm32f407xx.o(.text)
    CAN2_RX0_IRQHandler                      0x080001b7   Thumb Code     0  startup_stm32f407xx.o(.text)
    CAN2_RX1_IRQHandler                      0x080001b7   Thumb Code     0  startup_stm32f407xx.o(.text)
    CAN2_SCE_IRQHandler                      0x080001b7   Thumb Code     0  startup_stm32f407xx.o(.text)
    CAN2_TX_IRQHandler                       0x080001b7   Thumb Code     0  startup_stm32f407xx.o(.text)
    DCMI_IRQHandler                          0x080001b7   Thumb Code     0  startup_stm32f407xx.o(.text)
    DMA1_Stream0_IRQHandler                  0x080001b7   Thumb Code     0  startup_stm32f407xx.o(.text)
    DMA1_Stream1_IRQHandler                  0x080001b7   Thumb Code     0  startup_stm32f407xx.o(.text)
    DMA1_Stream2_IRQHandler                  0x080001b7   Thumb Code     0  startup_stm32f407xx.o(.text)
    DMA1_Stream3_IRQHandler                  0x080001b7   Thumb Code     0  startup_stm32f407xx.o(.text)
    DMA1_Stream4_IRQHandler                  0x080001b7   Thumb Code     0  startup_stm32f407xx.o(.text)
    DMA1_Stream5_IRQHandler                  0x080001b7   Thumb Code     0  startup_stm32f407xx.o(.text)
    DMA1_Stream6_IRQHandler                  0x080001b7   Thumb Code     0  startup_stm32f407xx.o(.text)
    DMA1_Stream7_IRQHandler                  0x080001b7   Thumb Code     0  startup_stm32f407xx.o(.text)
    DMA2_Stream0_IRQHandler                  0x080001b7   Thumb Code     0  startup_stm32f407xx.o(.text)
    DMA2_Stream1_IRQHandler                  0x080001b7   Thumb Code     0  startup_stm32f407xx.o(.text)
    DMA2_Stream2_IRQHandler                  0x080001b7   Thumb Code     0  startup_stm32f407xx.o(.text)
    DMA2_Stream3_IRQHandler                  0x080001b7   Thumb Code     0  startup_stm32f407xx.o(.text)
    DMA2_Stream4_IRQHandler                  0x080001b7   Thumb Code     0  startup_stm32f407xx.o(.text)
    DMA2_Stream5_IRQHandler                  0x080001b7   Thumb Code     0  startup_stm32f407xx.o(.text)
    DMA2_Stream6_IRQHandler                  0x080001b7   Thumb Code     0  startup_stm32f407xx.o(.text)
    DMA2_Stream7_IRQHandler                  0x080001b7   Thumb Code     0  startup_stm32f407xx.o(.text)
    ETH_IRQHandler                           0x080001b7   Thumb Code     0  startup_stm32f407xx.o(.text)
    ETH_WKUP_IRQHandler                      0x080001b7   Thumb Code     0  startup_stm32f407xx.o(.text)
    EXTI0_IRQHandler                         0x080001b7   Thumb Code     0  startup_stm32f407xx.o(.text)
    EXTI15_10_IRQHandler                     0x080001b7   Thumb Code     0  startup_stm32f407xx.o(.text)
    EXTI1_IRQHandler                         0x080001b7   Thumb Code     0  startup_stm32f407xx.o(.text)
    EXTI2_IRQHandler                         0x080001b7   Thumb Code     0  startup_stm32f407xx.o(.text)
    EXTI3_IRQHandler                         0x080001b7   Thumb Code     0  startup_stm32f407xx.o(.text)
    EXTI4_IRQHandler                         0x080001b7   Thumb Code     0  startup_stm32f407xx.o(.text)
    EXTI9_5_IRQHandler                       0x080001b7   Thumb Code     0  startup_stm32f407xx.o(.text)
    FLASH_IRQHandler                         0x080001b7   Thumb Code     0  startup_stm32f407xx.o(.text)
    FMC_IRQHandler                           0x080001b7   Thumb Code     0  startup_stm32f407xx.o(.text)
    FPU_IRQHandler                           0x080001b7   Thumb Code     0  startup_stm32f407xx.o(.text)
    HASH_RNG_IRQHandler                      0x080001b7   Thumb Code     0  startup_stm32f407xx.o(.text)
    I2C1_ER_IRQHandler                       0x080001b7   Thumb Code     0  startup_stm32f407xx.o(.text)
    I2C1_EV_IRQHandler                       0x080001b7   Thumb Code     0  startup_stm32f407xx.o(.text)
    I2C2_ER_IRQHandler                       0x080001b7   Thumb Code     0  startup_stm32f407xx.o(.text)
    I2C2_EV_IRQHandler                       0x080001b7   Thumb Code     0  startup_stm32f407xx.o(.text)
    I2C3_ER_IRQHandler                       0x080001b7   Thumb Code     0  startup_stm32f407xx.o(.text)
    I2C3_EV_IRQHandler                       0x080001b7   Thumb Code     0  startup_stm32f407xx.o(.text)
    OTG_FS_WKUP_IRQHandler                   0x080001b7   Thumb Code     0  startup_stm32f407xx.o(.text)
    OTG_HS_EP1_IN_IRQHandler                 0x080001b7   Thumb Code     0  startup_stm32f407xx.o(.text)
    OTG_HS_EP1_OUT_IRQHandler                0x080001b7   Thumb Code     0  startup_stm32f407xx.o(.text)
    OTG_HS_IRQHandler                        0x080001b7   Thumb Code     0  startup_stm32f407xx.o(.text)
    OTG_HS_WKUP_IRQHandler                   0x080001b7   Thumb Code     0  startup_stm32f407xx.o(.text)
    PVD_IRQHandler                           0x080001b7   Thumb Code     0  startup_stm32f407xx.o(.text)
    RCC_IRQHandler                           0x080001b7   Thumb Code     0  startup_stm32f407xx.o(.text)
    RTC_Alarm_IRQHandler                     0x080001b7   Thumb Code     0  startup_stm32f407xx.o(.text)
    RTC_WKUP_IRQHandler                      0x080001b7   Thumb Code     0  startup_stm32f407xx.o(.text)
    SDIO_IRQHandler                          0x080001b7   Thumb Code     0  startup_stm32f407xx.o(.text)
    SPI1_IRQHandler                          0x080001b7   Thumb Code     0  startup_stm32f407xx.o(.text)
    SPI2_IRQHandler                          0x080001b7   Thumb Code     0  startup_stm32f407xx.o(.text)
    SPI3_IRQHandler                          0x080001b7   Thumb Code     0  startup_stm32f407xx.o(.text)
    TAMP_STAMP_IRQHandler                    0x080001b7   Thumb Code     0  startup_stm32f407xx.o(.text)
    TIM1_BRK_TIM9_IRQHandler                 0x080001b7   Thumb Code     0  startup_stm32f407xx.o(.text)
    TIM1_CC_IRQHandler                       0x080001b7   Thumb Code     0  startup_stm32f407xx.o(.text)
    TIM1_TRG_COM_TIM11_IRQHandler            0x080001b7   Thumb Code     0  startup_stm32f407xx.o(.text)
    TIM1_UP_TIM10_IRQHandler                 0x080001b7   Thumb Code     0  startup_stm32f407xx.o(.text)
    TIM2_IRQHandler                          0x080001b7   Thumb Code     0  startup_stm32f407xx.o(.text)
    TIM3_IRQHandler                          0x080001b7   Thumb Code     0  startup_stm32f407xx.o(.text)
    TIM4_IRQHandler                          0x080001b7   Thumb Code     0  startup_stm32f407xx.o(.text)
    TIM5_IRQHandler                          0x080001b7   Thumb Code     0  startup_stm32f407xx.o(.text)
    TIM6_DAC_IRQHandler                      0x080001b7   Thumb Code     0  startup_stm32f407xx.o(.text)
    TIM7_IRQHandler                          0x080001b7   Thumb Code     0  startup_stm32f407xx.o(.text)
    TIM8_BRK_TIM12_IRQHandler                0x080001b7   Thumb Code     0  startup_stm32f407xx.o(.text)
    TIM8_CC_IRQHandler                       0x080001b7   Thumb Code     0  startup_stm32f407xx.o(.text)
    TIM8_TRG_COM_TIM14_IRQHandler            0x080001b7   Thumb Code     0  startup_stm32f407xx.o(.text)
    TIM8_UP_TIM13_IRQHandler                 0x080001b7   Thumb Code     0  startup_stm32f407xx.o(.text)
    UART4_IRQHandler                         0x080001b7   Thumb Code     0  startup_stm32f407xx.o(.text)
    UART5_IRQHandler                         0x080001b7   Thumb Code     0  startup_stm32f407xx.o(.text)
    USART1_IRQHandler                        0x080001b7   Thumb Code     0  startup_stm32f407xx.o(.text)
    USART2_IRQHandler                        0x080001b7   Thumb Code     0  startup_stm32f407xx.o(.text)
    USART3_IRQHandler                        0x080001b7   Thumb Code     0  startup_stm32f407xx.o(.text)
    USART6_IRQHandler                        0x080001b7   Thumb Code     0  startup_stm32f407xx.o(.text)
    WWDG_IRQHandler                          0x080001b7   Thumb Code     0  startup_stm32f407xx.o(.text)
    __aeabi_memcpy                           0x080001c1   Thumb Code    36  memcpya.o(.text)
    __aeabi_memcpy4                          0x080001c1   Thumb Code     0  memcpya.o(.text)
    __aeabi_memcpy8                          0x080001c1   Thumb Code     0  memcpya.o(.text)
    __aeabi_memset                           0x080001e5   Thumb Code    14  memseta.o(.text)
    __aeabi_memset4                          0x080001e5   Thumb Code     0  memseta.o(.text)
    __aeabi_memset8                          0x080001e5   Thumb Code     0  memseta.o(.text)
    __aeabi_memclr                           0x080001f3   Thumb Code     4  memseta.o(.text)
    __aeabi_memclr4                          0x080001f3   Thumb Code     0  memseta.o(.text)
    __aeabi_memclr8                          0x080001f3   Thumb Code     0  memseta.o(.text)
    _memset$wrapper                          0x080001f7   Thumb Code    18  memseta.o(.text)
    strlen                                   0x08000209   Thumb Code    14  strlen.o(.text)
    __aeabi_f2d                              0x08000217   Thumb Code    38  f2d.o(.text)
    __aeabi_uidiv                            0x0800023d   Thumb Code     0  uidiv.o(.text)
    __aeabi_uidivmod                         0x0800023d   Thumb Code    44  uidiv.o(.text)
    __aeabi_uldivmod                         0x08000269   Thumb Code    98  uldiv.o(.text)
    __I$use$fp                               0x080002cb   Thumb Code     0  iusefp.o(.text)
    __aeabi_dadd                             0x080002cb   Thumb Code   322  dadd.o(.text)
    __aeabi_dsub                             0x0800040d   Thumb Code     6  dadd.o(.text)
    __aeabi_drsub                            0x08000413   Thumb Code     6  dadd.o(.text)
    __aeabi_dmul                             0x08000419   Thumb Code   228  dmul.o(.text)
    __aeabi_ddiv                             0x080004fd   Thumb Code   222  ddiv.o(.text)
    __aeabi_d2ulz                            0x080005db   Thumb Code    48  dfixul.o(.text)
    __aeabi_cdrcmple                         0x0800060d   Thumb Code    48  cdrcmple.o(.text)
    __scatterload                            0x0800063d   Thumb Code    28  init.o(.text)
    __scatterload_rt2                        0x0800063d   Thumb Code     0  init.o(.text)
    __aeabi_llsl                             0x08000661   Thumb Code    30  llshl.o(.text)
    _ll_shift_l                              0x08000661   Thumb Code     0  llshl.o(.text)
    __aeabi_llsr                             0x0800067f   Thumb Code    32  llushr.o(.text)
    _ll_ushift_r                             0x0800067f   Thumb Code     0  llushr.o(.text)
    __aeabi_lasr                             0x0800069f   Thumb Code    36  llsshr.o(.text)
    _ll_sshift_r                             0x0800069f   Thumb Code     0  llsshr.o(.text)
    _double_round                            0x080006c3   Thumb Code    30  depilogue.o(.text)
    _double_epilogue                         0x080006e1   Thumb Code   156  depilogue.o(.text)
    __decompress                             0x0800077d   Thumb Code     0  __dczerorl2.o(.text)
    __decompress1                            0x0800077d   Thumb Code    86  __dczerorl2.o(.text)
    CDC_Transmit_FS                          0x08000839   Thumb Code    52  usbd_cdc_if.o(i.CDC_Transmit_FS)
    HAL_Delay                                0x08000875   Thumb Code    28  stm32f4xx_hal.o(i.HAL_Delay)
    HAL_GPIO_Init                            0x08000891   Thumb Code   388  stm32f4xx_hal_gpio.o(i.HAL_GPIO_Init)
    HAL_GPIO_ReadPin                         0x08000a41   Thumb Code    10  stm32f4xx_hal_gpio.o(i.HAL_GPIO_ReadPin)
    HAL_GPIO_WritePin                        0x08000a4b   Thumb Code    10  stm32f4xx_hal_gpio.o(i.HAL_GPIO_WritePin)
    HAL_GetTick                              0x08000a55   Thumb Code     6  stm32f4xx_hal.o(i.HAL_GetTick)
    HAL_IncTick                              0x08000a61   Thumb Code    10  stm32f4xx_hal.o(i.HAL_IncTick)
    HAL_Init                                 0x08000a71   Thumb Code    48  stm32f4xx_hal.o(i.HAL_Init)
    HAL_InitTick                             0x08000aa5   Thumb Code    34  stm32f4xx_hal.o(i.HAL_InitTick)
    HAL_MspInit                              0x08000acd   Thumb Code    88  stm32f4xx_hal_msp.o(i.HAL_MspInit)
    HAL_NVIC_EnableIRQ                       0x08000b25   Thumb Code    22  stm32f4xx_hal_cortex.o(i.HAL_NVIC_EnableIRQ)
    HAL_NVIC_SetPriority                     0x08000b3d   Thumb Code    60  stm32f4xx_hal_cortex.o(i.HAL_NVIC_SetPriority)
    HAL_NVIC_SetPriorityGrouping             0x08000b7d   Thumb Code    26  stm32f4xx_hal_cortex.o(i.HAL_NVIC_SetPriorityGrouping)
    HAL_PCDEx_SetRxFiFo                      0x08000ba1   Thumb Code     8  stm32f4xx_hal_pcd_ex.o(i.HAL_PCDEx_SetRxFiFo)
    HAL_PCDEx_SetTxFiFo                      0x08000ba9   Thumb Code    68  stm32f4xx_hal_pcd_ex.o(i.HAL_PCDEx_SetTxFiFo)
    HAL_PCD_ConnectCallback                  0x08000bed   Thumb Code     8  usbd_conf.o(i.HAL_PCD_ConnectCallback)
    HAL_PCD_DataInStageCallback              0x08000bf5   Thumb Code    18  usbd_conf.o(i.HAL_PCD_DataInStageCallback)
    HAL_PCD_DataOutStageCallback             0x08000c07   Thumb Code    20  usbd_conf.o(i.HAL_PCD_DataOutStageCallback)
    HAL_PCD_DisconnectCallback               0x08000c1b   Thumb Code     8  usbd_conf.o(i.HAL_PCD_DisconnectCallback)
    HAL_PCD_EP_Close                         0x08000c23   Thumb Code    68  stm32f4xx_hal_pcd.o(i.HAL_PCD_EP_Close)
    HAL_PCD_EP_ClrStall                      0x08000c67   Thumb Code    80  stm32f4xx_hal_pcd.o(i.HAL_PCD_EP_ClrStall)
    HAL_PCD_EP_GetRxCount                    0x08000cb7   Thumb Code    20  stm32f4xx_hal_pcd.o(i.HAL_PCD_EP_GetRxCount)
    HAL_PCD_EP_Open                          0x08000ccb   Thumb Code    84  stm32f4xx_hal_pcd.o(i.HAL_PCD_EP_Open)
    HAL_PCD_EP_Receive                       0x08000d1f   Thumb Code    72  stm32f4xx_hal_pcd.o(i.HAL_PCD_EP_Receive)
    HAL_PCD_EP_SetStall                      0x08000d67   Thumb Code    96  stm32f4xx_hal_pcd.o(i.HAL_PCD_EP_SetStall)
    HAL_PCD_EP_Transmit                      0x08000dc7   Thumb Code    64  stm32f4xx_hal_pcd.o(i.HAL_PCD_EP_Transmit)
    HAL_PCD_IRQHandler                       0x08000e09   Thumb Code  1196  stm32f4xx_hal_pcd.o(i.HAL_PCD_IRQHandler)
    HAL_PCD_ISOINIncompleteCallback          0x080012fd   Thumb Code     8  usbd_conf.o(i.HAL_PCD_ISOINIncompleteCallback)
    HAL_PCD_ISOOUTIncompleteCallback         0x08001305   Thumb Code     8  usbd_conf.o(i.HAL_PCD_ISOOUTIncompleteCallback)
    HAL_PCD_Init                             0x0800130d   Thumb Code   190  stm32f4xx_hal_pcd.o(i.HAL_PCD_Init)
    HAL_PCD_MspInit                          0x080013cd   Thumb Code    92  usbd_conf.o(i.HAL_PCD_MspInit)
    HAL_PCD_ResetCallback                    0x08001431   Thumb Code    32  usbd_conf.o(i.HAL_PCD_ResetCallback)
    HAL_PCD_ResumeCallback                   0x08001451   Thumb Code     8  usbd_conf.o(i.HAL_PCD_ResumeCallback)
    HAL_PCD_SOFCallback                      0x08001459   Thumb Code     8  usbd_conf.o(i.HAL_PCD_SOFCallback)
    HAL_PCD_SetAddress                       0x08001461   Thumb Code    36  stm32f4xx_hal_pcd.o(i.HAL_PCD_SetAddress)
    HAL_PCD_SetupStageCallback               0x08001485   Thumb Code    14  usbd_conf.o(i.HAL_PCD_SetupStageCallback)
    HAL_PCD_Start                            0x08001493   Thumb Code    42  stm32f4xx_hal_pcd.o(i.HAL_PCD_Start)
    HAL_PCD_SuspendCallback                  0x080014bd   Thumb Code    44  usbd_conf.o(i.HAL_PCD_SuspendCallback)
    HAL_RCC_ClockConfig                      0x080014ed   Thumb Code   364  stm32f4xx_hal_rcc.o(i.HAL_RCC_ClockConfig)
    HAL_RCC_GetHCLKFreq                      0x08001669   Thumb Code     6  stm32f4xx_hal_rcc.o(i.HAL_RCC_GetHCLKFreq)
    HAL_RCC_GetSysClockFreq                  0x08001675   Thumb Code   104  stm32f4xx_hal_rcc.o(i.HAL_RCC_GetSysClockFreq)
    HAL_RCC_OscConfig                        0x080016e5   Thumb Code   770  stm32f4xx_hal_rcc.o(i.HAL_RCC_OscConfig)
    HAL_SYSTICK_CLKSourceConfig              0x080019f9   Thumb Code    24  stm32f4xx_hal_cortex.o(i.HAL_SYSTICK_CLKSourceConfig)
    HAL_SYSTICK_Callback                     0x08001a11   Thumb Code     2  stm32f4xx_hal_cortex.o(i.HAL_SYSTICK_Callback)
    HAL_SYSTICK_Config                       0x08001a13   Thumb Code    40  stm32f4xx_hal_cortex.o(i.HAL_SYSTICK_Config)
    HAL_SYSTICK_IRQHandler                   0x08001a3b   Thumb Code     8  stm32f4xx_hal_cortex.o(i.HAL_SYSTICK_IRQHandler)
    MX_USB_DEVICE_Init                       0x08001af9   Thumb Code    38  usb_device.o(i.MX_USB_DEVICE_Init)
    OTG_FS_IRQHandler                        0x08001b51   Thumb Code     6  stm32f4xx_it.o(i.OTG_FS_IRQHandler)
    PendSV_Handler                           0x08001be5   Thumb Code     2  stm32f4xx_it.o(i.PendSV_Handler)
    SVC_Handler                              0x08001be7   Thumb Code     2  stm32f4xx_it.o(i.SVC_Handler)
    SysTick_Handler                          0x08001be9   Thumb Code    14  stm32f4xx_it.o(i.SysTick_Handler)
    SystemClock_Config                       0x08001bf9   Thumb Code   150  main.o(i.SystemClock_Config)
    SystemInit                               0x08001c99   Thumb Code    66  system_stm32f4xx.o(i.SystemInit)
    USBD_CDC_GetDeviceQualifierDescriptor    0x08001d91   Thumb Code     8  usbd_cdc.o(i.USBD_CDC_GetDeviceQualifierDescriptor)
    USBD_CDC_ReceivePacket                   0x08001e49   Thumb Code    40  usbd_cdc.o(i.USBD_CDC_ReceivePacket)
    USBD_CDC_RegisterInterface               0x08001e71   Thumb Code    16  usbd_cdc.o(i.USBD_CDC_RegisterInterface)
    USBD_CDC_SetRxBuffer                     0x08001e81   Thumb Code    12  usbd_cdc.o(i.USBD_CDC_SetRxBuffer)
    USBD_CDC_SetTxBuffer                     0x08001e8d   Thumb Code    16  usbd_cdc.o(i.USBD_CDC_SetTxBuffer)
    USBD_CDC_TransmitPacket                  0x08001f0d   Thumb Code    48  usbd_cdc.o(i.USBD_CDC_TransmitPacket)
    USBD_ClrClassConfig                      0x08001f3d   Thumb Code    14  usbd_core.o(i.USBD_ClrClassConfig)
    USBD_CtlContinueRx                       0x08001f4b   Thumb Code    16  usbd_ioreq.o(i.USBD_CtlContinueRx)
    USBD_CtlContinueSendData                 0x08001f5b   Thumb Code    16  usbd_ioreq.o(i.USBD_CtlContinueSendData)
    USBD_CtlError                            0x08001f6b   Thumb Code    22  usbd_ctlreq.o(i.USBD_CtlError)
    USBD_CtlPrepareRx                        0x08001f81   Thumb Code    30  usbd_ioreq.o(i.USBD_CtlPrepareRx)
    USBD_CtlReceiveStatus                    0x08001f9f   Thumb Code    22  usbd_ioreq.o(i.USBD_CtlReceiveStatus)
    USBD_CtlSendData                         0x08001fb5   Thumb Code    26  usbd_ioreq.o(i.USBD_CtlSendData)
    USBD_CtlSendStatus                       0x08001fcf   Thumb Code    22  usbd_ioreq.o(i.USBD_CtlSendStatus)
    USBD_FS_ConfigStrDescriptor              0x08001fe5   Thumb Code    16  usbd_desc.o(i.USBD_FS_ConfigStrDescriptor)
    USBD_FS_DeviceDescriptor                 0x08002005   Thumb Code     8  usbd_desc.o(i.USBD_FS_DeviceDescriptor)
    USBD_FS_InterfaceStrDescriptor           0x08002011   Thumb Code    16  usbd_desc.o(i.USBD_FS_InterfaceStrDescriptor)
    USBD_FS_LangIDStrDescriptor              0x08002035   Thumb Code     8  usbd_desc.o(i.USBD_FS_LangIDStrDescriptor)
    USBD_FS_ManufacturerStrDescriptor        0x08002041   Thumb Code    16  usbd_desc.o(i.USBD_FS_ManufacturerStrDescriptor)
    USBD_FS_ProductStrDescriptor             0x08002069   Thumb Code    16  usbd_desc.o(i.USBD_FS_ProductStrDescriptor)
    USBD_FS_SerialStrDescriptor              0x08002095   Thumb Code    16  usbd_desc.o(i.USBD_FS_SerialStrDescriptor)
    USBD_GetString                           0x08002199   Thumb Code    70  usbd_ctlreq.o(i.USBD_GetString)
    USBD_Init                                0x080021df   Thumb Code    42  usbd_core.o(i.USBD_Init)
    USBD_LL_ClearStallEP                     0x08002209   Thumb Code    32  usbd_conf.o(i.USBD_LL_ClearStallEP)
    USBD_LL_CloseEP                          0x08002229   Thumb Code    32  usbd_conf.o(i.USBD_LL_CloseEP)
    USBD_LL_DataInStage                      0x08002249   Thumb Code   170  usbd_core.o(i.USBD_LL_DataInStage)
    USBD_LL_DataOutStage                     0x080022f3   Thumb Code   106  usbd_core.o(i.USBD_LL_DataOutStage)
    USBD_LL_DevConnected                     0x0800235d   Thumb Code     4  usbd_core.o(i.USBD_LL_DevConnected)
    USBD_LL_DevDisconnected                  0x08002361   Thumb Code    22  usbd_core.o(i.USBD_LL_DevDisconnected)
    USBD_LL_GetRxDataSize                    0x08002377   Thumb Code     8  usbd_conf.o(i.USBD_LL_GetRxDataSize)
    USBD_LL_Init                             0x08002381   Thumb Code   100  usbd_conf.o(i.USBD_LL_Init)
    USBD_LL_IsStallEP                        0x080023fd   Thumb Code    32  usbd_conf.o(i.USBD_LL_IsStallEP)
    USBD_LL_IsoINIncomplete                  0x0800241d   Thumb Code     4  usbd_core.o(i.USBD_LL_IsoINIncomplete)
    USBD_LL_IsoOUTIncomplete                 0x08002421   Thumb Code     4  usbd_core.o(i.USBD_LL_IsoOUTIncomplete)
    USBD_LL_OpenEP                           0x08002425   Thumb Code    38  usbd_conf.o(i.USBD_LL_OpenEP)
    USBD_LL_PrepareReceive                   0x0800244b   Thumb Code    32  usbd_conf.o(i.USBD_LL_PrepareReceive)
    USBD_LL_Reset                            0x0800246b   Thumb Code    62  usbd_core.o(i.USBD_LL_Reset)
    USBD_LL_Resume                           0x080024a9   Thumb Code    12  usbd_core.o(i.USBD_LL_Resume)
    USBD_LL_SOF                              0x080024b5   Thumb Code    24  usbd_core.o(i.USBD_LL_SOF)
    USBD_LL_SetSpeed                         0x080024cd   Thumb Code     6  usbd_core.o(i.USBD_LL_SetSpeed)
    USBD_LL_SetUSBAddress                    0x080024d3   Thumb Code    32  usbd_conf.o(i.USBD_LL_SetUSBAddress)
    USBD_LL_SetupStage                       0x080024f3   Thumb Code    90  usbd_core.o(i.USBD_LL_SetupStage)
    USBD_LL_StallEP                          0x0800254d   Thumb Code    32  usbd_conf.o(i.USBD_LL_StallEP)
    USBD_LL_Start                            0x0800256d   Thumb Code    32  usbd_conf.o(i.USBD_LL_Start)
    USBD_LL_Suspend                          0x0800258d   Thumb Code    18  usbd_core.o(i.USBD_LL_Suspend)
    USBD_LL_Transmit                         0x0800259f   Thumb Code    32  usbd_conf.o(i.USBD_LL_Transmit)
    USBD_ParseSetupRequest                   0x080025bf   Thumb Code    40  usbd_ctlreq.o(i.USBD_ParseSetupRequest)
    USBD_RegisterClass                       0x080025e7   Thumb Code    16  usbd_core.o(i.USBD_RegisterClass)
    USBD_SetClassConfig                      0x080025f7   Thumb Code    22  usbd_core.o(i.USBD_SetClassConfig)
    USBD_Start                               0x08002681   Thumb Code    10  usbd_core.o(i.USBD_Start)
    USBD_StdDevReq                           0x0800268b   Thumb Code   242  usbd_ctlreq.o(i.USBD_StdDevReq)
    USBD_StdEPReq                            0x0800277d   Thumb Code   220  usbd_ctlreq.o(i.USBD_StdEPReq)
    USBD_StdItfReq                           0x08002859   Thumb Code    52  usbd_ctlreq.o(i.USBD_StdItfReq)
    USB_ActivateEndpoint                     0x0800288d   Thumb Code   122  stm32f4xx_ll_usb.o(i.USB_ActivateEndpoint)
    USB_ActivateSetup                        0x0800290d   Thumb Code    52  stm32f4xx_ll_usb.o(i.USB_ActivateSetup)
    USB_CoreInit                             0x08002941   Thumb Code   104  stm32f4xx_ll_usb.o(i.USB_CoreInit)
    USB_DeactivateEndpoint                   0x080029e5   Thumb Code   196  stm32f4xx_ll_usb.o(i.USB_DeactivateEndpoint)
    USB_DevConnect                           0x08002aad   Thumb Code    24  stm32f4xx_ll_usb.o(i.USB_DevConnect)
    USB_DevDisconnect                        0x08002ac5   Thumb Code    24  stm32f4xx_ll_usb.o(i.USB_DevDisconnect)
    USB_DevInit                              0x08002add   Thumb Code   302  stm32f4xx_ll_usb.o(i.USB_DevInit)
    USB_DisableGlobalInt                     0x08002c1d   Thumb Code    12  stm32f4xx_ll_usb.o(i.USB_DisableGlobalInt)
    USB_EP0StartXfer                         0x08002c29   Thumb Code   316  stm32f4xx_ll_usb.o(i.USB_EP0StartXfer)
    USB_EP0_OutStart                         0x08002d69   Thumb Code    62  stm32f4xx_ll_usb.o(i.USB_EP0_OutStart)
    USB_EPClearStall                         0x08002da7   Thumb Code   100  stm32f4xx_ll_usb.o(i.USB_EPClearStall)
    USB_EPSetStall                           0x08002e0b   Thumb Code    94  stm32f4xx_ll_usb.o(i.USB_EPSetStall)
    USB_EPStartXfer                          0x08002e69   Thumb Code   534  stm32f4xx_ll_usb.o(i.USB_EPStartXfer)
    USB_EnableGlobalInt                      0x08003085   Thumb Code    12  stm32f4xx_ll_usb.o(i.USB_EnableGlobalInt)
    USB_FlushRxFifo                          0x08003091   Thumb Code    28  stm32f4xx_ll_usb.o(i.USB_FlushRxFifo)
    USB_FlushTxFifo                          0x080030b1   Thumb Code    32  stm32f4xx_ll_usb.o(i.USB_FlushTxFifo)
    USB_GetDevSpeed                          0x080030d5   Thumb Code    60  stm32f4xx_ll_usb.o(i.USB_GetDevSpeed)
    USB_GetMode                              0x08003111   Thumb Code     8  stm32f4xx_ll_usb.o(i.USB_GetMode)
    USB_ReadDevAllInEpInterrupt              0x08003119   Thumb Code    14  stm32f4xx_ll_usb.o(i.USB_ReadDevAllInEpInterrupt)
    USB_ReadDevAllOutEpInterrupt             0x08003127   Thumb Code    14  stm32f4xx_ll_usb.o(i.USB_ReadDevAllOutEpInterrupt)
    USB_ReadDevInEPInterrupt                 0x08003135   Thumb Code    30  stm32f4xx_ll_usb.o(i.USB_ReadDevInEPInterrupt)
    USB_ReadDevOutEPInterrupt                0x08003153   Thumb Code    16  stm32f4xx_ll_usb.o(i.USB_ReadDevOutEPInterrupt)
    USB_ReadInterrupts                       0x08003163   Thumb Code     8  stm32f4xx_ll_usb.o(i.USB_ReadInterrupts)
    USB_ReadPacket                           0x0800316b   Thumb Code    32  stm32f4xx_ll_usb.o(i.USB_ReadPacket)
    USB_SetCurrentMode                       0x0800318b   Thumb Code    44  stm32f4xx_ll_usb.o(i.USB_SetCurrentMode)
    USB_SetDevAddress                        0x080031b7   Thumb Code    34  stm32f4xx_ll_usb.o(i.USB_SetDevAddress)
    USB_WritePacket                          0x080031d9   Thumb Code    40  stm32f4xx_ll_usb.o(i.USB_WritePacket)
    _Error_Handler                           0x08003201   Thumb Code     2  main.o(i._Error_Handler)
    __0sprintf                               0x08003205   Thumb Code    34  printfa.o(i.__0sprintf)
    __1sprintf                               0x08003205   Thumb Code     0  printfa.o(i.__0sprintf)
    __2sprintf                               0x08003205   Thumb Code     0  printfa.o(i.__0sprintf)
    __c89sprintf                             0x08003205   Thumb Code     0  printfa.o(i.__0sprintf)
    sprintf                                  0x08003205   Thumb Code     0  printfa.o(i.__0sprintf)
    __scatterload_copy                       0x0800322d   Thumb Code    14  handlers.o(i.__scatterload_copy)
    __scatterload_null                       0x0800323b   Thumb Code     2  handlers.o(i.__scatterload_null)
    __scatterload_zeroinit                   0x0800323d   Thumb Code    14  handlers.o(i.__scatterload_zeroinit)
    free                                     0x08003b09   Thumb Code    76  malloc.o(i.free)
    main                                     0x08003b59   Thumb Code   188  main.o(i.main)
    malloc                                   0x08003c2d   Thumb Code    92  malloc.o(i.malloc)
    tobinstr                                 0x08003c99   Thumb Code    30  main.o(i.tobinstr)
    writetoawg                               0x08003cb9   Thumb Code   390  main.o(i.writetoawg)
    AHBPrescTable                            0x08003e44   Data          16  system_stm32f4xx.o(.constdata)
    Region$$Table$$Base                      0x08003e54   Number         0  anon$$obj.o(Region$$Table)
    Region$$Table$$Limit                     0x08003e74   Number         0  anon$$obj.o(Region$$Table)
    uwTick                                   0x20000000   Data           4  stm32f4xx_hal.o(.data)
    SystemCoreClock                          0x20000004   Data           4  system_stm32f4xx.o(.data)
    a                                        0x20000008   Data           4  main.o(.data)
    mystring                                 0x2000000c   Data          15  main.o(.data)
    FS_Desc                                  0x2000001c   Data          28  usbd_desc.o(.data)
    USBD_LangIDDesc                          0x20000038   Data           4  usbd_desc.o(.data)
    USBD_FS_DeviceDesc                       0x2000003c   Data          18  usbd_desc.o(.data)
    _index                                   0x2000004e   Data           1  usbd_cdc_if.o(.data)
    USBD_Interface_fops_FS                   0x20000050   Data          16  usbd_cdc_if.o(.data)
    USBD_CDC_CfgHSDesc                       0x20000074   Data          67  usbd_cdc.o(.data)
    USBD_CDC_CfgFSDesc                       0x200000b8   Data          67  usbd_cdc.o(.data)
    USBD_CDC_OtherSpeedCfgDesc               0x200000fc   Data          67  usbd_cdc.o(.data)
    USBD_CDC                                 0x20000140   Data          56  usbd_cdc.o(.data)
    __microlib_freelist                      0x20000178   Data           4  mvars.o(.data)
    __microlib_freelist_initialised          0x2000017c   Data           4  mvars.o(.data)
    receive_data                             0x20000180   Data          64  main.o(.bss)
    buffer_to_send                           0x200001c0   Data          64  main.o(.bss)
    USBD_StrDesc                             0x20000200   Data         512  usbd_desc.o(.bss)
    UserRxBufferFS                           0x20000400   Data          64  usbd_cdc_if.o(.bss)
    UserTxBufferFS                           0x20000440   Data          64  usbd_cdc_if.o(.bss)
    hUsbDeviceFS                             0x20000480   Data         548  usb_device.o(.bss)
    hpcd_USB_OTG_FS                          0x200006a4   Data        1008  usbd_conf.o(.bss)
    __heap_base                              0x20000a98   Data           0  startup_stm32f407xx.o(HEAP)
    __heap_limit                             0x20002a98   Data           0  startup_stm32f407xx.o(HEAP)
    __initial_sp                             0x20006a98   Data           0  startup_stm32f407xx.o(STACK)



==============================================================================

Memory Map of the image

  Image Entry point : 0x08000189

  Load Region LR_IROM1 (Base: 0x08000000, Size: 0x00003ff4, Max: 0x00100000, ABSOLUTE, COMPRESSED[0x00003f44])

    Execution Region ER_IROM1 (Base: 0x08000000, Size: 0x00003e74, Max: 0x00100000, ABSOLUTE)

    Base Addr    Size         Type   Attr      Idx    E Section Name        Object

    0x08000000   0x00000188   Data   RO         2226    RESET               startup_stm32f407xx.o
    0x08000188   0x00000000   Code   RO         2600  * .ARM.Collect$$$$00000000  mc_w.l(entry.o)
    0x08000188   0x00000004   Code   RO         2902    .ARM.Collect$$$$00000001  mc_w.l(entry2.o)
    0x0800018c   0x00000004   Code   RO         2905    .ARM.Collect$$$$00000004  mc_w.l(entry5.o)
    0x08000190   0x00000000   Code   RO         2907    .ARM.Collect$$$$00000008  mc_w.l(entry7b.o)
    0x08000190   0x00000000   Code   RO         2909    .ARM.Collect$$$$0000000A  mc_w.l(entry8b.o)
    0x08000190   0x00000008   Code   RO         2910    .ARM.Collect$$$$0000000B  mc_w.l(entry9a.o)
    0x08000198   0x00000000   Code   RO         2912    .ARM.Collect$$$$0000000D  mc_w.l(entry10a.o)
    0x08000198   0x00000000   Code   RO         2914    .ARM.Collect$$$$0000000F  mc_w.l(entry11a.o)
    0x08000198   0x00000004   Code   RO         2903    .ARM.Collect$$$$00002712  mc_w.l(entry2.o)
    0x0800019c   0x00000024   Code   RO         2227    .text               startup_stm32f407xx.o
    0x080001c0   0x00000024   Code   RO         2603    .text               mc_w.l(memcpya.o)
    0x080001e4   0x00000024   Code   RO         2605    .text               mc_w.l(memseta.o)
    0x08000208   0x0000000e   Code   RO         2607    .text               mc_w.l(strlen.o)
    0x08000216   0x00000026   Code   RO         2900    .text               mf_w.l(f2d.o)
    0x0800023c   0x0000002c   Code   RO         2919    .text               mc_w.l(uidiv.o)
    0x08000268   0x00000062   Code   RO         2921    .text               mc_w.l(uldiv.o)
    0x080002ca   0x00000000   Code   RO         2925    .text               mc_w.l(iusefp.o)
    0x080002ca   0x0000014e   Code   RO         2926    .text               mf_w.l(dadd.o)
    0x08000418   0x000000e4   Code   RO         2928    .text               mf_w.l(dmul.o)
    0x080004fc   0x000000de   Code   RO         2930    .text               mf_w.l(ddiv.o)
    0x080005da   0x00000030   Code   RO         2932    .text               mf_w.l(dfixul.o)
    0x0800060a   0x00000002   PAD
    0x0800060c   0x00000030   Code   RO         2934    .text               mf_w.l(cdrcmple.o)
    0x0800063c   0x00000024   Code   RO         2936    .text               mc_w.l(init.o)
    0x08000660   0x0000001e   Code   RO         2939    .text               mc_w.l(llshl.o)
    0x0800067e   0x00000020   Code   RO         2941    .text               mc_w.l(llushr.o)
    0x0800069e   0x00000024   Code   RO         2943    .text               mc_w.l(llsshr.o)
    0x080006c2   0x000000ba   Code   RO         2946    .text               mf_w.l(depilogue.o)
    0x0800077c   0x00000056   Code   RO         2956    .text               mc_w.l(__dczerorl2.o)
    0x080007d2   0x00000004   Code   RO         1951    i.CDC_Control_FS    usbd_cdc_if.o
    0x080007d6   0x00000004   Code   RO         1952    i.CDC_DeInit_FS     usbd_cdc_if.o
    0x080007da   0x00000002   PAD
    0x080007dc   0x00000024   Code   RO         1953    i.CDC_Init_FS       usbd_cdc_if.o
    0x08000800   0x00000038   Code   RO         1954    i.CDC_Receive_FS    usbd_cdc_if.o
    0x08000838   0x0000003c   Code   RO         1955    i.CDC_Transmit_FS   usbd_cdc_if.o
    0x08000874   0x0000001c   Code   RO          737    i.HAL_Delay         stm32f4xx_hal.o
    0x08000890   0x000001b0   Code   RO          608    i.HAL_GPIO_Init     stm32f4xx_hal_gpio.o
    0x08000a40   0x0000000a   Code   RO          610    i.HAL_GPIO_ReadPin  stm32f4xx_hal_gpio.o
    0x08000a4a   0x0000000a   Code   RO          612    i.HAL_GPIO_WritePin  stm32f4xx_hal_gpio.o
    0x08000a54   0x0000000c   Code   RO          743    i.HAL_GetTick       stm32f4xx_hal.o
    0x08000a60   0x00000010   Code   RO          745    i.HAL_IncTick       stm32f4xx_hal.o
    0x08000a70   0x00000034   Code   RO          746    i.HAL_Init          stm32f4xx_hal.o
    0x08000aa4   0x00000028   Code   RO          747    i.HAL_InitTick      stm32f4xx_hal.o
    0x08000acc   0x00000058   Code   RO         1717    i.HAL_MspInit       stm32f4xx_hal_msp.o
    0x08000b24   0x00000016   Code   RO          457    i.HAL_NVIC_EnableIRQ  stm32f4xx_hal_cortex.o
    0x08000b3a   0x00000002   PAD
    0x08000b3c   0x00000040   Code   RO          463    i.HAL_NVIC_SetPriority  stm32f4xx_hal_cortex.o
    0x08000b7c   0x00000024   Code   RO          464    i.HAL_NVIC_SetPriorityGrouping  stm32f4xx_hal_cortex.o
    0x08000ba0   0x00000008   Code   RO         1366    i.HAL_PCDEx_SetRxFiFo  stm32f4xx_hal_pcd_ex.o
    0x08000ba8   0x00000044   Code   RO         1367    i.HAL_PCDEx_SetTxFiFo  stm32f4xx_hal_pcd_ex.o
    0x08000bec   0x00000008   Code   RO         2038    i.HAL_PCD_ConnectCallback  usbd_conf.o
    0x08000bf4   0x00000012   Code   RO         2039    i.HAL_PCD_DataInStageCallback  usbd_conf.o
    0x08000c06   0x00000014   Code   RO         2040    i.HAL_PCD_DataOutStageCallback  usbd_conf.o
    0x08000c1a   0x00000008   Code   RO         2041    i.HAL_PCD_DisconnectCallback  usbd_conf.o
    0x08000c22   0x00000044   Code   RO         1160    i.HAL_PCD_EP_Close  stm32f4xx_hal_pcd.o
    0x08000c66   0x00000050   Code   RO         1161    i.HAL_PCD_EP_ClrStall  stm32f4xx_hal_pcd.o
    0x08000cb6   0x00000014   Code   RO         1163    i.HAL_PCD_EP_GetRxCount  stm32f4xx_hal_pcd.o
    0x08000cca   0x00000054   Code   RO         1164    i.HAL_PCD_EP_Open   stm32f4xx_hal_pcd.o
    0x08000d1e   0x00000048   Code   RO         1165    i.HAL_PCD_EP_Receive  stm32f4xx_hal_pcd.o
    0x08000d66   0x00000060   Code   RO         1166    i.HAL_PCD_EP_SetStall  stm32f4xx_hal_pcd.o
    0x08000dc6   0x00000040   Code   RO         1167    i.HAL_PCD_EP_Transmit  stm32f4xx_hal_pcd.o
    0x08000e06   0x00000002   PAD
    0x08000e08   0x000004f4   Code   RO         1169    i.HAL_PCD_IRQHandler  stm32f4xx_hal_pcd.o
    0x080012fc   0x00000008   Code   RO         2042    i.HAL_PCD_ISOINIncompleteCallback  usbd_conf.o
    0x08001304   0x00000008   Code   RO         2043    i.HAL_PCD_ISOOUTIncompleteCallback  usbd_conf.o
    0x0800130c   0x000000be   Code   RO         1172    i.HAL_PCD_Init      stm32f4xx_hal_pcd.o
    0x080013ca   0x00000002   PAD
    0x080013cc   0x00000064   Code   RO         2045    i.HAL_PCD_MspInit   usbd_conf.o
    0x08001430   0x00000020   Code   RO         2046    i.HAL_PCD_ResetCallback  usbd_conf.o
    0x08001450   0x00000008   Code   RO         2047    i.HAL_PCD_ResumeCallback  usbd_conf.o
    0x08001458   0x00000008   Code   RO         2048    i.HAL_PCD_SOFCallback  usbd_conf.o
    0x08001460   0x00000024   Code   RO         1178    i.HAL_PCD_SetAddress  stm32f4xx_hal_pcd.o
    0x08001484   0x0000000e   Code   RO         2049    i.HAL_PCD_SetupStageCallback  usbd_conf.o
    0x08001492   0x0000002a   Code   RO         1180    i.HAL_PCD_Start     stm32f4xx_hal_pcd.o
    0x080014bc   0x00000030   Code   RO         2050    i.HAL_PCD_SuspendCallback  usbd_conf.o
    0x080014ec   0x0000017c   Code   RO         1050    i.HAL_RCC_ClockConfig  stm32f4xx_hal_rcc.o
    0x08001668   0x0000000c   Code   RO         1055    i.HAL_RCC_GetHCLKFreq  stm32f4xx_hal_rcc.o
    0x08001674   0x00000070   Code   RO         1059    i.HAL_RCC_GetSysClockFreq  stm32f4xx_hal_rcc.o
    0x080016e4   0x00000314   Code   RO         1062    i.HAL_RCC_OscConfig  stm32f4xx_hal_rcc.o
    0x080019f8   0x00000018   Code   RO          466    i.HAL_SYSTICK_CLKSourceConfig  stm32f4xx_hal_cortex.o
    0x08001a10   0x00000002   Code   RO          467    i.HAL_SYSTICK_Callback  stm32f4xx_hal_cortex.o
    0x08001a12   0x00000028   Code   RO          468    i.HAL_SYSTICK_Config  stm32f4xx_hal_cortex.o
    0x08001a3a   0x00000008   Code   RO          469    i.HAL_SYSTICK_IRQHandler  stm32f4xx_hal_cortex.o
    0x08001a42   0x00000002   PAD
    0x08001a44   0x000000b4   Code   RO         1741    i.MX_GPIO_Init      main.o
    0x08001af8   0x00000038   Code   RO         2004    i.MX_USB_DEVICE_Init  usb_device.o
    0x08001b30   0x00000020   Code   RO          470    i.NVIC_SetPriority  stm32f4xx_hal_cortex.o
    0x08001b50   0x0000000c   Code   RO         1837    i.OTG_FS_IRQHandler  stm32f4xx_it.o
    0x08001b5c   0x00000088   Code   RO         1183    i.PCD_WriteEmptyTxFifo  stm32f4xx_hal_pcd.o
    0x08001be4   0x00000002   Code   RO         1838    i.PendSV_Handler    stm32f4xx_it.o
    0x08001be6   0x00000002   Code   RO         1839    i.SVC_Handler       stm32f4xx_it.o
    0x08001be8   0x0000000e   Code   RO         1840    i.SysTick_Handler   stm32f4xx_it.o
    0x08001bf6   0x00000002   PAD
    0x08001bf8   0x000000a0   Code   RO         1742    i.SystemClock_Config  main.o
    0x08001c98   0x00000054   Code   RO         1680    i.SystemInit        system_stm32f4xx.o
    0x08001cec   0x00000014   Code   RO         2299    i.USBD_CDC_DataIn   usbd_cdc.o
    0x08001d00   0x0000002e   Code   RO         2300    i.USBD_CDC_DataOut  usbd_cdc.o
    0x08001d2e   0x0000003c   Code   RO         2301    i.USBD_CDC_DeInit   usbd_cdc.o
    0x08001d6a   0x00000024   Code   RO         2302    i.USBD_CDC_EP0_RxReady  usbd_cdc.o
    0x08001d8e   0x00000002   PAD
    0x08001d90   0x0000000c   Code   RO         2303    i.USBD_CDC_GetDeviceQualifierDescriptor  usbd_cdc.o
    0x08001d9c   0x0000000c   Code   RO         2304    i.USBD_CDC_GetFSCfgDesc  usbd_cdc.o
    0x08001da8   0x0000000c   Code   RO         2305    i.USBD_CDC_GetHSCfgDesc  usbd_cdc.o
    0x08001db4   0x0000000c   Code   RO         2306    i.USBD_CDC_GetOtherSpeedCfgDesc  usbd_cdc.o
    0x08001dc0   0x00000088   Code   RO         2307    i.USBD_CDC_Init     usbd_cdc.o
    0x08001e48   0x00000028   Code   RO         2308    i.USBD_CDC_ReceivePacket  usbd_cdc.o
    0x08001e70   0x00000010   Code   RO         2309    i.USBD_CDC_RegisterInterface  usbd_cdc.o
    0x08001e80   0x0000000c   Code   RO         2310    i.USBD_CDC_SetRxBuffer  usbd_cdc.o
    0x08001e8c   0x00000010   Code   RO         2311    i.USBD_CDC_SetTxBuffer  usbd_cdc.o
    0x08001e9c   0x00000070   Code   RO         2312    i.USBD_CDC_Setup    usbd_cdc.o
    0x08001f0c   0x00000030   Code   RO         2313    i.USBD_CDC_TransmitPacket  usbd_cdc.o
    0x08001f3c   0x0000000e   Code   RO         2465    i.USBD_ClrClassConfig  usbd_core.o
    0x08001f4a   0x00000010   Code   RO         2405    i.USBD_CtlContinueRx  usbd_ioreq.o
    0x08001f5a   0x00000010   Code   RO         2406    i.USBD_CtlContinueSendData  usbd_ioreq.o
    0x08001f6a   0x00000016   Code   RO         2234    i.USBD_CtlError     usbd_ctlreq.o
    0x08001f80   0x0000001e   Code   RO         2407    i.USBD_CtlPrepareRx  usbd_ioreq.o
    0x08001f9e   0x00000016   Code   RO         2408    i.USBD_CtlReceiveStatus  usbd_ioreq.o
    0x08001fb4   0x0000001a   Code   RO         2409    i.USBD_CtlSendData  usbd_ioreq.o
    0x08001fce   0x00000016   Code   RO         2410    i.USBD_CtlSendStatus  usbd_ioreq.o
    0x08001fe4   0x00000020   Code   RO         1883    i.USBD_FS_ConfigStrDescriptor  usbd_desc.o
    0x08002004   0x0000000c   Code   RO         1884    i.USBD_FS_DeviceDescriptor  usbd_desc.o
    0x08002010   0x00000024   Code   RO         1885    i.USBD_FS_InterfaceStrDescriptor  usbd_desc.o
    0x08002034   0x0000000c   Code   RO         1886    i.USBD_FS_LangIDStrDescriptor  usbd_desc.o
    0x08002040   0x00000028   Code   RO         1887    i.USBD_FS_ManufacturerStrDescriptor  usbd_desc.o
    0x08002068   0x0000002c   Code   RO         1888    i.USBD_FS_ProductStrDescriptor  usbd_desc.o
    0x08002094   0x00000024   Code   RO         1889    i.USBD_FS_SerialStrDescriptor  usbd_desc.o
    0x080020b8   0x000000e0   Code   RO         2235    i.USBD_GetDescriptor  usbd_ctlreq.o
    0x08002198   0x00000046   Code   RO         2236    i.USBD_GetString    usbd_ctlreq.o
    0x080021de   0x0000002a   Code   RO         2467    i.USBD_Init         usbd_core.o
    0x08002208   0x00000020   Code   RO         2051    i.USBD_LL_ClearStallEP  usbd_conf.o
    0x08002228   0x00000020   Code   RO         2052    i.USBD_LL_CloseEP   usbd_conf.o
    0x08002248   0x000000aa   Code   RO         2468    i.USBD_LL_DataInStage  usbd_core.o
    0x080022f2   0x0000006a   Code   RO         2469    i.USBD_LL_DataOutStage  usbd_core.o
    0x0800235c   0x00000004   Code   RO         2470    i.USBD_LL_DevConnected  usbd_core.o
    0x08002360   0x00000016   Code   RO         2471    i.USBD_LL_DevDisconnected  usbd_core.o
    0x08002376   0x00000008   Code   RO         2056    i.USBD_LL_GetRxDataSize  usbd_conf.o
    0x0800237e   0x00000002   PAD
    0x08002380   0x0000007c   Code   RO         2057    i.USBD_LL_Init      usbd_conf.o
    0x080023fc   0x00000020   Code   RO         2058    i.USBD_LL_IsStallEP  usbd_conf.o
    0x0800241c   0x00000004   Code   RO         2472    i.USBD_LL_IsoINIncomplete  usbd_core.o
    0x08002420   0x00000004   Code   RO         2473    i.USBD_LL_IsoOUTIncomplete  usbd_core.o
    0x08002424   0x00000026   Code   RO         2059    i.USBD_LL_OpenEP    usbd_conf.o
    0x0800244a   0x00000020   Code   RO         2060    i.USBD_LL_PrepareReceive  usbd_conf.o
    0x0800246a   0x0000003e   Code   RO         2474    i.USBD_LL_Reset     usbd_core.o
    0x080024a8   0x0000000c   Code   RO         2475    i.USBD_LL_Resume    usbd_core.o
    0x080024b4   0x00000018   Code   RO         2476    i.USBD_LL_SOF       usbd_core.o
    0x080024cc   0x00000006   Code   RO         2477    i.USBD_LL_SetSpeed  usbd_core.o
    0x080024d2   0x00000020   Code   RO         2061    i.USBD_LL_SetUSBAddress  usbd_conf.o
    0x080024f2   0x0000005a   Code   RO         2478    i.USBD_LL_SetupStage  usbd_core.o
    0x0800254c   0x00000020   Code   RO         2062    i.USBD_LL_StallEP   usbd_conf.o
    0x0800256c   0x00000020   Code   RO         2063    i.USBD_LL_Start     usbd_conf.o
    0x0800258c   0x00000012   Code   RO         2479    i.USBD_LL_Suspend   usbd_core.o
    0x0800259e   0x00000020   Code   RO         2065    i.USBD_LL_Transmit  usbd_conf.o
    0x080025be   0x00000028   Code   RO         2237    i.USBD_ParseSetupRequest  usbd_ctlreq.o
    0x080025e6   0x00000010   Code   RO         2480    i.USBD_RegisterClass  usbd_core.o
    0x080025f6   0x00000016   Code   RO         2482    i.USBD_SetClassConfig  usbd_core.o
    0x0800260c   0x00000074   Code   RO         2238    i.USBD_SetConfig    usbd_ctlreq.o
    0x08002680   0x0000000a   Code   RO         2483    i.USBD_Start        usbd_core.o
    0x0800268a   0x000000f2   Code   RO         2239    i.USBD_StdDevReq    usbd_ctlreq.o
    0x0800277c   0x000000dc   Code   RO         2240    i.USBD_StdEPReq     usbd_ctlreq.o
    0x08002858   0x00000034   Code   RO         2241    i.USBD_StdItfReq    usbd_ctlreq.o
    0x0800288c   0x00000080   Code   RO         1397    i.USB_ActivateEndpoint  stm32f4xx_ll_usb.o
    0x0800290c   0x00000034   Code   RO         1398    i.USB_ActivateSetup  stm32f4xx_ll_usb.o
    0x08002940   0x0000006c   Code   RO         1400    i.USB_CoreInit      stm32f4xx_ll_usb.o
    0x080029ac   0x00000038   Code   RO         1401    i.USB_CoreReset     stm32f4xx_ll_usb.o
    0x080029e4   0x000000c8   Code   RO         1403    i.USB_DeactivateEndpoint  stm32f4xx_ll_usb.o
    0x08002aac   0x00000018   Code   RO         1404    i.USB_DevConnect    stm32f4xx_ll_usb.o
    0x08002ac4   0x00000018   Code   RO         1405    i.USB_DevDisconnect  stm32f4xx_ll_usb.o
    0x08002adc   0x00000140   Code   RO         1406    i.USB_DevInit       stm32f4xx_ll_usb.o
    0x08002c1c   0x0000000c   Code   RO         1407    i.USB_DisableGlobalInt  stm32f4xx_ll_usb.o
    0x08002c28   0x00000140   Code   RO         1410    i.USB_EP0StartXfer  stm32f4xx_ll_usb.o
    0x08002d68   0x0000003e   Code   RO         1411    i.USB_EP0_OutStart  stm32f4xx_ll_usb.o
    0x08002da6   0x00000064   Code   RO         1412    i.USB_EPClearStall  stm32f4xx_ll_usb.o
    0x08002e0a   0x0000005e   Code   RO         1413    i.USB_EPSetStall    stm32f4xx_ll_usb.o
    0x08002e68   0x0000021c   Code   RO         1414    i.USB_EPStartXfer   stm32f4xx_ll_usb.o
    0x08003084   0x0000000c   Code   RO         1415    i.USB_EnableGlobalInt  stm32f4xx_ll_usb.o
    0x08003090   0x00000020   Code   RO         1416    i.USB_FlushRxFifo   stm32f4xx_ll_usb.o
    0x080030b0   0x00000024   Code   RO         1417    i.USB_FlushTxFifo   stm32f4xx_ll_usb.o
    0x080030d4   0x0000003c   Code   RO         1419    i.USB_GetDevSpeed   stm32f4xx_ll_usb.o
    0x08003110   0x00000008   Code   RO         1421    i.USB_GetMode       stm32f4xx_ll_usb.o
    0x08003118   0x0000000e   Code   RO         1428    i.USB_ReadDevAllInEpInterrupt  stm32f4xx_ll_usb.o
    0x08003126   0x0000000e   Code   RO         1429    i.USB_ReadDevAllOutEpInterrupt  stm32f4xx_ll_usb.o
    0x08003134   0x0000001e   Code   RO         1430    i.USB_ReadDevInEPInterrupt  stm32f4xx_ll_usb.o
    0x08003152   0x00000010   Code   RO         1431    i.USB_ReadDevOutEPInterrupt  stm32f4xx_ll_usb.o
    0x08003162   0x00000008   Code   RO         1432    i.USB_ReadInterrupts  stm32f4xx_ll_usb.o
    0x0800316a   0x00000020   Code   RO         1433    i.USB_ReadPacket    stm32f4xx_ll_usb.o
    0x0800318a   0x0000002c   Code   RO         1435    i.USB_SetCurrentMode  stm32f4xx_ll_usb.o
    0x080031b6   0x00000022   Code   RO         1436    i.USB_SetDevAddress  stm32f4xx_ll_usb.o
    0x080031d8   0x00000028   Code   RO         1440    i.USB_WritePacket   stm32f4xx_ll_usb.o
    0x08003200   0x00000002   Code   RO         1743    i._Error_Handler    main.o
    0x08003202   0x00000002   PAD
    0x08003204   0x00000028   Code   RO         2846    i.__0sprintf        mc_w.l(printfa.o)
    0x0800322c   0x0000000e   Code   RO         2950    i.__scatterload_copy  mc_w.l(handlers.o)
    0x0800323a   0x00000002   Code   RO         2951    i.__scatterload_null  mc_w.l(handlers.o)
    0x0800323c   0x0000000e   Code   RO         2952    i.__scatterload_zeroinit  mc_w.l(handlers.o)
    0x0800324a   0x00000002   PAD
    0x0800324c   0x00000184   Code   RO         2851    i._fp_digits        mc_w.l(printfa.o)
    0x080033d0   0x000006dc   Code   RO         2852    i._printf_core      mc_w.l(printfa.o)
    0x08003aac   0x00000024   Code   RO         2853    i._printf_post_padding  mc_w.l(printfa.o)
    0x08003ad0   0x0000002e   Code   RO         2854    i._printf_pre_padding  mc_w.l(printfa.o)
    0x08003afe   0x0000000a   Code   RO         2856    i._sputc            mc_w.l(printfa.o)
    0x08003b08   0x00000050   Code   RO         2872    i.free              mc_w.l(malloc.o)
    0x08003b58   0x000000d4   Code   RO         1744    i.main              main.o
    0x08003c2c   0x0000006c   Code   RO         2873    i.malloc            mc_w.l(malloc.o)
    0x08003c98   0x0000001e   Code   RO         1746    i.tobinstr          main.o
    0x08003cb6   0x00000002   PAD
    0x08003cb8   0x0000018c   Code   RO         1747    i.writetoawg        main.o
    0x08003e44   0x00000010   Data   RO         1681    .constdata          system_stm32f4xx.o
    0x08003e54   0x00000020   Data   RO         2948    Region$$Table       anon$$obj.o


    Execution Region RW_IRAM1 (Base: 0x20000000, Size: 0x00006a98, Max: 0x00020000, ABSOLUTE, COMPRESSED[0x000000d0])

    Base Addr    Size         Type   Attr      Idx    E Section Name        Object

    0x20000000   0x00000004   Data   RW          752    .data               stm32f4xx_hal.o
    0x20000004   0x00000004   Data   RW         1683    .data               system_stm32f4xx.o
    0x20000008   0x00000013   Data   RW         1750    .data               main.o
    0x2000001b   0x00000001   PAD
    0x2000001c   0x0000001c   Data   RW         1891    .data               usbd_desc.o
    0x20000038   0x00000016   Data   RW         1892    .data               usbd_desc.o
    0x2000004e   0x00000001   Data   RW         1957    .data               usbd_cdc_if.o
    0x2000004f   0x00000001   PAD
    0x20000050   0x00000010   Data   RW         1958    .data               usbd_cdc_if.o
    0x20000060   0x00000001   Data   RW         2242    .data               usbd_ctlreq.o
    0x20000061   0x00000003   PAD
    0x20000064   0x000000db   Data   RW         2314    .data               usbd_cdc.o
    0x2000013f   0x00000001   PAD
    0x20000140   0x00000038   Data   RW         2315    .data               usbd_cdc.o
    0x20000178   0x00000004   Data   RW         2923    .data               mc_w.l(mvars.o)
    0x2000017c   0x00000004   Data   RW         2924    .data               mc_w.l(mvars.o)
    0x20000180   0x00000040   Zero   RW         1748    .bss                main.o
    0x200001c0   0x00000040   Zero   RW         1749    .bss                main.o
    0x20000200   0x00000200   Zero   RW         1890    .bss                usbd_desc.o
    0x20000400   0x00000080   Zero   RW         1956    .bss                usbd_cdc_if.o
    0x20000480   0x00000224   Zero   RW         2005    .bss                usb_device.o
    0x200006a4   0x000003f0   Zero   RW         2066    .bss                usbd_conf.o
    0x20000a94   0x00000004   PAD
    0x20000a98   0x00002000   Zero   RW         2225    HEAP                startup_stm32f407xx.o
    0x20002a98   0x00004000   Zero   RW         2224    STACK               startup_stm32f407xx.o


==============================================================================

Image component sizes


      Code (inc. data)   RO Data    RW Data    ZI Data      Debug   Object Name

       980         56          0         19        128      10971   main.o
        36          8        392          0      24576        792   startup_stm32f407xx.o
       148         22          0          4          0       4351   stm32f4xx_hal.o
       228         14          0          0          0      32053   stm32f4xx_hal_cortex.o
       452         44          0          0          0       3047   stm32f4xx_hal_gpio.o
        88          0          0          0          0        514   stm32f4xx_hal_msp.o
      2156         72          0          0          0      11209   stm32f4xx_hal_pcd.o
        76          0          0          0          0       1816   stm32f4xx_hal_pcd_ex.o
         0          0          0          0          0     633184   stm32f4xx_hal_pwr.o
      1292         48          0          0          0       4418   stm32f4xx_hal_rcc.o
        30          6          0          0          0       1805   stm32f4xx_it.o
      2420         56          0          0          0      20104   stm32f4xx_ll_usb.o
        84         18         16          4          0       1123   system_stm32f4xx.o
        56         18          0          0        548        700   usb_device.o
       590         22          0        275          0      12926   usbd_cdc.o
       160         30          0         17        128       3348   usbd_cdc_if.o
       706         36          0          0       1008      14234   usbd_conf.o
       626          0          0          0          0      11830   usbd_core.o
       986         30          0          1          0       7900   usbd_ctlreq.o
       212        116          0         50        512       5051   usbd_desc.o
       132          0          0          0          0       4436   usbd_ioreq.o

    ----------------------------------------------------------------------
     11478        596        440        376      26904     785812   Object Totals
         0          0         32          0          0          0   (incl. Generated)
        20          0          0          6          4          0   (incl. Padding)

    ----------------------------------------------------------------------

      Code (inc. data)   RO Data    RW Data    ZI Data      Debug   Library Member Name

        86          0          0          0          0          0   __dczerorl2.o
         0          0          0          0          0          0   entry.o
         0          0          0          0          0          0   entry10a.o
         0          0          0          0          0          0   entry11a.o
         8          4          0          0          0          0   entry2.o
         4          0          0          0          0          0   entry5.o
         0          0          0          0          0          0   entry7b.o
         0          0          0          0          0          0   entry8b.o
         8          4          0          0          0          0   entry9a.o
        30          0          0          0          0          0   handlers.o
        36          8          0          0          0         68   init.o
         0          0          0          0          0          0   iusefp.o
        30          0          0          0          0         68   llshl.o
        36          0          0          0          0         68   llsshr.o
        32          0          0          0          0         68   llushr.o
       188         20          0          0          0        160   malloc.o
        36          0          0          0          0         68   memcpya.o
        36          0          0          0          0        108   memseta.o
         0          0          0          8          0          0   mvars.o
      2276         86          0          0          0        520   printfa.o
        14          0          0          0          0         68   strlen.o
        44          0          0          0          0         80   uidiv.o
        98          0          0          0          0         92   uldiv.o
        48          0          0          0          0         68   cdrcmple.o
       334          0          0          0          0        148   dadd.o
       222          0          0          0          0        100   ddiv.o
       186          0          0          0          0        176   depilogue.o
        48          0          0          0          0         68   dfixul.o
       228          0          0          0          0         96   dmul.o
        38          0          0          0          0         68   f2d.o

    ----------------------------------------------------------------------
      4070        122          0          8          0       2092   Library Totals
         4          0          0          0          0          0   (incl. Padding)

    ----------------------------------------------------------------------

      Code (inc. data)   RO Data    RW Data    ZI Data      Debug   Library Name

      2962        122          0          8          0       1368   mc_w.l
      1104          0          0          0          0        724   mf_w.l

    ----------------------------------------------------------------------
      4070        122          0          8          0       2092   Library Totals

    ----------------------------------------------------------------------

==============================================================================


      Code (inc. data)   RO Data    RW Data    ZI Data      Debug   

     15548        718        440        384      26904     772196   Grand Totals
     15548        718        440        208      26904     772196   ELF Image Totals (compressed)
     15548        718        440        208          0          0   ROM Totals

==============================================================================

    Total RO  Size (Code + RO Data)                15988 (  15.61kB)
    Total RW  Size (RW Data + ZI Data)             27288 (  26.65kB)
    Total ROM Size (Code + RO Data + RW Data)      16196 (  15.82kB)

==============================================================================

